--------- beginning of main
07-13 16:53:14.701  5796 10969 I NetworkScheduler.Stats: Task com.google.android.gms/com.google.android.gms.auth.account.be.legacy.AuthCronService started execution. cause:4 exec_start_elapsed_seconds: 1356 [CONTEXT service_id=218 ]
07-13 16:53:14.724 10763 10777 W libc    : Access denied finding property "persist.adb.tls_server.enable"
07-13 16:53:14.720 10763 10763 W binder:10763_1: type=1400 audit(0.0:340): avc: denied { read } for name="u:object_r:system_adbd_prop:s0" dev="tmpfs" ino=260 scontext=u:r:gmscore_app:s0:c512,c768 tcontext=u:object_r:system_adbd_prop:s0 tclass=file permissive=0 app=com.google.android.gms
07-13 16:53:14.748  5796  5825 W GmsUrlRequestImpl: Content-Type header is overwritten.
07-13 16:53:14.750   302 11123 I resolv  : GetAddrInfoHandler::run: {100 786532 100 983140 10111 0}
07-13 16:53:14.750   302 11124 I resolv  : res_nmkquery: (QUERY, IN, AAAA)
07-13 16:53:14.750   302 11125 I resolv  : res_nmkquery: (QUERY, IN, A)
07-13 16:53:14.750   302 11125 I resolv  : resolv_cache_lookup: FOUND IN CACHE entry=0xb400007c72eda290
07-13 16:53:14.750   302 11125 I resolv  : doQuery: rcode=0, ancount=16, return value=296
07-13 16:53:14.777   302 11124 I resolv  : res_nsend: used send_dg 40 terrno: 0
07-13 16:53:14.777   302 11124 I resolv  : doQuery: rcode=0, ancount=0, return value=40
07-13 16:53:14.778  5796  6061 D TrafficStats: tagSocket(188) with statsTag=0x401, statsUid=10111
07-13 16:53:14.781  5796  6061 D TrafficStats: tagSocket(196) with statsTag=0x401, statsUid=10111
07-13 16:53:15.245  5796  5825 W GLSUser : [AppCertManager] Exception while requesting key: 
07-13 16:53:15.245  5796  5825 W GLSUser : java.util.concurrent.ExecutionException: avvw: Parse Proto Exception.
07-13 16:53:15.245  5796  5825 W GLSUser : 	at dlnv.s(:com.google.android.gms@231818044@23.18.18 (190400-535401451):3)
07-13 16:53:15.245  5796  5825 W GLSUser : 	at dlnv.get(:com.google.android.gms@231818044@23.18.18 (190400-535401451):7)
07-13 16:53:15.245  5796  5825 W GLSUser : 	at oub.b(:com.google.android.gms@231818044@23.18.18 (190400-535401451):78)
07-13 16:53:15.245  5796  5825 W GLSUser : 	at otz.b(:com.google.android.gms@231818044@23.18.18 (190400-535401451):4)
07-13 16:53:15.245  5796  5825 W GLSUser : 	at otu.a(:com.google.android.gms@231818044@23.18.18 (190400-535401451):0)
07-13 16:53:15.245  5796  5825 W GLSUser : 	at otx.a(:com.google.android.gms@231818044@23.18.18 (190400-535401451):6)
07-13 16:53:15.245  5796  5825 W GLSUser : 	at lzq.call(:com.google.android.gms@231818044@23.18.18 (190400-535401451):14)
07-13 16:53:15.245  5796  5825 W GLSUser : 	at java.util.concurrent.FutureTask.run(FutureTask.java:264)
07-13 16:53:15.245  5796  5825 W GLSUser : 	at aced.c(:com.google.android.gms@231818044@23.18.18 (190400-535401451):6)
07-13 16:53:15.245  5796  5825 W GLSUser : 	at aced.run(:com.google.android.gms@231818044@23.18.18 (190400-535401451):7)
07-13 16:53:15.245  5796  5825 W GLSUser : 	at java.util.concurrent.ThreadPoolExecutor.runWorker(ThreadPoolExecutor.java:1137)
07-13 16:53:15.245  5796  5825 W GLSUser : 	at java.util.concurrent.ThreadPoolExecutor$Worker.run(ThreadPoolExecutor.java:637)
07-13 16:53:15.245  5796  5825 W GLSUser : 	at acjn.run(:com.google.android.gms@231818044@23.18.18 (190400-535401451):0)
07-13 16:53:15.245  5796  5825 W GLSUser : 	at java.lang.Thread.run(Thread.java:1012)
07-13 16:53:15.245  5796  5825 W GLSUser : Caused by: avvw: Parse Proto Exception.
07-13 16:53:15.245  5796  5825 W GLSUser : 	at avwn.f(:com.google.android.gms@231818044@23.18.18 (190400-535401451):5)
07-13 16:53:15.245  5796  5825 W GLSUser : 	at avxk.onSucceeded(:com.google.android.gms@231818044@23.18.18 (190400-535401451):0)
07-13 16:53:15.245  5796  5825 W GLSUser : 	at jf.onSucceeded(:com.google.android.gms.dynamite_cronetdynamite@231818044@23.18.18 (190400-0):0)
07-13 16:53:15.245  5796  5825 W GLSUser : 	at ie.run(:com.google.android.gms.dynamite_cronetdynamite@231818044@23.18.18 (190400-0):4)
07-13 16:53:15.245  5796  5825 W GLSUser : 	... 6 more
07-13 16:53:15.245  5796  5825 W GLSUser : Caused by: dzfz: Protocol message contained an invalid tag (zero).
07-13 16:53:15.245  5796  5825 W GLSUser : 	at dzdb.k(:com.google.android.gms@231818044@23.18.18 (190400-535401451):13)
07-13 16:53:15.245  5796  5825 W GLSUser : 	at dzha.c(:com.google.android.gms@231818044@23.18.18 (190400-535401451):47)
07-13 16:53:15.245  5796  5825 W GLSUser : 	at dzha.h(:com.google.android.gms@231818044@23.18.18 (190400-535401451):45)
07-13 16:53:15.245  5796  5825 W GLSUser : 	at dzfd.A(:com.google.android.gms@231818044@23.18.18 (190400-535401451):2)
07-13 16:53:15.245  5796  5825 W GLSUser : 	at dzex.f(:com.google.android.gms@231818044@23.18.18 (190400-535401451):0)
07-13 16:53:15.245  5796  5825 W GLSUser : 	at dzcx.d(:com.google.android.gms@231818044@23.18.18 (190400-535401451):0)
07-13 16:53:15.245  5796  5825 W GLSUser : 	at dzcx.c(:com.google.android.gms@231818044@23.18.18 (190400-535401451):0)
07-13 16:53:15.245  5796  5825 W GLSUser : 	at dzcx.n(:com.google.android.gms@231818044@23.18.18 (190400-535401451):0)
07-13 16:53:15.245  5796  5825 W GLSUser : 	at avwn.h(:com.google.android.gms@231818044@23.18.18 (190400-535401451):7)
07-13 16:53:15.245  5796  5825 W GLSUser : 	at avwn.f(:com.google.android.gms@231818044@23.18.18 (190400-535401451):1)
07-13 16:53:15.245  5796  5825 W GLSUser : 	... 9 more
07-13 16:53:15.254  5796 11116 I NetworkScheduler.Stats: Task com.google.android.gms/com.google.android.gms.auth.account.be.legacy.AuthCronService finished executing. cause:4 result: 3 elapsed_millis: 557 uptime_millis: 557 exec_start_elapsed_seconds: 1356 [CONTEXT service_id=218 ]
07-13 16:53:15.275  5796 11121 I NetworkScheduler.Stats: Task com.google.android.gms/com.google.android.gms.checkin.EventLogService started execution. cause:5 exec_start_elapsed_seconds: 1356 [CONTEXT service_id=218 ]
07-13 16:53:15.280 11071 11114 I Checkin : [EventLogChimeraService] Opted in for usage reporting: false
07-13 16:53:15.282 11071 11114 I Checkin : [EventLogChimeraService] Aggregate from 1752442275264 (log), 0 (data)
--------- beginning of kernel
07-13 16:53:15.292   153   153 I logd    : logdr: UID=10111 GID=10111 PID=11071 n tail=0 logMask=4 pid=0 start=0ns deadline=0ns
--------- beginning of system
07-13 16:53:15.296   505  5056 I DropBoxManagerService: add tag=event_data isTagEnabled=true flags=0x2
07-13 16:53:15.296   505   539 W BroadcastQueue: Background execution not allowed: receiving Intent { act=android.intent.action.DROPBOX_ENTRY_ADDED flg=0x10 (has extras) } to com.google.android.gms/.stats.service.DropBoxEntryAddedReceiver
07-13 16:53:15.297   505   539 W BroadcastQueue: Background execution not allowed: receiving Intent { act=android.intent.action.DROPBOX_ENTRY_ADDED flg=0x10 (has extras) } to com.google.android.gms/.chimera.GmsIntentOperationService$PersistentTrustedReceiver
07-13 16:53:15.315  5796 11116 I NetworkScheduler.Stats: Task com.google.android.gms/com.google.android.gms.checkin.EventLogService finished executing. cause:5 result: 1 elapsed_millis: 45 uptime_millis: 45 exec_start_elapsed_seconds: 1356 [CONTEXT service_id=218 ]
07-13 16:53:17.515 11071 11071 D BoundBrokerSvc: onUnbind: Intent { act=com.google.android.gms.safetynet.service.START pkg=com.google.android.gms }
07-13 16:53:18.157   505  3527 D CompatibilityChangeReporter: Compat change id reported: 171306433; UID 10111; state: ENABLED
07-13 16:53:18.157   505  3527 D CompatibilityChangeReporter: Compat change id reported: 218533173; UID 10111; state: ENABLED
07-13 16:53:22.211   153   153 I logd    : logdr: UID=2000 GID=2000 PID=11135 b tail=0 logMask=99 pid=0 start=0ns deadline=0ns
07-13 16:53:25.185   833   896 D EGL_emulation: app_time_stats: avg=25145.48ms min=25145.48ms max=25145.48ms count=1
07-13 16:53:26.649   505  5056 W AppOps  : Noting op not finished: uid 10111 pkg com.google.android.gms code 113 startTime of in progress event=1752442286005
07-13 16:53:26.653   505  3527 W AppOps  : Noting op not finished: uid 10111 pkg com.google.android.gms code 113 startTime of in progress event=1752442286005
07-13 16:53:32.477 11071 11071 D BoundBrokerSvc: onBind: Intent { act=com.google.android.gms.safetynet.service.START pkg=com.google.android.gms }
07-13 16:53:32.477 11071 11071 D BoundBrokerSvc: Loading bound service for intent: Intent { act=com.google.android.gms.safetynet.service.START pkg=com.google.android.gms }
07-13 16:53:32.949   505   815 D androidtc: Initializing SystemTextClassifier, type = System
07-13 16:53:32.950   505   815 E ClipboardService: Denying clipboard access to com.android.chrome, application is not in focus nor is it a system service for user 0
07-13 16:53:32.951  1727  1727 I AiAiTextClassifier: onCreateTextClassificationSession = TextClassificationSessionId {2d0d4e6d-9ae2-4f6a-b7f5-c7f5f9409b6a}
07-13 16:53:32.952   833   833 I ClipboardListener: Clipboard overlay suppressed.
07-13 16:53:32.952  1727  2415 I AiAiTextClassifier: Initialize textClassifierLib, privileged changed = [true], TC null = [false]
07-13 16:53:32.952  1727  2228 I AiAiTranslate: C2T - not in a conversation
07-13 16:53:32.957  1727  2359 I AiAiTextClassifier: GenerateLinks did not find valid links, returning empty result
07-13 16:53:32.958  1727  2359 I AiAiTextClassifier: Initialize textClassifierLib, privileged changed = [true], TC null = [false]
07-13 16:53:32.958  1727  2359 I AiAiTextClassifier: GenerateLinks did not find valid links, returning empty result
07-13 16:53:32.959   505   816 E ClipboardService: Denying clipboard access to com.android.chrome, application is not in focus nor is it a system service for user 0
07-13 16:53:32.960   833   833 I ClipboardListener: Clipboard overlay suppressed.
07-13 16:53:35.888  1090  1090 D TaplEvents: Main / Touch event: MotionEvent { action=ACTION_DOWN, actionButton=0, id[0]=0, x[0]=402.07324, y[0]=56.922363, toolType[0]=TOOL_TYPE_FINGER, buttonState=0, classification=NONE, metaState=0, flags=0x0, edgeFlags=0x0, pointerCount=1, historySize=0, eventTime=1377202, downTime=1377202, deviceId=3, source=0x5002, displayId=0, eventId=277935567 }
07-13 16:53:35.889  1090  1090 D TaplEvents: TIS / TouchInteractionService.onInputEvent: MotionEvent { action=ACTION_DOWN, actionButton=0, id[0]=0, x[0]=402.07324, y[0]=1838.9224, toolType[0]=TOOL_TYPE_FINGER, buttonState=0, classification=NONE, metaState=0, flags=0x0, edgeFlags=0x0, pointerCount=1, historySize=0, eventTime=1377202, downTime=1377202, deviceId=3, source=0x5002, displayId=0, eventId=277935567 }
07-13 16:53:35.910  1090  1872 D EGL_emulation: app_time_stats: avg=9236.46ms min=1.02ms max=295079.66ms count=32
07-13 16:53:35.981  1090  1090 D TaplEvents: Main / Touch event: MotionEvent { action=ACTION_UP, actionButton=0, id[0]=0, x[0]=402.07324, y[0]=56.922363, toolType[0]=TOOL_TYPE_FINGER, buttonState=0, classification=NONE, metaState=0, flags=0x0, edgeFlags=0x0, pointerCount=1, historySize=0, eventTime=1377297, downTime=1377202, deviceId=3, source=0x5002, displayId=0, eventId=397561737 }
07-13 16:53:35.981  1090  1090 D TaplEvents: TIS / TouchInteractionService.onInputEvent: MotionEvent { action=ACTION_UP, actionButton=0, id[0]=0, x[0]=402.07324, y[0]=1838.9224, toolType[0]=TOOL_TYPE_FINGER, buttonState=0, classification=NONE, metaState=0, flags=0x0, edgeFlags=0x0, pointerCount=1, historySize=0, eventTime=1377297, downTime=1377202, deviceId=3, source=0x5002, displayId=0, eventId=397561737 }
07-13 16:53:35.985  1090  1872 W Parcel  : Expecting binder but got null!
07-13 16:53:36.018   341   469 D AudioFlinger: mixer(0xb400007417d729a0) throttle end: throttle time(36)
07-13 16:53:36.022   505   903 D CoreBackPreview: Window{3e505e0 u0 Taskbar Overlay}: Setting back callback OnBackInvokedCallbackInfo{mCallback=android.window.IOnBackInvokedCallback$Stub$Proxy@a6e205b, mPriority=0}
07-13 16:53:36.028   344   384 W TransactionTracing: Could not find layer handle 0xb400007a05e7b0f0
07-13 16:53:36.029   344   384 W TransactionTracing: Could not find layer handle 0xb400007a05e77970
07-13 16:53:36.036  1090  1872 E OpenGLRenderer: Unable to match the desired swap behavior.
07-13 16:53:36.051  1576  1576 I GoogleInputMethodService: GoogleInputMethodService.onFinishInput():3227 
07-13 16:53:36.051  1576  1576 I GoogleInputMethodService: GoogleInputMethodService.updateDeviceLockedStatus():2087 repeatCheckTimes = 0, unlocked = true
07-13 16:53:36.052  1576  1576 I GoogleInputMethodService: GoogleInputMethodService.onStartInput():1877 onStartInput(EditorInfo{inputType=0x0(NULL) imeOptions=0x0 privateImeOptions=null actionName=UNSPECIFIED actionLabel=null actionId=0 initialSelStart=-1 initialSelEnd=-1 initialCapsMode=0x0 hintText=null label=null packageName=com.google.android.apps.nexuslauncher fieldId=-1 fieldName=null extras=null}, false)
07-13 16:53:36.052  1576  1576 I GoogleInputMethodService: GoogleInputMethodService.shouldHideHeaderOnInitialState():4008 ShouldHideHeaderOnInitialState = false
07-13 16:53:36.052  1576  1576 I GoogleInputMethodService: GoogleInputMethodService.updateDeviceLockedStatus():2087 repeatCheckTimes = 2, unlocked = true
07-13 16:53:36.063   344   384 W TransactionTracing: Could not find layer handle 0xb400007a05e795f0
07-13 16:53:36.068  1248  1338 D EGL_emulation: app_time_stats: avg=5149.62ms min=0.72ms max=272552.78ms count=53
07-13 16:53:37.487  1090  1090 D TaplEvents: Main / Touch event: MotionEvent { action=ACTION_DOWN, actionButton=0, id[0]=0, x[0]=798.0194, y[0]=1273.9175, toolType[0]=TOOL_TYPE_FINGER, buttonState=0, classification=NONE, metaState=0, flags=0x0, edgeFlags=0x0, pointerCount=1, historySize=0, eventTime=1378802, downTime=1378802, deviceId=3, source=0x5002, displayId=0, eventId=14691128 }
07-13 16:53:37.487  1090  1090 D TaplEvents: TIS / TouchInteractionService.onInputEvent: MotionEvent { action=ACTION_DOWN, actionButton=0, id[0]=0, x[0]=798.0194, y[0]=1273.9175, toolType[0]=TOOL_TYPE_FINGER, buttonState=0, classification=NONE, metaState=0, flags=0x0, edgeFlags=0x0, pointerCount=1, historySize=0, eventTime=1378802, downTime=1378802, deviceId=3, source=0x5002, displayId=0, eventId=14691128 }
07-13 16:53:37.582  1090  1090 D TaplEvents: Main / Touch event: MotionEvent { action=ACTION_UP, actionButton=0, id[0]=0, x[0]=798.0194, y[0]=1273.9175, toolType[0]=TOOL_TYPE_FINGER, buttonState=0, classification=NONE, metaState=0, flags=0x0, edgeFlags=0x0, pointerCount=1, historySize=0, eventTime=1378898, downTime=1378802, deviceId=3, source=0x5002, displayId=0, eventId=305923631 }
07-13 16:53:37.582  1090  1090 D TaplEvents: TIS / TouchInteractionService.onInputEvent: MotionEvent { action=ACTION_UP, actionButton=0, id[0]=0, x[0]=798.0194, y[0]=1273.9175, toolType[0]=TOOL_TYPE_FINGER, buttonState=0, classification=NONE, metaState=0, flags=0x0, edgeFlags=0x0, pointerCount=1, historySize=0, eventTime=1378898, downTime=1378802, deviceId=3, source=0x5002, displayId=0, eventId=305923631 }
07-13 16:53:37.599  1090  1872 D EGL_emulation: app_time_stats: avg=50.19ms min=7.66ms max=1067.24ms count=31
07-13 16:53:37.616  1090  1872 D EGL_emulation: app_time_stats: avg=45.99ms min=3.29ms max=1085.60ms count=37
07-13 16:53:37.618  1090  1090 D TaplEvents: Main / start: taskbarAppIcon
07-13 16:53:37.619   505  3527 D CompatibilityChangeReporter: Compat change id reported: 161252188; UID 10174; state: DISABLED
07-13 16:53:37.619   505  3527 I ActivityTaskManager: START u0 {act=android.intent.action.MAIN cat=[android.intent.category.LAUNCHER] flg=0x10200000 cmp=com.versenotes.app/.MainActivity} from uid 10150
07-13 16:53:37.619   344   819 I BpBinder: onLastStrongRef automatically unlinking death recipients: <uncached descriptor>
07-13 16:53:37.619   505  3527 D CompatibilityChangeReporter: Compat change id reported: 265464455; UID 10174; state: DISABLED
07-13 16:53:37.620   505  3527 D CompatibilityChangeReporter: Compat change id reported: 265452344; UID 10174; state: DISABLED
07-13 16:53:37.620   505  3527 D CompatibilityChangeReporter: Compat change id reported: 266124927; UID 10174; state: DISABLED
07-13 16:53:37.620   505  3527 D CompatibilityChangeReporter: Compat change id reported: 265451093; UID 10174; state: DISABLED
07-13 16:53:37.620   505  3527 D CompatibilityChangeReporter: Compat change id reported: 265456536; UID 10174; state: DISABLED
07-13 16:53:37.620   505  3527 D CompatibilityChangeReporter: Compat change id reported: 255940284; UID 10174; state: DISABLED
07-13 16:53:37.620   505  3527 D CompatibilityChangeReporter: Compat change id reported: 236283604; UID 10174; state: DISABLED
07-13 16:53:37.620   505  3527 D CompatibilityChangeReporter: Compat change id reported: 263959004; UID 10174; state: DISABLED
07-13 16:53:37.620   505  3527 D CompatibilityChangeReporter: Compat change id reported: 264304459; UID 10174; state: DISABLED
07-13 16:53:37.620   505  3527 D CompatibilityChangeReporter: Compat change id reported: 264301586; UID 10174; state: DISABLED
07-13 16:53:37.620   505  3527 D CompatibilityChangeReporter: Compat change id reported: 254631730; UID 10174; state: DISABLED
07-13 16:53:37.620   505  3527 D CompatibilityChangeReporter: Compat change id reported: 273509367; UID 10174; state: DISABLED
07-13 16:53:37.620   505  3527 D CompatibilityChangeReporter: Compat change id reported: 263259275; UID 10174; state: DISABLED
07-13 16:53:37.620   505  3527 D CompatibilityChangeReporter: Compat change id reported: 194480991; UID 10174; state: ENABLED
07-13 16:53:37.621   505  3527 D CompatibilityChangeReporter: Compat change id reported: 174042980; UID 10174; state: DISABLED
07-13 16:53:37.622   505  3527 D CompatibilityChangeReporter: Compat change id reported: 184838306; UID 10174; state: DISABLED
07-13 16:53:37.622   505  3527 D CompatibilityChangeReporter: Compat change id reported: 185004937; UID 10174; state: DISABLED
07-13 16:53:37.622   505  3527 D CompatibilityChangeReporter: Compat change id reported: 181136395; UID 10174; state: DISABLED
07-13 16:53:37.622   505  3527 D CompatibilityChangeReporter: Compat change id reported: 174042936; UID 10174; state: DISABLED
07-13 16:53:37.623   505  3527 D CompatibilityChangeReporter: Compat change id reported: 197654537; UID 10174; state: ENABLED
07-13 16:53:37.623   505  3527 D CompatibilityChangeReporter: Compat change id reported: 205907456; UID 10174; state: ENABLED
07-13 16:53:37.624   341   469 D AudioFlinger: mixer(0xb400007417d729a0) throttle end: throttle time(34)
07-13 16:53:37.627   505  3527 D CompatibilityChangeReporter: Compat change id reported: 194833441; UID 10174; state: ENABLED
07-13 16:53:37.628   833   896 W Parcel  : Expecting binder but got null!
07-13 16:53:37.630   833   886 D SplashScreenView: Build android.window.SplashScreenView{7de3a19 V.E...... ......ID 0,0-0,0}
07-13 16:53:37.630   833   886 D SplashScreenView: Icon: view: android.widget.ImageView{7a88ade V.ED..... ......I. 0,0-0,0 #10204dd android:id/splashscreen_icon_view} drawable: com.android.wm.shell.startingsurface.SplashscreenIconDrawableFactory$ImmobileIconDrawable@2c6f4bf size: 240
07-13 16:53:37.630   833   886 D SplashScreenView: Branding: view: android.view.View{802978c G.ED..... ......I. 0,0-0,0 #10204dc android:id/splashscreen_branding_view} drawable: null size w: 0 h: 0
07-13 16:53:37.636   505  3527 D CompatibilityChangeReporter: Compat change id reported: 168419799; UID 10174; state: DISABLED
07-13 16:53:37.636   505  3527 D CompatibilityChangeReporter: Compat change id reported: 273564678; UID 10174; state: DISABLED
07-13 16:53:37.637   505   529 D CompatibilityChangeReporter: Compat change id reported: 135634846; UID 10174; state: DISABLED
07-13 16:53:37.637   505   529 D CompatibilityChangeReporter: Compat change id reported: 177438394; UID 10174; state: DISABLED
07-13 16:53:37.637   505   529 D CompatibilityChangeReporter: Compat change id reported: 135772972; UID 10174; state: DISABLED
07-13 16:53:37.637   505   529 D CompatibilityChangeReporter: Compat change id reported: 135754954; UID 10174; state: ENABLED
07-13 16:53:37.637   505   903 D CoreBackPreview: Window{49f3209 u0 Splash Screen com.versenotes.app}: Setting back callback OnBackInvokedCallbackInfo{mCallback=android.window.IOnBackInvokedCallback$Stub$Proxy@2b6243c, mPriority=0}
07-13 16:53:37.638   505   540 D CompatibilityChangeReporter: Compat change id reported: 143937733; UID 10174; state: ENABLED
07-13 16:53:37.645   303   303 D Zygote  : Forked child process 11147
07-13 16:53:37.646   505   540 I ActivityManager: Start proc 11147:com.versenotes.app/u0a174 for next-top-activity {com.versenotes.app/com.versenotes.app.MainActivity}
07-13 16:53:37.649   833   896 E OpenGLRenderer: Unable to match the desired swap behavior.
07-13 16:53:37.651 11147 11147 I .versenotes.app: Using CollectorTypeCC GC.
07-13 16:53:37.664   378   393 I adbd    : jdwp connection from 11147
07-13 16:53:37.672 11147 11147 D CompatibilityChangeReporter: Compat change id reported: 171979766; UID 10174; state: ENABLED
07-13 16:53:37.677 11147 11147 D nativeloader: Configuring classloader-namespace for other apk /data/app/~~0ZQquQxthUd5DLsu3j2KSw==/com.versenotes.app-SjVwFk9JUSKhwGBrtEpwVw==/base.apk. target_sdk_version=35, uses_libraries=, library_path=/data/app/~~0ZQquQxthUd5DLsu3j2KSw==/com.versenotes.app-SjVwFk9JUSKhwGBrtEpwVw==/lib/arm64:/data/app/~~0ZQquQxthUd5DLsu3j2KSw==/com.versenotes.app-SjVwFk9JUSKhwGBrtEpwVw==/base.apk!/lib/arm64-v8a, permitted_path=/data:/mnt/expand:/data/user/0/com.versenotes.app
07-13 16:53:37.716 11147 11147 V GraphicsEnvironment: ANGLE Developer option for 'com.versenotes.app' set to: 'default'
07-13 16:53:37.716 11147 11147 V GraphicsEnvironment: ANGLE GameManagerService for com.versenotes.app: false
07-13 16:53:37.716 11147 11147 V GraphicsEnvironment: Neither updatable production driver nor prerelease driver is supported.
07-13 16:53:37.718 11147 11147 D NetworkSecurityConfig: No Network Security Config specified, using platform default
07-13 16:53:37.718 11147 11147 D NetworkSecurityConfig: No Network Security Config specified, using platform default
07-13 16:53:37.731 11147 11147 W SoLoader: Initializing SoLoader: 0
07-13 16:53:37.732 11147 11147 W SoLoader: Recording new base apk path: /data/app/~~0ZQquQxthUd5DLsu3j2KSw==/com.versenotes.app-SjVwFk9JUSKhwGBrtEpwVw==/base.apk
07-13 16:53:37.732 11147 11147 W SoLoader: Previously recorded 0 base apk paths.
07-13 16:53:37.732 11147 11147 I SoLoader: Preparing SO source: DirectorySoSource[root = /vendor/lib64 flags = 2]
07-13 16:53:37.732 11147 11147 I SoLoader: Preparing SO source: DirectorySoSource[root = /system/lib64 flags = 2]
07-13 16:53:37.732 11147 11147 I SoLoader: Preparing SO source: DirectApkSoSource[root = [/data/app/~~0ZQquQxthUd5DLsu3j2KSw==/com.versenotes.app-SjVwFk9JUSKhwGBrtEpwVw==/base.apk!/lib/arm64-v8a]]
07-13 16:53:37.733 11147 11147 I SoLoader: Preparing SO source: ApplicationSoSource[DirectorySoSource[root = /data/app/~~0ZQquQxthUd5DLsu3j2KSw==/com.versenotes.app-SjVwFk9JUSKhwGBrtEpwVw==/lib/arm64 flags = 0]]
07-13 16:53:37.733 11147 11147 I SoLoader: init finish: 4 SO sources prepared
07-13 16:53:37.733 11147 11147 W SoLoader: SoLoader initialized: 8
07-13 16:53:37.738 11147 11147 D jni_lib_merge: Entering merged library JNI_OnLoad.
07-13 16:53:37.738 11147 11147 D jni_lib_merge: Preparing 11 pre-merged libs (including stub)
07-13 16:53:37.738 11147 11147 D jni_lib_merge: Preparing to register libfabricjni_so.  onload_func: 0x70f79edda0
07-13 16:53:37.738 11147 11147 D jni_lib_merge: Preparing to register libreact_devsupportjni_so.  onload_func: 0x70f7abf9ec
07-13 16:53:37.738 11147 11147 D jni_lib_merge: Preparing to register libreact_featureflagsjni_so.  onload_func: 0x70f7ac7c88
07-13 16:53:37.738 11147 11147 D jni_lib_merge: Preparing to register libreact_newarchdefaults_so.  onload_func: 0x70f7aebc70
07-13 16:53:37.738 11147 11147 D jni_lib_merge: Preparing to register libreactnativeblob_so.  onload_func: 0x70f7b72ac4
07-13 16:53:37.738 11147 11147 D jni_lib_merge: Preparing to register libreactnativejni_so.  onload_func: 0x70f7b90aac
07-13 16:53:37.738 11147 11147 D jni_lib_merge: Preparing to register librninstance_so.  onload_func: 0x70f7baa238
07-13 16:53:37.738 11147 11147 D jni_lib_merge: Preparing to register libturbomodulejsijni_so.  onload_func: 0x70f7c24e60
07-13 16:53:37.738 11147 11147 D jni_lib_merge: Preparing to register libuimanagerjni_so.  onload_func: 0x70f7c2c378
07-13 16:53:37.738 11147 11147 D jni_lib_merge: Preparing to register libyoga_so.  onload_func: 0x70f7c317cc
07-13 16:53:37.738 11147 11147 D jni_lib_merge: About to register 10 actual methods.
07-13 16:53:37.740 11147 11147 D jni_lib_merge: Entering merged library JNI_OnLoad.
07-13 16:53:37.740 11147 11147 D jni_lib_merge: Preparing 11 pre-merged libs (including stub)
07-13 16:53:37.740 11147 11147 D jni_lib_merge: Preparing to register libfabricjni_so.  onload_func: 0x70f79edda0
07-13 16:53:37.740 11147 11147 D jni_lib_merge: Preparing to register libreact_devsupportjni_so.  onload_func: 0x70f7abf9ec
07-13 16:53:37.740 11147 11147 D jni_lib_merge: Preparing to register libreact_featureflagsjni_so.  onload_func: 0x70f7ac7c88
07-13 16:53:37.740 11147 11147 D jni_lib_merge: Preparing to register libreact_newarchdefaults_so.  onload_func: 0x70f7aebc70
07-13 16:53:37.740 11147 11147 D jni_lib_merge: Preparing to register libreactnativeblob_so.  onload_func: 0x70f7b72ac4
07-13 16:53:37.740 11147 11147 D jni_lib_merge: Preparing to register libreactnativejni_so.  onload_func: 0x70f7b90aac
07-13 16:53:37.740 11147 11147 D jni_lib_merge: Preparing to register librninstance_so.  onload_func: 0x70f7baa238
07-13 16:53:37.740 11147 11147 D jni_lib_merge: Preparing to register libturbomodulejsijni_so.  onload_func: 0x70f7c24e60
07-13 16:53:37.740 11147 11147 D jni_lib_merge: Preparing to register libuimanagerjni_so.  onload_func: 0x70f7c2c378
07-13 16:53:37.740 11147 11147 D jni_lib_merge: Preparing to register libyoga_so.  onload_func: 0x70f7c317cc
07-13 16:53:37.740 11147 11147 D jni_lib_merge: About to register 10 actual methods.
07-13 16:53:37.741 11147 11147 D jni_lib_merge: Entering merged library JNI_OnLoad.
07-13 16:53:37.741 11147 11147 D jni_lib_merge: Preparing 11 pre-merged libs (including stub)
07-13 16:53:37.741 11147 11147 D jni_lib_merge: Preparing to register libfabricjni_so.  onload_func: 0x70f79edda0
07-13 16:53:37.741 11147 11147 D jni_lib_merge: Preparing to register libreact_devsupportjni_so.  onload_func: 0x70f7abf9ec
07-13 16:53:37.741 11147 11147 D jni_lib_merge: Preparing to register libreact_featureflagsjni_so.  onload_func: 0x70f7ac7c88
07-13 16:53:37.741 11147 11147 D jni_lib_merge: Preparing to register libreact_newarchdefaults_so.  onload_func: 0x70f7aebc70
07-13 16:53:37.741 11147 11147 D jni_lib_merge: Preparing to register libreactnativeblob_so.  onload_func: 0x70f7b72ac4
07-13 16:53:37.741 11147 11147 D jni_lib_merge: Preparing to register libreactnativejni_so.  onload_func: 0x70f7b90aac
07-13 16:53:37.741 11147 11147 D jni_lib_merge: Preparing to register librninstance_so.  onload_func: 0x70f7baa238
07-13 16:53:37.741 11147 11147 D jni_lib_merge: Preparing to register libturbomodulejsijni_so.  onload_func: 0x70f7c24e60
07-13 16:53:37.741 11147 11147 D jni_lib_merge: Preparing to register libuimanagerjni_so.  onload_func: 0x70f7c2c378
07-13 16:53:37.741 11147 11147 D jni_lib_merge: Preparing to register libyoga_so.  onload_func: 0x70f7c317cc
07-13 16:53:37.741 11147 11147 D jni_lib_merge: About to register 10 actual methods.
07-13 16:53:37.747 11147 11168 D libEGL  : loaded /vendor/lib64/egl/libEGL_emulation.so
07-13 16:53:37.750 11147 11147 D AppCompatDelegate: Checking for metadata for AppLocalesMetadataHolderService : Service not found
07-13 16:53:37.751 11147 11168 D libEGL  : loaded /vendor/lib64/egl/libGLESv1_CM_emulation.so
07-13 16:53:37.752 11147 11168 D libEGL  : loaded /vendor/lib64/egl/libGLESv2_emulation.so
07-13 16:53:37.765 11147 11147 W unknown:BridgelessReact: ReactHost{0}.startSurface(surfaceId = 0): Schedule
07-13 16:53:37.765 11147 11147 W unknown:BridgelessReact: ReactHost{0}.attachSurface(surfaceId = 0)
07-13 16:53:37.765 11147 11171 W unknown:BridgelessReact: ReactHost{0}.getOrCreateReactInstanceTask()
07-13 16:53:37.765 11147 11171 W unknown:BridgelessReact: ReactHost{0}.getOrCreateReactInstanceTask(): Start
07-13 16:53:37.765 11147 11171 W unknown:BridgelessReact: ReactHost{0}.getJSBundleLoader()
07-13 16:53:37.765 11147 11171 W unknown:BridgelessReact: ReactHost{0}.getOrCreateReactContext(): Creating BridgelessReactContext
07-13 16:53:37.765 11147 11171 W unknown:BridgelessReact: ReactHost{0}.getOrCreateReactInstanceTask(): Creating ReactInstance
07-13 16:53:37.769 11147 11147 W unknown:BridgelessReact: ReactHost{0}.onHostResume(activity)
07-13 16:53:37.770 11147 11147 W unknown:BridgelessReact: ReactContext.onHostResume()
07-13 16:53:37.770 11147 11171 D jni_lib_merge: Entering merged library JNI_OnLoad.
07-13 16:53:37.770 11147 11171 D jni_lib_merge: Preparing 4 pre-merged libs (including stub)
07-13 16:53:37.770 11147 11171 D jni_lib_merge: Preparing to register libhermes_executor_so.  onload_func: 0x70f7d2811c
07-13 16:53:37.770 11147 11171 D jni_lib_merge: Preparing to register libhermesinstancejni_so.  onload_func: 0x70f7d2fa58
07-13 16:53:37.770 11147 11171 D jni_lib_merge: Preparing to register libjsijniprofiler_so.  onload_func: 0x70f7d30114
07-13 16:53:37.770 11147 11171 D jni_lib_merge: About to register 3 actual methods.
07-13 16:53:37.772 11147 11147 D CompatibilityChangeReporter: Compat change id reported: 237531167; UID 10174; state: DISABLED
07-13 16:53:37.774 11147 11166 W Parcel  : Expecting binder but got null!
07-13 16:53:37.776   505  3229 D CoreBackPreview: Window{d94ad96 u0 com.versenotes.app/com.versenotes.app.MainActivity}: Setting back callback OnBackInvokedCallbackInfo{mCallback=android.window.IOnBackInvokedCallback$Stub$Proxy@b2f8504, mPriority=0}
07-13 16:53:37.786 11147 11166 D HostConnection: HostComposition ext ANDROID_EMU_CHECKSUM_HELPER_v1 ANDROID_EMU_native_sync_v2 ANDROID_EMU_native_sync_v3 ANDROID_EMU_native_sync_v4 ANDROID_EMU_dma_v1 ANDROID_EMU_direct_mem ANDROID_EMU_host_composition_v1 ANDROID_EMU_host_composition_v2 ANDROID_EMU_vulkan ANDROID_EMU_deferred_vulkan_commands ANDROID_EMU_vulkan_null_optional_strings ANDROID_EMU_vulkan_create_resources_with_requirements ANDROID_EMU_YUV_Cache ANDROID_EMU_vulkan_ignored_handles ANDROID_EMU_has_shared_slots_host_memory_allocator ANDROID_EMU_vulkan_free_memory_sync ANDROID_EMU_vulkan_shader_float16_int8 ANDROID_EMU_vulkan_async_queue_submit ANDROID_EMU_vulkan_queue_submit_with_commands ANDROID_EMU_sync_buffer_data ANDROID_EMU_vulkan_async_qsri ANDROID_EMU_read_color_buffer_dma ANDROID_EMU_hwc_multi_configs GL_OES_EGL_image_external_essl3 GL_OES_vertex_array_object ANDROID_EMU_host_side_tracing ANDROID_EMU_gles_max_version_3_0 
07-13 16:53:37.787 11147 11166 W OpenGLRenderer: Failed to choose config with EGL_SWAP_BEHAVIOR_PRESERVED, retrying without...
07-13 16:53:37.787 11147 11166 W OpenGLRenderer: Failed to initialize 101010-2 format, error = EGL_SUCCESS
07-13 16:53:37.788 11147 11166 D EGL_emulation: eglCreateContext: 0xb40000720a126710: maj 3 min 0 rcv 3
07-13 16:53:37.789 11147 11166 D EGL_emulation: eglMakeCurrent: 0xb40000720a126710: ver 3 0 (tinfo 0x742953d080) (first time)
07-13 16:53:37.794   148   148 I hwservicemanager: getTransport: Cannot find entry android.hardware.graphics.mapper@4.0::IMapper/default in either framework or device VINTF manifest.
07-13 16:53:37.796 11147 11166 I Gralloc4: mapper 4.x is not supported
07-13 16:53:37.798   148   148 I hwservicemanager: getTransport: Cannot find entry android.hardware.graphics.allocator@4.0::IAllocator/default in either framework or device VINTF manifest.
07-13 16:53:37.799   146   146 I servicemanager: Could not find android.hardware.graphics.allocator.IAllocator/default in the VINTF manifest.
07-13 16:53:37.799 11147 11166 W Gralloc4: allocator 4.x is not supported
07-13 16:53:37.801 11147 11166 D HostConnection: HostComposition ext ANDROID_EMU_CHECKSUM_HELPER_v1 ANDROID_EMU_native_sync_v2 ANDROID_EMU_native_sync_v3 ANDROID_EMU_native_sync_v4 ANDROID_EMU_dma_v1 ANDROID_EMU_direct_mem ANDROID_EMU_host_composition_v1 ANDROID_EMU_host_composition_v2 ANDROID_EMU_vulkan ANDROID_EMU_deferred_vulkan_commands ANDROID_EMU_vulkan_null_optional_strings ANDROID_EMU_vulkan_create_resources_with_requirements ANDROID_EMU_YUV_Cache ANDROID_EMU_vulkan_ignored_handles ANDROID_EMU_has_shared_slots_host_memory_allocator ANDROID_EMU_vulkan_free_memory_sync ANDROID_EMU_vulkan_shader_float16_int8 ANDROID_EMU_vulkan_async_queue_submit ANDROID_EMU_vulkan_queue_submit_with_commands ANDROID_EMU_sync_buffer_data ANDROID_EMU_vulkan_async_qsri ANDROID_EMU_read_color_buffer_dma ANDROID_EMU_hwc_multi_configs GL_OES_EGL_image_external_essl3 GL_OES_vertex_array_object ANDROID_EMU_host_side_tracing ANDROID_EMU_gles_max_version_3_0 
07-13 16:53:37.802 11147 11166 E OpenGLRenderer: Unable to match the desired swap behavior.
07-13 16:53:37.821   505   526 I ActivityTaskManager: Displayed com.versenotes.app/.MainActivity: +201ms
07-13 16:53:37.827 11147 11171 I ExpoModulesCore: ✅ AppContext was initialized
07-13 16:53:37.831 11147 11171 W ReactNativeJNI: Component property map contains multiple entries for 'borderColor'. Ensure all calls to convertRawProp use a consistent prefix, name and suffix.
07-13 16:53:37.831 11147 11171 W ReactNativeJNI: Component property map contains multiple entries for 'borderStyle'. Ensure all calls to convertRawProp use a consistent prefix, name and suffix.
07-13 16:53:37.831 11147 11171 W ReactNativeJNI: Component property map contains multiple entries for 'borderRadius'. Ensure all calls to convertRawProp use a consistent prefix, name and suffix.
07-13 16:53:37.831 11147 11171 W ReactNativeJNI: Component property map contains multiple entries for 'borderEndColor'. Ensure all calls to convertRawProp use a consistent prefix, name and suffix.
07-13 16:53:37.831 11147 11171 W ReactNativeJNI: Component property map contains multiple entries for 'borderTopColor'. Ensure all calls to convertRawProp use a consistent prefix, name and suffix.
07-13 16:53:37.831 11147 11171 W ReactNativeJNI: Component property map contains multiple entries for 'borderLeftColor'. Ensure all calls to convertRawProp use a consistent prefix, name and suffix.
07-13 16:53:37.831 11147 11171 W ReactNativeJNI: Component property map contains multiple entries for 'borderBlockColor'. Ensure all calls to convertRawProp use a consistent prefix, name and suffix.
07-13 16:53:37.831 11147 11171 W ReactNativeJNI: Component property map contains multiple entries for 'borderRightColor'. Ensure all calls to convertRawProp use a consistent prefix, name and suffix.
07-13 16:53:37.831 11147 11171 W ReactNativeJNI: Component property map contains multiple entries for 'borderStartColor'. Ensure all calls to convertRawProp use a consistent prefix, name and suffix.
07-13 16:53:37.831 11147 11171 W ReactNativeJNI: Component property map contains multiple entries for 'borderBottomColor'. Ensure all calls to convertRawProp use a consistent prefix, name and suffix.
07-13 16:53:37.831 11147 11171 W ReactNativeJNI: Component property map contains multiple entries for 'borderEndEndRadius'. Ensure all calls to convertRawProp use a consistent prefix, name and suffix.
07-13 16:53:37.831 11147 11171 W ReactNativeJNI: Component property map contains multiple entries for 'borderTopEndRadius'. Ensure all calls to convertRawProp use a consistent prefix, name and suffix.
07-13 16:53:37.831 11147 11171 W ReactNativeJNI: Component property map contains multiple entries for 'borderBlockEndColor'. Ensure all calls to convertRawProp use a consistent prefix, name and suffix.
07-13 16:53:37.831 11147 11171 W ReactNativeJNI: Component property map contains multiple entries for 'borderTopLeftRadius'. Ensure all calls to convertRawProp use a consistent prefix, name and suffix.
07-13 16:53:37.831 11147 11171 W ReactNativeJNI: Component property map contains multiple entries for 'borderEndStartRadius'. Ensure all calls to convertRawProp use a consistent prefix, name and suffix.
07-13 16:53:37.831 11147 11171 W ReactNativeJNI: Component property map contains multiple entries for 'borderStartEndRadius'. Ensure all calls to convertRawProp use a consistent prefix, name and suffix.
07-13 16:53:37.831 11147 11171 W ReactNativeJNI: Component property map contains multiple entries for 'borderTopRightRadius'. Ensure all calls to convertRawProp use a consistent prefix, name and suffix.
07-13 16:53:37.831 11147 11171 W ReactNativeJNI: Component property map contains multiple entries for 'borderTopStartRadius'. Ensure all calls to convertRawProp use a consistent prefix, name and suffix.
07-13 16:53:37.831 11147 11171 W ReactNativeJNI: Component property map contains multiple entries for 'borderBlockStartColor'. Ensure all calls to convertRawProp use a consistent prefix, name and suffix.
07-13 16:53:37.831 11147 11171 W ReactNativeJNI: Component property map contains multiple entries for 'borderBottomEndRadius'. Ensure all calls to convertRawProp use a consistent prefix, name and suffix.
07-13 16:53:37.831 11147 11171 W ReactNativeJNI: Component property map contains multiple entries for 'borderBottomLeftRadius'. Ensure all calls to convertRawProp use a consistent prefix, name and suffix.
07-13 16:53:37.831 11147 11171 W ReactNativeJNI: Component property map contains multiple entries for 'borderStartStartRadius'. Ensure all calls to convertRawProp use a consistent prefix, name and suffix.
07-13 16:53:37.831 11147 11171 W ReactNativeJNI: Component property map contains multiple entries for 'borderBottomRightRadius'. Ensure all calls to convertRawProp use a consistent prefix, name and suffix.
07-13 16:53:37.831 11147 11171 W ReactNativeJNI: Component property map contains multiple entries for 'borderBottomStartRadius'. Ensure all calls to convertRawProp use a consistent prefix, name and suffix.
07-13 16:53:37.839 11147 11171 W unknown:BridgelessReact: ReactHost{0}.getOrCreateReactInstanceTask(): Loading JS Bundle
07-13 16:53:37.840 11147 11171 W unknown:BridgelessReact: ReactHost{0}.getOrCreateReactInstanceTask(): Calling DevSupportManagerBase.onNewReactContextCreated(reactContext)
07-13 16:53:37.840 11147 11171 W unknown:BridgelessReact: ReactHost{0}.startSurface(surfaceId = 0): Execute
07-13 16:53:37.841 11147 11147 W unknown:BridgelessReact: ReactContext.onHostResume()
07-13 16:53:37.841 11147 11147 W unknown:BridgelessReact: ReactHost{0}.getOrCreateReactInstanceTask(): Executing ReactInstanceEventListeners
07-13 16:53:37.849   833   896 D EGL_emulation: app_time_stats: avg=12663.45ms min=12663.45ms max=12663.45ms count=1
07-13 16:53:37.851 11147 11172 D CompatibilityChangeReporter: Compat change id reported: 210923482; UID 10174; state: ENABLED
07-13 16:53:37.852 11147 11172 W unknown:ViewManagerPropertyUpdater: Could not find generated setter for class com.th3rdwave.safeareacontext.SafeAreaProviderManager
07-13 16:53:37.853 11147 11172 W unknown:ViewManagerPropertyUpdater: Could not find generated setter for class com.facebook.react.uimanager.LayoutShadowNode
07-13 16:53:37.853 11147 11172 W unknown:ViewManagerPropertyUpdater: Could not find generated setter for class com.swmansion.rnscreens.SearchBarManager
07-13 16:53:37.854 11147 11172 W unknown:ViewManagerPropertyUpdater: Could not find generated setter for class com.swmansion.rnscreens.ScreenFooterManager
07-13 16:53:37.854 11147 11172 W unknown:ViewManagerPropertyUpdater: Could not find generated setter for class com.th3rdwave.safeareacontext.SafeAreaViewManager
07-13 16:53:37.854 11147 11172 W unknown:ViewManagerPropertyUpdater: Could not find generated setter for class com.th3rdwave.safeareacontext.SafeAreaViewShadowNode
07-13 16:53:37.854 11147 11172 W unknown:ViewManagerPropertyUpdater: Could not find generated setter for class com.swmansion.rnscreens.ScreenViewManager
07-13 16:53:37.855 11147 11172 W unknown:ViewManagerPropertyUpdater: Could not find generated setter for class com.swmansion.rnscreens.ScreenContainerViewManager
07-13 16:53:37.855 11147 11172 W unknown:ViewManagerPropertyUpdater: Could not find generated setter for class com.reactnativecommunity.webview.RNCWebViewManager
07-13 16:53:37.856 11147 11172 W unknown:ViewManagerPropertyUpdater: Could not find generated setter for class com.swmansion.rnscreens.ModalScreenViewManager
07-13 16:53:37.856 11147 11172 W unknown:ViewManagerPropertyUpdater: Could not find generated setter for class com.swmansion.rnscreens.ScreenStackHeaderSubviewManager
07-13 16:53:37.856 11147 11172 W unknown:ViewManagerPropertyUpdater: Could not find generated setter for class com.swmansion.rnscreens.ScreenStackViewManager
07-13 16:53:37.856 11147 11172 W unknown:ViewManagerPropertyUpdater: Could not find generated setter for class com.swmansion.rnscreens.ScreenStackHeaderConfigViewManager
07-13 16:53:37.856 11147 11172 W unknown:ViewManagerPropertyUpdater: Could not find generated setter for class com.swmansion.rnscreens.ScreenContentWrapperManager
07-13 16:53:37.860 11147 11172 W unknown:ViewManagerPropertyUpdater: Could not find generated setter for class com.horcrux.svg.RenderableViewManager$DefsViewManager
07-13 16:53:37.860 11147 11172 W unknown:ViewManagerPropertyUpdater: Could not find generated setter for class com.horcrux.svg.VirtualViewManager$RenderableShadowNode
07-13 16:53:37.860 11147 11172 W unknown:ViewManagerPropertyUpdater: Could not find generated setter for class com.horcrux.svg.RenderableViewManager$FeMergeManager
07-13 16:53:37.861 11147 11172 W unknown:ViewManagerPropertyUpdater: Could not find generated setter for class com.facebook.react.views.safeareaview.ReactSafeAreaViewManager
07-13 16:53:37.863 11147 11172 W unknown:ViewManagerPropertyUpdater: Could not find generated setter for class com.facebook.react.views.safeareaview.ReactSafeAreaViewShadowNode
07-13 16:53:37.863 11147 11172 W unknown:ViewManagerPropertyUpdater: Could not find generated setter for class com.horcrux.svg.RenderableViewManager$LinearGradientManager
07-13 16:53:37.864 11147 11172 W unknown:ViewManagerPropertyUpdater: Could not find generated setter for class com.horcrux.svg.RenderableViewManager$FeGaussianBlurManager
07-13 16:53:37.864 11147 11172 W unknown:ViewManagerPropertyUpdater: Could not find generated setter for class com.facebook.react.views.progressbar.ReactProgressBarViewManager
07-13 16:53:37.865 11147 11172 W unknown:ViewManagerPropertyUpdater: Could not find generated setter for class com.facebook.react.views.progressbar.ProgressBarShadowNode
07-13 16:53:37.865 11147 11172 W unknown:ViewManagerPropertyUpdater: Could not find generated setter for class com.facebook.react.views.scroll.ReactHorizontalScrollViewManager
07-13 16:53:37.866 11147 11172 W unknown:ViewManagerPropertyUpdater: Could not find generated setter for class com.facebook.react.views.text.ReactTextViewManager
07-13 16:53:37.866 11147 11172 W unknown:ViewManagerPropertyUpdater: Could not find generated setter for class com.facebook.react.views.text.ReactTextShadowNode
07-13 16:53:37.866 11147 11172 W unknown:ViewManagerPropertyUpdater: Could not find generated setter for class com.horcrux.svg.RenderableViewManager$FeColorMatrixManager
07-13 16:53:37.867 11147 11172 W unknown:ViewManagerPropertyUpdater: Could not find generated setter for class com.facebook.react.views.scroll.ReactHorizontalScrollContainerViewManager
07-13 16:53:37.867 11147 11172 W unknown:ViewManagerPropertyUpdater: Could not find generated setter for class com.horcrux.svg.RenderableViewManager$ClipPathViewManager
07-13 16:53:37.868 11147 11172 W unknown:ViewManagerPropertyUpdater: Could not find generated setter for class com.horcrux.svg.RenderableViewManager$SymbolManager
07-13 16:53:37.869 11147 11172 W unknown:ViewManagerPropertyUpdater: Could not find generated setter for class com.horcrux.svg.RenderableViewManager$PatternManager
07-13 16:53:37.870 11147 11172 W unknown:ViewManagerPropertyUpdater: Could not find generated setter for class com.horcrux.svg.RenderableViewManager$FeBlendManager
07-13 16:53:37.870 11147 11172 W unknown:ViewManagerPropertyUpdater: Could not find generated setter for class com.facebook.react.views.view.ReactViewManager
07-13 16:53:37.871 11147 11172 W unknown:ViewManagerPropertyUpdater: Could not find generated setter for class com.horcrux.svg.SvgViewManager
07-13 16:53:37.871 11147 11172 W unknown:ViewManagerPropertyUpdater: Could not find generated setter for class com.facebook.react.views.switchview.ReactSwitchManager
07-13 16:53:37.872 11147 11172 W unknown:ViewManagerPropertyUpdater: Could not find generated setter for class com.facebook.react.views.switchview.ReactSwitchShadowNode
07-13 16:53:37.872 11147 11172 W unknown:ViewManagerPropertyUpdater: Could not find generated setter for class com.horcrux.svg.RenderableViewManager$UseViewManager
07-13 16:53:37.872 11147 11172 W unknown:ViewManagerPropertyUpdater: Could not find generated setter for class com.horcrux.svg.RenderableViewManager$CircleViewManager
07-13 16:53:37.873 11147 11172 W unknown:ViewManagerPropertyUpdater: Could not find generated setter for class com.horcrux.svg.RenderableViewManager$TSpanViewManager
07-13 16:53:37.874 11147 11172 W unknown:ViewManagerPropertyUpdater: Could not find generated setter for class com.horcrux.svg.RenderableViewManager$FilterManager
07-13 16:53:37.874 11147 11172 W unknown:ViewManagerPropertyUpdater: Could not find generated setter for class com.horcrux.svg.RenderableViewManager$MarkerManager
07-13 16:53:37.875 11147 11172 W unknown:ViewManagerPropertyUpdater: Could not find generated setter for class com.facebook.react.views.modal.ReactModalHostManager
07-13 16:53:37.875 11147 11172 W unknown:ViewManagerPropertyUpdater: Could not find generated setter for class com.horcrux.svg.RenderableViewManager$ForeignObjectManager
07-13 16:53:37.876 11147 11172 W unknown:ViewManagerPropertyUpdater: Could not find generated setter for class com.horcrux.svg.RenderableViewManager$EllipseViewManager
07-13 16:53:37.876 11147 11172 W unknown:ViewManagerPropertyUpdater: Could not find generated setter for class com.horcrux.svg.RenderableViewManager$LineViewManager
07-13 16:53:37.877 11147 11172 W unknown:ViewManagerPropertyUpdater: Could not find generated setter for class com.facebook.react.views.text.frescosupport.FrescoBasedReactTextInlineImageViewManager
07-13 16:53:37.877 11147 11172 W unknown:ViewManagerPropertyUpdater: Could not find generated setter for class com.facebook.react.views.text.frescosupport.FrescoBasedReactTextInlineImageShadowNode
07-13 16:53:37.878 11147 11172 W unknown:ViewManagerPropertyUpdater: Could not find generated setter for class com.horcrux.svg.RenderableViewManager$FeFloodManager
07-13 16:53:37.880 11147 11172 W unknown:ViewManagerPropertyUpdater: Could not find generated setter for class com.horcrux.svg.RenderableViewManager$GroupViewManager
07-13 16:53:37.880 11147 11172 W unknown:ViewManagerPropertyUpdater: Could not find generated setter for class com.horcrux.svg.RenderableViewManager$TextViewManager
07-13 16:53:37.881 11147 11172 W unknown:ViewManagerPropertyUpdater: Could not find generated setter for class com.horcrux.svg.RenderableViewManager$ImageViewManager
07-13 16:53:37.882 11147 11172 W unknown:ViewManagerPropertyUpdater: Could not find generated setter for class com.horcrux.svg.RenderableViewManager$FeCompositeManager
07-13 16:53:37.882 11147 11172 W unknown:ViewManagerPropertyUpdater: Could not find generated setter for class com.facebook.react.views.image.ReactImageManager
07-13 16:53:37.883 11147 11172 W unknown:ViewManagerPropertyUpdater: Could not find generated setter for class com.horcrux.svg.RenderableViewManager$RadialGradientManager
07-13 16:53:37.884 11147 11172 W unknown:ViewManagerPropertyUpdater: Could not find generated setter for class com.horcrux.svg.RenderableViewManager$MaskManager
07-13 16:53:37.884 11147 11172 W unknown:ViewManagerPropertyUpdater: Could not find generated setter for class com.facebook.react.views.unimplementedview.ReactUnimplementedViewManager
07-13 16:53:37.885 11147 11172 W unknown:ViewManagerPropertyUpdater: Could not find generated setter for class com.horcrux.svg.RenderableViewManager$RectViewManager
07-13 16:53:37.885 11147 11172 W unknown:ViewManagerPropertyUpdater: Could not find generated setter for class com.horcrux.svg.RenderableViewManager$TextPathViewManager
07-13 16:53:37.886 11147 11172 W unknown:ViewManagerPropertyUpdater: Could not find generated setter for class com.facebook.react.views.scroll.ReactScrollViewManager
07-13 16:53:37.887 11147 11172 W unknown:ViewManagerPropertyUpdater: Could not find generated setter for class com.horcrux.svg.RenderableViewManager$FeOffsetManager
07-13 16:53:37.888 11147 11172 W unknown:ViewManagerPropertyUpdater: Could not find generated setter for class com.horcrux.svg.RenderableViewManager$PathViewManager
07-13 16:53:37.888 11147 11172 W unknown:ViewManagerPropertyUpdater: Could not find generated setter for class com.facebook.react.views.drawer.ReactDrawerLayoutManager
07-13 16:53:37.889 11147 11172 W unknown:ViewManagerPropertyUpdater: Could not find generated setter for class com.facebook.react.views.text.ReactVirtualTextViewManager
07-13 16:53:37.889 11147 11172 W unknown:ViewManagerPropertyUpdater: Could not find generated setter for class com.facebook.react.views.text.ReactVirtualTextShadowNode
07-13 16:53:37.889 11147 11172 W unknown:ViewManagerPropertyUpdater: Could not find generated setter for class com.facebook.react.views.swiperefresh.SwipeRefreshLayoutManager
07-13 16:53:37.890 11147 11172 W unknown:ViewManagerPropertyUpdater: Could not find generated setter for class com.facebook.react.views.text.ReactRawTextManager
