07-13 17:41:39.067   505  1910 W Binder  : Caught a RuntimeException from the binder stub implementation.
07-13 17:41:39.067   505  1910 W Binder  : java.lang.ArrayIndexOutOfBoundsException: Array index out of range: 0
07-13 17:41:39.067   505  1910 W Binder  : 	at android.util.ArraySet.valueAt(ArraySet.java:422)
07-13 17:41:39.067   505  1910 W Binder  : 	at com.android.server.contentcapture.ContentCapturePerUserService$ContentCaptureServiceRemoteCallback.updateContentCaptureOptions(ContentCapturePerUserService.java:733)
07-13 17:41:39.067   505  1910 W Binder  : 	at com.android.server.contentcapture.ContentCapturePerUserService$ContentCaptureServiceRemoteCallback.setContentCaptureWhitelist(ContentCapturePerUserService.java:646)
07-13 17:41:39.067   505  1910 W Binder  : 	at android.service.contentcapture.IContentCaptureServiceCallback$Stub.onTransact(IContentCaptureServiceCallback.java:115)
07-13 17:41:39.067   505  1910 W Binder  : 	at android.os.Binder.execTransactInternal(Binder.java:1285)
07-13 17:41:39.067   505  1910 W Binder  : 	at android.os.Binder.execTransact(Binder.java:1244)
07-13 17:41:39.068   505  1910 W Binder  : Caught a RuntimeException from the binder stub implementation.
07-13 17:41:39.068   505  1910 W Binder  : java.lang.ArrayIndexOutOfBoundsException: Array index out of range: 0
07-13 17:41:39.068   505  1910 W Binder  : 	at android.util.ArraySet.valueAt(ArraySet.java:422)
07-13 17:41:39.068   505  1910 W Binder  : 	at com.android.server.contentcapture.ContentCapturePerUserService$ContentCaptureServiceRemoteCallback.updateContentCaptureOptions(ContentCapturePerUserService.java:733)
07-13 17:41:39.068   505  1910 W Binder  : 	at com.android.server.contentcapture.ContentCapturePerUserService$ContentCaptureServiceRemoteCallback.setContentCaptureWhitelist(ContentCapturePerUserService.java:646)
07-13 17:41:39.068   505  1910 W Binder  : 	at android.service.contentcapture.IContentCaptureServiceCallback$Stub.onTransact(IContentCaptureServiceCallback.java:115)
07-13 17:41:39.068   505  1910 W Binder  : 	at android.os.Binder.execTransactInternal(Binder.java:1285)
07-13 17:41:39.068   505  1910 W Binder  : 	at android.os.Binder.execTransact(Binder.java:1244)
07-13 17:41:39.068   505  1910 W Binder  : Caught a RuntimeException from the binder stub implementation.
07-13 17:41:39.068   505  1910 W Binder  : java.lang.ArrayIndexOutOfBoundsException: Array index out of range: 0
07-13 17:41:39.068   505  1910 W Binder  : 	at android.util.ArraySet.valueAt(ArraySet.java:422)
07-13 17:41:39.068   505  1910 W Binder  : 	at com.android.server.contentcapture.ContentCapturePerUserService$ContentCaptureServiceRemoteCallback.updateContentCaptureOptions(ContentCapturePerUserService.java:733)
07-13 17:41:39.068   505  1910 W Binder  : 	at com.android.server.contentcapture.ContentCapturePerUserService$ContentCaptureServiceRemoteCallback.setContentCaptureWhitelist(ContentCapturePerUserService.java:646)
07-13 17:41:39.068   505  1910 W Binder  : 	at android.service.contentcapture.IContentCaptureServiceCallback$Stub.onTransact(IContentCaptureServiceCallback.java:115)
07-13 17:41:39.068   505  1910 W Binder  : 	at android.os.Binder.execTransactInternal(Binder.java:1285)
07-13 17:41:39.068   505  1910 W Binder  : 	at android.os.Binder.execTransact(Binder.java:1244)
07-13 17:41:39.072 12382 12435 W .apps.wellbeing: Accessing hidden field Ljava/util/Collections$SynchronizedCollection;->mutex:Ljava/lang/Object; (max-target-o, reflection, denied)
07-13 17:41:39.072 12382 12435 W .apps.wellbeing: Accessing hidden method Ljava/util/Collections$SynchronizedSet;-><init>(Ljava/util/Set;Ljava/lang/Object;)V (max-target-o, reflection, denied)
07-13 17:41:39.072 12382 12435 W .apps.wellbeing: Accessing hidden method Ljava/util/Collections$SynchronizedCollection;-><init>(Ljava/util/Collection;Ljava/lang/Object;)V (max-target-o, reflection, denied)
07-13 17:41:39.073 12382 12382 I izy     : SslGuard completed installation.
07-13 17:41:39.074  5796  5805 I .gms.persistent: Background concurrent copying GC freed 153283(7007KB) AllocSpace objects, 6(480KB) LOS objects, 49% free, 13MB/27MB, paused 272us,7us total 238.484ms
07-13 17:41:39.094   344   384 W TransactionTracing: Could not find layer id -1
07-13 17:41:39.095   344   384 W TransactionTracing: Could not find layer id -1
07-13 17:41:39.095   344   384 W TransactionTracing: Could not find layer id -1
07-13 17:41:39.095   344   384 W TransactionTracing: Could not find layer id -1
07-13 17:41:39.095   344   384 W TransactionTracing: Could not find layer id -1
07-13 17:41:39.097 11071 11103 I Icing   : IndexChimeraService.getServiceInterface callingPackage=com.google.android.gms componentName=AppsCorpus serviceId=36
07-13 17:41:39.102 11071 11071 D BoundBrokerSvc: onBind: Intent { act=com.google.android.gms.feedback.internal.IFeedbackService dat=chimera-action:/... cmp=com.google.android.gms/.chimera.GmsBoundBrokerService }
07-13 17:41:39.102 11071 11071 D BoundBrokerSvc: Loading bound service for intent: Intent { act=com.google.android.gms.feedback.internal.IFeedbackService dat=chimera-action:/... cmp=com.google.android.gms/.chimera.GmsBoundBrokerService }
07-13 17:41:39.111 11071 11103 I Icing   : IndexChimeraService.getServiceInterface callingPackage=com.google.android.gms componentName=null serviceId=30
07-13 17:41:39.122   505  1209 D CompatibilityChangeReporter: Compat change id reported: 161252188; UID 10138; state: DISABLED
07-13 17:41:39.127 11071 11114 I Icing   : Usage reports ok 8, Failed Usage reports 0, indexed 0, rejected 0
07-13 17:41:39.128 12382 12398 W DynamiteModule: Local module descriptor class for com.google.android.gms.googlecertificates not found.
07-13 17:41:39.131 12382 12398 W ziparchive: Unable to open '/data/user_de/0/com.google.android.gms/app_chimera/m/00000002/DynamiteLoader.dm': No such file or directory
07-13 17:41:39.131 12382 12398 W ziparchive: Unable to open '/data/user_de/0/com.google.android.gms/app_chimera/m/00000002/DynamiteLoader.dm': No such file or directory
07-13 17:41:39.133 12382 12398 I DynamiteModule: Considering local module com.google.android.gms.googlecertificates:0 and remote module com.google.android.gms.googlecertificates:7
07-13 17:41:39.134 12382 12398 I DynamiteModule: Selected remote version of com.google.android.gms.googlecertificates, version >= 7
07-13 17:41:39.135   505  1209 D CompatibilityChangeReporter: Compat change id reported: 161145287; UID 10107; state: DISABLED
07-13 17:41:39.140 12382 12398 W ziparchive: Unable to open '/data/user_de/0/com.google.android.gms/app_chimera/m/00000005/GoogleCertificates.dm': No such file or directory
07-13 17:41:39.140 12382 12398 W ziparchive: Unable to open '/data/user_de/0/com.google.android.gms/app_chimera/m/00000005/GoogleCertificates.dm': No such file or directory
07-13 17:41:39.145   505  1209 E AppOps  : Bad call made by uid 10107. Package "com.google.android.gms" does not belong to uid 10107.
07-13 17:41:39.145 11071 11114 I Icing   : Usage reports ok 0, Failed Usage reports 0, indexed 0, rejected 0
07-13 17:41:39.148   505  1209 E AppOps  : Bad call made by uid 10107. Package "com.google.android.gms" does not belong to uid 10107.
07-13 17:41:39.149   505   559 E VerityUtils: Failed to measure fs-verity, errno 1: /data/app/~~AbMroxV818CLXWQB66XSMg==/com.versenotes.app-EgrmF_QMBWQJb-JyB63uMQ==/base.apk
07-13 17:41:39.152   505  1209 E AppOps  : Bad call made by uid 10107. Package "com.google.android.gms" does not belong to uid 10107.
07-13 17:41:39.158 11071 11114 I Icing   : Indexing com.google.android.gms-apps from com.google.android.gms
07-13 17:41:39.162 11071 11114 I Icing   : Indexing done com.google.android.gms-apps
07-13 17:41:39.267 12382 12443 D CompatibilityChangeReporter: Compat change id reported: 160794467; UID 10107; state: ENABLED
07-13 17:41:39.298  1090  1872 D EGL_emulation: app_time_stats: avg=1099.64ms min=11.69ms max=19516.73ms count=18
07-13 17:41:40.576 11919 11936 D EGL_emulation: app_time_stats: avg=180.11ms min=8.57ms max=1496.08ms count=9
07-13 17:41:40.846   344   384 W TransactionTracing: Could not find layer id -1
07-13 17:41:41.052  1090  1090 D TaplEvents: TIS / TouchInteractionService.onInputEvent: MotionEvent { action=ACTION_DOWN, actionButton=0, id[0]=0, x[0]=1116.0275, y[0]=982.95996, toolType[0]=TOOL_TYPE_FINGER, buttonState=0, classification=NONE, metaState=0, flags=0x0, edgeFlags=0x0, pointerCount=1, historySize=0, eventTime=4262367, downTime=4262367, deviceId=3, source=0x5002, displayId=0, eventId=180312682 }
07-13 17:41:41.053 11919 11919 D AutofillManager: Fill dialog is enabled:false, hints=[password, passwordAuto, creditCardNumber, creditCardSecurityCode, creditCardExpirationDate]
07-13 17:41:41.164  1090  1090 D TaplEvents: TIS / TouchInteractionService.onInputEvent: MotionEvent { action=ACTION_UP, actionButton=0, id[0]=0, x[0]=1116.0275, y[0]=982.95996, toolType[0]=TOOL_TYPE_FINGER, buttonState=0, classification=NONE, metaState=0, flags=0x0, edgeFlags=0x0, pointerCount=1, historySize=0, eventTime=4262480, downTime=4262367, deviceId=3, source=0x5002, displayId=0, eventId=207423723 }
07-13 17:41:41.184   505  1209 I ActivityTaskManager: START u0 {act=android.intent.action.MAIN cat=[android.intent.category.LAUNCHER] flg=0x10000000 pkg=com.versenotes.app cmp=com.versenotes.app/.MainActivity} from uid 10079
07-13 17:41:41.188   505  1209 D CompatibilityChangeReporter: Compat change id reported: 184838306; UID 10174; state: DISABLED
07-13 17:41:41.188   505  1209 D CompatibilityChangeReporter: Compat change id reported: 185004937; UID 10174; state: DISABLED
07-13 17:41:41.190   505  1209 D CompatibilityChangeReporter: Compat change id reported: 205907456; UID 10174; state: ENABLED
07-13 17:41:41.193   505   529 D CompatibilityChangeReporter: Compat change id reported: 135634846; UID 10174; state: DISABLED
07-13 17:41:41.193   505   529 D CompatibilityChangeReporter: Compat change id reported: 177438394; UID 10174; state: DISABLED
07-13 17:41:41.194   505   529 D CompatibilityChangeReporter: Compat change id reported: 135772972; UID 10174; state: DISABLED
07-13 17:41:41.194   505   529 D CompatibilityChangeReporter: Compat change id reported: 135754954; UID 10174; state: ENABLED
07-13 17:41:41.194   505   540 D CompatibilityChangeReporter: Compat change id reported: 143937733; UID 10174; state: ENABLED
07-13 17:41:41.202   303   303 D Zygote  : Forked child process 12445
07-13 17:41:41.203   505   540 I ActivityManager: Start proc 12445:com.versenotes.app/u0a174 for next-top-activity {com.versenotes.app/com.versenotes.app.MainActivity}
07-13 17:41:41.204   833   896 W Parcel  : Expecting binder but got null!
07-13 17:41:41.205   833   886 D SplashScreenView: Build android.window.SplashScreenView{50c9c58 V.E...... ......ID 0,0-0,0}
07-13 17:41:41.205   833   886 D SplashScreenView: Icon: view: null drawable: null size: 0
07-13 17:41:41.205   833   886 D SplashScreenView: Branding: view: android.view.View{21191b1 G.ED..... ......I. 0,0-0,0 #10204dc android:id/splashscreen_branding_view} drawable: null size w: 0 h: 0
07-13 17:41:41.206   505  2229 D CoreBackPreview: Window{b05abf1 u0 Splash Screen com.versenotes.app}: Setting back callback OnBackInvokedCallbackInfo{mCallback=android.window.IOnBackInvokedCallback$Stub$Proxy@3209657, mPriority=0}
07-13 17:41:41.210 12445 12445 I .versenotes.app: Using CollectorTypeCC GC.
07-13 17:41:41.215   378   393 I adbd    : jdwp connection from 12445
07-13 17:41:41.218   833   896 E OpenGLRenderer: Unable to match the desired swap behavior.
07-13 17:41:41.224 12445 12445 D CompatibilityChangeReporter: Compat change id reported: 171979766; UID 10174; state: ENABLED
07-13 17:41:41.228   344   384 W TransactionTracing: Could not find layer id -1
07-13 17:41:41.240 12445 12445 D nativeloader: Configuring classloader-namespace for other apk /data/app/~~AbMroxV818CLXWQB66XSMg==/com.versenotes.app-EgrmF_QMBWQJb-JyB63uMQ==/base.apk. target_sdk_version=35, uses_libraries=, library_path=/data/app/~~AbMroxV818CLXWQB66XSMg==/com.versenotes.app-EgrmF_QMBWQJb-JyB63uMQ==/lib/arm64:/data/app/~~AbMroxV818CLXWQB66XSMg==/com.versenotes.app-EgrmF_QMBWQJb-JyB63uMQ==/base.apk!/lib/arm64-v8a, permitted_path=/data:/mnt/expand:/data/user/0/com.versenotes.app
07-13 17:41:41.245   344   384 W TransactionTracing: Could not find layer id -1
07-13 17:41:41.245   344   384 W TransactionTracing: Could not find layer id -1
07-13 17:41:41.245   344   384 W TransactionTracing: Could not find layer id -1
07-13 17:41:41.245   344   384 W TransactionTracing: Could not find layer id -1
07-13 17:41:41.245   344   384 W TransactionTracing: Could not find layer id -1
07-13 17:41:41.264 12445 12445 V GraphicsEnvironment: ANGLE Developer option for 'com.versenotes.app' set to: 'default'
07-13 17:41:41.264 12445 12445 V GraphicsEnvironment: ANGLE GameManagerService for com.versenotes.app: false
07-13 17:41:41.264 12445 12445 V GraphicsEnvironment: Neither updatable production driver nor prerelease driver is supported.
07-13 17:41:41.266 12445 12445 D NetworkSecurityConfig: No Network Security Config specified, using platform default
07-13 17:41:41.266 12445 12445 D NetworkSecurityConfig: No Network Security Config specified, using platform default
07-13 17:41:41.275 12445 12445 W SoLoader: Initializing SoLoader: 0
07-13 17:41:41.275 12445 12445 W SoLoader: Recording new base apk path: /data/app/~~AbMroxV818CLXWQB66XSMg==/com.versenotes.app-EgrmF_QMBWQJb-JyB63uMQ==/base.apk
07-13 17:41:41.275 12445 12445 W SoLoader: Previously recorded 0 base apk paths.
07-13 17:41:41.275 12445 12445 I SoLoader: Preparing SO source: DirectorySoSource[root = /vendor/lib64 flags = 2]
07-13 17:41:41.276 12445 12445 I SoLoader: Preparing SO source: DirectorySoSource[root = /system/lib64 flags = 2]
07-13 17:41:41.276 12445 12445 I SoLoader: Preparing SO source: DirectApkSoSource[root = [/data/app/~~AbMroxV818CLXWQB66XSMg==/com.versenotes.app-EgrmF_QMBWQJb-JyB63uMQ==/base.apk!/lib/arm64-v8a]]
07-13 17:41:41.277 12445 12445 I SoLoader: Preparing SO source: ApplicationSoSource[DirectorySoSource[root = /data/app/~~AbMroxV818CLXWQB66XSMg==/com.versenotes.app-EgrmF_QMBWQJb-JyB63uMQ==/lib/arm64 flags = 0]]
07-13 17:41:41.277 12445 12445 I SoLoader: init finish: 4 SO sources prepared
07-13 17:41:41.277 12445 12445 W SoLoader: SoLoader initialized: 8
07-13 17:41:41.282 12445 12445 D jni_lib_merge: Entering merged library JNI_OnLoad.
07-13 17:41:41.282 12445 12445 D jni_lib_merge: Preparing 11 pre-merged libs (including stub)
07-13 17:41:41.282 12445 12445 D jni_lib_merge: Preparing to register libfabricjni_so.  onload_func: 0x70f7edbda0
07-13 17:41:41.282 12445 12445 D jni_lib_merge: Preparing to register libreact_devsupportjni_so.  onload_func: 0x70f7fad9ec
07-13 17:41:41.282 12445 12445 D jni_lib_merge: Preparing to register libreact_featureflagsjni_so.  onload_func: 0x70f7fb5c88
07-13 17:41:41.282 12445 12445 D jni_lib_merge: Preparing to register libreact_newarchdefaults_so.  onload_func: 0x70f7fd9c70
07-13 17:41:41.282 12445 12445 D jni_lib_merge: Preparing to register libreactnativeblob_so.  onload_func: 0x70f8060ac4
07-13 17:41:41.282 12445 12445 D jni_lib_merge: Preparing to register libreactnativejni_so.  onload_func: 0x70f807eaac
07-13 17:41:41.282 12445 12445 D jni_lib_merge: Preparing to register librninstance_so.  onload_func: 0x70f8098238
07-13 17:41:41.282 12445 12445 D jni_lib_merge: Preparing to register libturbomodulejsijni_so.  onload_func: 0x70f8112e60
07-13 17:41:41.282 12445 12445 D jni_lib_merge: Preparing to register libuimanagerjni_so.  onload_func: 0x70f811a378
07-13 17:41:41.282 12445 12445 D jni_lib_merge: Preparing to register libyoga_so.  onload_func: 0x70f811f7cc
07-13 17:41:41.282 12445 12445 D jni_lib_merge: About to register 10 actual methods.
07-13 17:41:41.284 12445 12445 D jni_lib_merge: Entering merged library JNI_OnLoad.
07-13 17:41:41.284 12445 12445 D jni_lib_merge: Preparing 11 pre-merged libs (including stub)
07-13 17:41:41.284 12445 12445 D jni_lib_merge: Preparing to register libfabricjni_so.  onload_func: 0x70f7edbda0
07-13 17:41:41.284 12445 12445 D jni_lib_merge: Preparing to register libreact_devsupportjni_so.  onload_func: 0x70f7fad9ec
07-13 17:41:41.284 12445 12445 D jni_lib_merge: Preparing to register libreact_featureflagsjni_so.  onload_func: 0x70f7fb5c88
07-13 17:41:41.284 12445 12445 D jni_lib_merge: Preparing to register libreact_newarchdefaults_so.  onload_func: 0x70f7fd9c70
07-13 17:41:41.284 12445 12445 D jni_lib_merge: Preparing to register libreactnativeblob_so.  onload_func: 0x70f8060ac4
07-13 17:41:41.284 12445 12445 D jni_lib_merge: Preparing to register libreactnativejni_so.  onload_func: 0x70f807eaac
07-13 17:41:41.284 12445 12445 D jni_lib_merge: Preparing to register librninstance_so.  onload_func: 0x70f8098238
07-13 17:41:41.284 12445 12445 D jni_lib_merge: Preparing to register libturbomodulejsijni_so.  onload_func: 0x70f8112e60
07-13 17:41:41.284 12445 12445 D jni_lib_merge: Preparing to register libuimanagerjni_so.  onload_func: 0x70f811a378
07-13 17:41:41.284 12445 12445 D jni_lib_merge: Preparing to register libyoga_so.  onload_func: 0x70f811f7cc
07-13 17:41:41.284 12445 12445 D jni_lib_merge: About to register 10 actual methods.
07-13 17:41:41.284 12445 12445 D jni_lib_merge: Entering merged library JNI_OnLoad.
07-13 17:41:41.284 12445 12445 D jni_lib_merge: Preparing 11 pre-merged libs (including stub)
07-13 17:41:41.284 12445 12445 D jni_lib_merge: Preparing to register libfabricjni_so.  onload_func: 0x70f7edbda0
07-13 17:41:41.284 12445 12445 D jni_lib_merge: Preparing to register libreact_devsupportjni_so.  onload_func: 0x70f7fad9ec
07-13 17:41:41.284 12445 12445 D jni_lib_merge: Preparing to register libreact_featureflagsjni_so.  onload_func: 0x70f7fb5c88
07-13 17:41:41.284 12445 12445 D jni_lib_merge: Preparing to register libreact_newarchdefaults_so.  onload_func: 0x70f7fd9c70
07-13 17:41:41.284 12445 12445 D jni_lib_merge: Preparing to register libreactnativeblob_so.  onload_func: 0x70f8060ac4
07-13 17:41:41.284 12445 12445 D jni_lib_merge: Preparing to register libreactnativejni_so.  onload_func: 0x70f807eaac
07-13 17:41:41.284 12445 12445 D jni_lib_merge: Preparing to register librninstance_so.  onload_func: 0x70f8098238
07-13 17:41:41.284 12445 12445 D jni_lib_merge: Preparing to register libturbomodulejsijni_so.  onload_func: 0x70f8112e60
07-13 17:41:41.284 12445 12445 D jni_lib_merge: Preparing to register libuimanagerjni_so.  onload_func: 0x70f811a378
07-13 17:41:41.284 12445 12445 D jni_lib_merge: Preparing to register libyoga_so.  onload_func: 0x70f811f7cc
07-13 17:41:41.284 12445 12445 D jni_lib_merge: About to register 10 actual methods.
07-13 17:41:41.290 12445 12445 D AppCompatDelegate: Checking for metadata for AppLocalesMetadataHolderService : Service not found
07-13 17:41:41.298 12445 12466 D libEGL  : loaded /vendor/lib64/egl/libEGL_emulation.so
07-13 17:41:41.299 12445 12466 D libEGL  : loaded /vendor/lib64/egl/libGLESv1_CM_emulation.so
07-13 17:41:41.301 12445 12466 D libEGL  : loaded /vendor/lib64/egl/libGLESv2_emulation.so
07-13 17:41:41.304 12445 12445 W unknown:BridgelessReact: ReactHost{0}.startSurface(surfaceId = 0): Schedule
07-13 17:41:41.304 12445 12445 W unknown:BridgelessReact: ReactHost{0}.attachSurface(surfaceId = 0)
07-13 17:41:41.304 12445 12469 W unknown:BridgelessReact: ReactHost{0}.getOrCreateReactInstanceTask()
07-13 17:41:41.304 12445 12469 W unknown:BridgelessReact: ReactHost{0}.getOrCreateReactInstanceTask(): Start
07-13 17:41:41.304 12445 12469 W unknown:BridgelessReact: ReactHost{0}.getJSBundleLoader()
07-13 17:41:41.304 12445 12469 W unknown:BridgelessReact: ReactHost{0}.getOrCreateReactContext(): Creating BridgelessReactContext
07-13 17:41:41.304 12445 12469 W unknown:BridgelessReact: ReactHost{0}.getOrCreateReactInstanceTask(): Creating ReactInstance
07-13 17:41:41.308 12445 12445 W unknown:BridgelessReact: ReactHost{0}.onHostResume(activity)
07-13 17:41:41.308 12445 12445 W unknown:BridgelessReact: ReactContext.onHostResume()
07-13 17:41:41.309 12445 12469 D jni_lib_merge: Entering merged library JNI_OnLoad.
07-13 17:41:41.309 12445 12469 D jni_lib_merge: Preparing 4 pre-merged libs (including stub)
07-13 17:41:41.309 12445 12469 D jni_lib_merge: Preparing to register libhermes_executor_so.  onload_func: 0x70e815d11c
07-13 17:41:41.309 12445 12469 D jni_lib_merge: Preparing to register libhermesinstancejni_so.  onload_func: 0x70e8164a58
07-13 17:41:41.309 12445 12469 D jni_lib_merge: Preparing to register libjsijniprofiler_so.  onload_func: 0x70e8165114
07-13 17:41:41.309 12445 12469 D jni_lib_merge: About to register 3 actual methods.
07-13 17:41:41.310 12445 12445 D CompatibilityChangeReporter: Compat change id reported: 237531167; UID 10174; state: DISABLED
07-13 17:41:41.314 12445 12464 W Parcel  : Expecting binder but got null!
07-13 17:41:41.315   505  1209 D CoreBackPreview: Window{400a55 u0 com.versenotes.app/com.versenotes.app.MainActivity}: Setting back callback OnBackInvokedCallbackInfo{mCallback=android.window.IOnBackInvokedCallback$Stub$Proxy@821755b, mPriority=0}
07-13 17:41:41.325 12445 12464 D HostConnection: HostComposition ext ANDROID_EMU_CHECKSUM_HELPER_v1 ANDROID_EMU_native_sync_v2 ANDROID_EMU_native_sync_v3 ANDROID_EMU_native_sync_v4 ANDROID_EMU_dma_v1 ANDROID_EMU_direct_mem ANDROID_EMU_host_composition_v1 ANDROID_EMU_host_composition_v2 ANDROID_EMU_vulkan ANDROID_EMU_deferred_vulkan_commands ANDROID_EMU_vulkan_null_optional_strings ANDROID_EMU_vulkan_create_resources_with_requirements ANDROID_EMU_YUV_Cache ANDROID_EMU_vulkan_ignored_handles ANDROID_EMU_has_shared_slots_host_memory_allocator ANDROID_EMU_vulkan_free_memory_sync ANDROID_EMU_vulkan_shader_float16_int8 ANDROID_EMU_vulkan_async_queue_submit ANDROID_EMU_vulkan_queue_submit_with_commands ANDROID_EMU_sync_buffer_data ANDROID_EMU_vulkan_async_qsri ANDROID_EMU_read_color_buffer_dma ANDROID_EMU_hwc_multi_configs GL_OES_EGL_image_external_essl3 GL_OES_vertex_array_object ANDROID_EMU_host_side_tracing ANDROID_EMU_gles_max_version_3_0 
07-13 17:41:41.326 12445 12464 W OpenGLRenderer: Failed to choose config with EGL_SWAP_BEHAVIOR_PRESERVED, retrying without...
07-13 17:41:41.327 12445 12464 W OpenGLRenderer: Failed to initialize 101010-2 format, error = EGL_SUCCESS
07-13 17:41:41.327 12445 12464 D EGL_emulation: eglCreateContext: 0xb40000720a12a790: maj 3 min 0 rcv 3
07-13 17:41:41.328 12445 12464 D EGL_emulation: eglMakeCurrent: 0xb40000720a12a790: ver 3 0 (tinfo 0x742953d080) (first time)
07-13 17:41:41.332   833   896 D EGL_emulation: app_time_stats: avg=15533.59ms min=15533.59ms max=15533.59ms count=1
07-13 17:41:41.343   148   148 I hwservicemanager: getTransport: Cannot find entry android.hardware.graphics.mapper@4.0::IMapper/default in either framework or device VINTF manifest.
07-13 17:41:41.343 12445 12464 I Gralloc4: mapper 4.x is not supported
07-13 17:41:41.346   344   384 W TransactionTracing: Could not find layer handle 0xb400007a05e62610
07-13 17:41:41.346   344   384 W TransactionTracing: Could not find layer handle 0xb400007a05e7c290
07-13 17:41:41.346   344   384 W TransactionTracing: Could not find layer id -1
07-13 17:41:41.346   344   384 W TransactionTracing: Could not find layer id -1
07-13 17:41:41.346   344   384 W TransactionTracing: Could not find layer id -1
07-13 17:41:41.346   344   384 W TransactionTracing: Could not find layer id -1
07-13 17:41:41.350   148   148 I hwservicemanager: getTransport: Cannot find entry android.hardware.graphics.allocator@4.0::IAllocator/default in either framework or device VINTF manifest.
07-13 17:41:41.350   146   146 I servicemanager: Could not find android.hardware.graphics.allocator.IAllocator/default in the VINTF manifest.
07-13 17:41:41.351 12445 12464 W Gralloc4: allocator 4.x is not supported
07-13 17:41:41.354 12445 12464 D HostConnection: HostComposition ext ANDROID_EMU_CHECKSUM_HELPER_v1 ANDROID_EMU_native_sync_v2 ANDROID_EMU_native_sync_v3 ANDROID_EMU_native_sync_v4 ANDROID_EMU_dma_v1 ANDROID_EMU_direct_mem ANDROID_EMU_host_composition_v1 ANDROID_EMU_host_composition_v2 ANDROID_EMU_vulkan ANDROID_EMU_deferred_vulkan_commands ANDROID_EMU_vulkan_null_optional_strings ANDROID_EMU_vulkan_create_resources_with_requirements ANDROID_EMU_YUV_Cache ANDROID_EMU_vulkan_ignored_handles ANDROID_EMU_has_shared_slots_host_memory_allocator ANDROID_EMU_vulkan_free_memory_sync ANDROID_EMU_vulkan_shader_float16_int8 ANDROID_EMU_vulkan_async_queue_submit ANDROID_EMU_vulkan_queue_submit_with_commands ANDROID_EMU_sync_buffer_data ANDROID_EMU_vulkan_async_qsri ANDROID_EMU_read_color_buffer_dma ANDROID_EMU_hwc_multi_configs GL_OES_EGL_image_external_essl3 GL_OES_vertex_array_object ANDROID_EMU_host_side_tracing ANDROID_EMU_gles_max_version_3_0 
07-13 17:41:41.354 12445 12464 E OpenGLRenderer: Unable to match the desired swap behavior.
07-13 17:41:41.367 12445 12469 I ExpoModulesCore:  AppContext was initialized
07-13 17:41:41.368   505   526 I ActivityTaskManager: Displayed com.versenotes.app/.MainActivity: +183ms
07-13 17:41:41.377 12445 12469 W ReactNativeJNI: Component property map contains multiple entries for 'borderColor'. Ensure all calls to convertRawProp use a consistent prefix, name and suffix.
07-13 17:41:41.377 12445 12469 W ReactNativeJNI: Component property map contains multiple entries for 'borderStyle'. Ensure all calls to convertRawProp use a consistent prefix, name and suffix.
07-13 17:41:41.378 12445 12469 W ReactNativeJNI: Component property map contains multiple entries for 'borderRadius'. Ensure all calls to convertRawProp use a consistent prefix, name and suffix.
07-13 17:41:41.378 12445 12469 W ReactNativeJNI: Component property map contains multiple entries for 'borderEndColor'. Ensure all calls to convertRawProp use a consistent prefix, name and suffix.
07-13 17:41:41.378 12445 12469 W ReactNativeJNI: Component property map contains multiple entries for 'borderTopColor'. Ensure all calls to convertRawProp use a consistent prefix, name and suffix.
07-13 17:41:41.378 12445 12469 W ReactNativeJNI: Component property map contains multiple entries for 'borderLeftColor'. Ensure all calls to convertRawProp use a consistent prefix, name and suffix.
07-13 17:41:41.378 12445 12469 W ReactNativeJNI: Component property map contains multiple entries for 'borderBlockColor'. Ensure all calls to convertRawProp use a consistent prefix, name and suffix.
07-13 17:41:41.378 12445 12469 W ReactNativeJNI: Component property map contains multiple entries for 'borderRightColor'. Ensure all calls to convertRawProp use a consistent prefix, name and suffix.
07-13 17:41:41.378 12445 12469 W ReactNativeJNI: Component property map contains multiple entries for 'borderStartColor'. Ensure all calls to convertRawProp use a consistent prefix, name and suffix.
07-13 17:41:41.378 12445 12469 W ReactNativeJNI: Component property map contains multiple entries for 'borderBottomColor'. Ensure all calls to convertRawProp use a consistent prefix, name and suffix.
07-13 17:41:41.378 12445 12469 W ReactNativeJNI: Component property map contains multiple entries for 'borderEndEndRadius'. Ensure all calls to convertRawProp use a consistent prefix, name and suffix.
07-13 17:41:41.378 12445 12469 W ReactNativeJNI: Component property map contains multiple entries for 'borderTopEndRadius'. Ensure all calls to convertRawProp use a consistent prefix, name and suffix.
07-13 17:41:41.378 12445 12469 W ReactNativeJNI: Component property map contains multiple entries for 'borderBlockEndColor'. Ensure all calls to convertRawProp use a consistent prefix, name and suffix.
07-13 17:41:41.378 12445 12469 W ReactNativeJNI: Component property map contains multiple entries for 'borderTopLeftRadius'. Ensure all calls to convertRawProp use a consistent prefix, name and suffix.
07-13 17:41:41.378 12445 12469 W ReactNativeJNI: Component property map contains multiple entries for 'borderEndStartRadius'. Ensure all calls to convertRawProp use a consistent prefix, name and suffix.
07-13 17:41:41.378 12445 12469 W ReactNativeJNI: Component property map contains multiple entries for 'borderStartEndRadius'. Ensure all calls to convertRawProp use a consistent prefix, name and suffix.
07-13 17:41:41.378 12445 12469 W ReactNativeJNI: Component property map contains multiple entries for 'borderTopRightRadius'. Ensure all calls to convertRawProp use a consistent prefix, name and suffix.
07-13 17:41:41.378 12445 12469 W ReactNativeJNI: Component property map contains multiple entries for 'borderTopStartRadius'. Ensure all calls to convertRawProp use a consistent prefix, name and suffix.
07-13 17:41:41.378 12445 12469 W ReactNativeJNI: Component property map contains multiple entries for 'borderBlockStartColor'. Ensure all calls to convertRawProp use a consistent prefix, name and suffix.
07-13 17:41:41.378 12445 12469 W ReactNativeJNI: Component property map contains multiple entries for 'borderBottomEndRadius'. Ensure all calls to convertRawProp use a consistent prefix, name and suffix.
07-13 17:41:41.378 12445 12469 W ReactNativeJNI: Component property map contains multiple entries for 'borderBottomLeftRadius'. Ensure all calls to convertRawProp use a consistent prefix, name and suffix.
07-13 17:41:41.378 12445 12469 W ReactNativeJNI: Component property map contains multiple entries for 'borderStartStartRadius'. Ensure all calls to convertRawProp use a consistent prefix, name and suffix.
07-13 17:41:41.378 12445 12469 W ReactNativeJNI: Component property map contains multiple entries for 'borderBottomRightRadius'. Ensure all calls to convertRawProp use a consistent prefix, name and suffix.
07-13 17:41:41.378 12445 12469 W ReactNativeJNI: Component property map contains multiple entries for 'borderBottomStartRadius'. Ensure all calls to convertRawProp use a consistent prefix, name and suffix.
07-13 17:41:41.382 12445 12469 W unknown:BridgelessReact: ReactHost{0}.getOrCreateReactInstanceTask(): Loading JS Bundle
07-13 17:41:41.382   505  1209 D CompatibilityChangeReporter: Compat change id reported: 214016041; UID 10174; state: ENABLED
07-13 17:41:41.383 12445 12469 W unknown:BridgelessReact: ReactHost{0}.getOrCreateReactInstanceTask(): Calling DevSupportManagerBase.onNewReactContextCreated(reactContext)
07-13 17:41:41.387  1576  1576 I GoogleInputMethodService: GoogleInputMethodService.onFinishInput():3227 
07-13 17:41:41.387 12445 12445 W unknown:BridgelessReact: ReactContext.onHostResume()
07-13 17:41:41.387 12445 12445 W unknown:BridgelessReact: ReactHost{0}.getOrCreateReactInstanceTask(): Executing ReactInstanceEventListeners
07-13 17:41:41.388 12445 12469 W unknown:BridgelessReact: ReactHost{0}.startSurface(surfaceId = 0): Execute
07-13 17:41:41.393  1576  1576 I GoogleInputMethodService: GoogleInputMethodService.updateDeviceLockedStatus():2087 repeatCheckTimes = 0, unlocked = true
07-13 17:41:41.393  1576  1576 I GoogleInputMethodService: GoogleInputMethodService.onStartInput():1877 onStartInput(EditorInfo{inputType=0x0(NULL) imeOptions=0x0 privateImeOptions=null actionName=UNSPECIFIED actionLabel=null actionId=0 initialSelStart=-1 initialSelEnd=-1 initialCapsMode=0x0 hintText=null label=null packageName=com.versenotes.app fieldId=-1 fieldName=null extras=null}, false)
07-13 17:41:41.393  1576  1576 I GoogleInputMethodService: GoogleInputMethodService.shouldHideHeaderOnInitialState():4008 ShouldHideHeaderOnInitialState = false
07-13 17:41:41.393  1576  1576 I GoogleInputMethodService: GoogleInputMethodService.updateDeviceLockedStatus():2087 repeatCheckTimes = 2, unlocked = true
07-13 17:41:41.397   344   384 W TransactionTracing: Could not find layer handle 0xb400007a05e7c530
07-13 17:41:41.399 12445 12470 D CompatibilityChangeReporter: Compat change id reported: 210923482; UID 10174; state: ENABLED
07-13 17:41:41.400 12445 12470 W unknown:ViewManagerPropertyUpdater: Could not find generated setter for class com.th3rdwave.safeareacontext.SafeAreaProviderManager
07-13 17:41:41.401 12445 12470 W unknown:ViewManagerPropertyUpdater: Could not find generated setter for class com.facebook.react.uimanager.LayoutShadowNode
07-13 17:41:41.401 12445 12470 W unknown:ViewManagerPropertyUpdater: Could not find generated setter for class com.swmansion.rnscreens.SearchBarManager
07-13 17:41:41.402 12445 12470 W unknown:ViewManagerPropertyUpdater: Could not find generated setter for class com.swmansion.rnscreens.ScreenFooterManager
07-13 17:41:41.402 12445 12470 W unknown:ViewManagerPropertyUpdater: Could not find generated setter for class com.th3rdwave.safeareacontext.SafeAreaViewManager
07-13 17:41:41.402 12445 12470 W unknown:ViewManagerPropertyUpdater: Could not find generated setter for class com.th3rdwave.safeareacontext.SafeAreaViewShadowNode
07-13 17:41:41.402 12445 12470 W unknown:ViewManagerPropertyUpdater: Could not find generated setter for class com.swmansion.rnscreens.ScreenViewManager
07-13 17:41:41.403 12445 12470 W unknown:ViewManagerPropertyUpdater: Could not find generated setter for class com.swmansion.rnscreens.ScreenContainerViewManager
07-13 17:41:41.403 12445 12470 W unknown:ViewManagerPropertyUpdater: Could not find generated setter for class com.reactnativecommunity.webview.RNCWebViewManager
07-13 17:41:41.404 12445 12470 W unknown:ViewManagerPropertyUpdater: Could not find generated setter for class com.swmansion.rnscreens.ModalScreenViewManager
07-13 17:41:41.404 12445 12470 W unknown:ViewManagerPropertyUpdater: Could not find generated setter for class com.swmansion.rnscreens.ScreenStackHeaderSubviewManager
07-13 17:41:41.404 12445 12470 W unknown:ViewManagerPropertyUpdater: Could not find generated setter for class com.swmansion.rnscreens.ScreenStackViewManager
07-13 17:41:41.404 12445 12470 W unknown:ViewManagerPropertyUpdater: Could not find generated setter for class com.swmansion.rnscreens.ScreenStackHeaderConfigViewManager
07-13 17:41:41.404 12445 12470 W unknown:ViewManagerPropertyUpdater: Could not find generated setter for class com.swmansion.rnscreens.ScreenContentWrapperManager
07-13 17:41:41.407 12445 12470 W unknown:ViewManagerPropertyUpdater: Could not find generated setter for class com.horcrux.svg.RenderableViewManager$DefsViewManager
07-13 17:41:41.407 12445 12470 W unknown:ViewManagerPropertyUpdater: Could not find generated setter for class com.horcrux.svg.VirtualViewManager$RenderableShadowNode
07-13 17:41:41.408 12445 12470 W unknown:ViewManagerPropertyUpdater: Could not find generated setter for class com.horcrux.svg.RenderableViewManager$FeMergeManager
07-13 17:41:41.408 12445 12470 W unknown:ViewManagerPropertyUpdater: Could not find generated setter for class com.facebook.react.views.safeareaview.ReactSafeAreaViewManager
07-13 17:41:41.408 12445 12470 W unknown:ViewManagerPropertyUpdater: Could not find generated setter for class com.facebook.react.views.safeareaview.ReactSafeAreaViewShadowNode
07-13 17:41:41.409 12445 12470 W unknown:ViewManagerPropertyUpdater: Could not find generated setter for class com.horcrux.svg.RenderableViewManager$LinearGradientManager
07-13 17:41:41.409 12445 12470 W unknown:ViewManagerPropertyUpdater: Could not find generated setter for class com.horcrux.svg.RenderableViewManager$FeGaussianBlurManager
07-13 17:41:41.410 12445 12470 W unknown:ViewManagerPropertyUpdater: Could not find generated setter for class com.facebook.react.views.progressbar.ReactProgressBarViewManager
07-13 17:41:41.410 12445 12470 W unknown:ViewManagerPropertyUpdater: Could not find generated setter for class com.facebook.react.views.progressbar.ProgressBarShadowNode
07-13 17:41:41.410 12445 12470 W unknown:ViewManagerPropertyUpdater: Could not find generated setter for class com.facebook.react.views.scroll.ReactHorizontalScrollViewManager
07-13 17:41:41.411 12445 12470 W unknown:ViewManagerPropertyUpdater: Could not find generated setter for class com.facebook.react.views.text.ReactTextViewManager
07-13 17:41:41.413   344   384 W TransactionTracing: Could not find layer id -1
07-13 17:41:41.413   344   384 W TransactionTracing: Could not find layer id -1
07-13 17:41:41.413   344   384 W TransactionTracing: Could not find layer id -1
07-13 17:41:41.413   344   384 W TransactionTracing: Could not find layer id -1
07-13 17:41:41.413   344   384 W TransactionTracing: Could not find layer id -1
07-13 17:41:41.413 12445 12470 W unknown:ViewManagerPropertyUpdater: Could not find generated setter for class com.facebook.react.views.text.ReactTextShadowNode
07-13 17:41:41.413 12445 12470 W unknown:ViewManagerPropertyUpdater: Could not find generated setter for class com.horcrux.svg.RenderableViewManager$FeColorMatrixManager
07-13 17:41:41.414 12445 12470 W unknown:ViewManagerPropertyUpdater: Could not find generated setter for class com.facebook.react.views.scroll.ReactHorizontalScrollContainerViewManager
07-13 17:41:41.414 12445 12470 W unknown:ViewManagerPropertyUpdater: Could not find generated setter for class com.horcrux.svg.RenderableViewManager$ClipPathViewManager
07-13 17:41:41.415 12445 12470 W unknown:ViewManagerPropertyUpdater: Could not find generated setter for class com.horcrux.svg.RenderableViewManager$SymbolManager
07-13 17:41:41.416 12445 12470 W unknown:ViewManagerPropertyUpdater: Could not find generated setter for class com.horcrux.svg.RenderableViewManager$PatternManager
07-13 17:41:41.416 12445 12470 W unknown:ViewManagerPropertyUpdater: Could not find generated setter for class com.horcrux.svg.RenderableViewManager$FeBlendManager
07-13 17:41:41.417 12445 12470 W unknown:ViewManagerPropertyUpdater: Could not find generated setter for class com.facebook.react.views.view.ReactViewManager
07-13 17:41:41.417 12445 12470 W unknown:ViewManagerPropertyUpdater: Could not find generated setter for class com.horcrux.svg.SvgViewManager
07-13 17:41:41.418 12445 12470 W unknown:ViewManagerPropertyUpdater: Could not find generated setter for class com.facebook.react.views.switchview.ReactSwitchManager
07-13 17:41:41.418 12445 12470 W unknown:ViewManagerPropertyUpdater: Could not find generated setter for class com.facebook.react.views.switchview.ReactSwitchShadowNode
07-13 17:41:41.418 12445 12470 W unknown:ViewManagerPropertyUpdater: Could not find generated setter for class com.horcrux.svg.RenderableViewManager$UseViewManager
07-13 17:41:41.419 12445 12470 W unknown:ViewManagerPropertyUpdater: Could not find generated setter for class com.horcrux.svg.RenderableViewManager$CircleViewManager
07-13 17:41:41.420 12445 12470 W unknown:ViewManagerPropertyUpdater: Could not find generated setter for class com.horcrux.svg.RenderableViewManager$TSpanViewManager
07-13 17:41:41.420 12445 12470 W unknown:ViewManagerPropertyUpdater: Could not find generated setter for class com.horcrux.svg.RenderableViewManager$FilterManager
07-13 17:41:41.421 12445 12470 W unknown:ViewManagerPropertyUpdater: Could not find generated setter for class com.horcrux.svg.RenderableViewManager$MarkerManager
07-13 17:41:41.421 12445 12470 W unknown:ViewManagerPropertyUpdater: Could not find generated setter for class com.facebook.react.views.modal.ReactModalHostManager
07-13 17:41:41.422 12445 12470 W unknown:ViewManagerPropertyUpdater: Could not find generated setter for class com.horcrux.svg.RenderableViewManager$ForeignObjectManager
07-13 17:41:41.422 12445 12470 W unknown:ViewManagerPropertyUpdater: Could not find generated setter for class com.horcrux.svg.RenderableViewManager$EllipseViewManager
07-13 17:41:41.423 12445 12470 W unknown:ViewManagerPropertyUpdater: Could not find generated setter for class com.horcrux.svg.RenderableViewManager$LineViewManager
07-13 17:41:41.424 12445 12470 W unknown:ViewManagerPropertyUpdater: Could not find generated setter for class com.facebook.react.views.text.frescosupport.FrescoBasedReactTextInlineImageViewManager
07-13 17:41:41.424 12445 12470 W unknown:ViewManagerPropertyUpdater: Could not find generated setter for class com.facebook.react.views.text.frescosupport.FrescoBasedReactTextInlineImageShadowNode
07-13 17:41:41.424 12445 12470 W unknown:ViewManagerPropertyUpdater: Could not find generated setter for class com.horcrux.svg.RenderableViewManager$FeFloodManager
07-13 17:41:41.424 12445 12470 W unknown:ViewManagerPropertyUpdater: Could not find generated setter for class com.horcrux.svg.RenderableViewManager$GroupViewManager
07-13 17:41:41.425 12445 12470 W unknown:ViewManagerPropertyUpdater: Could not find generated setter for class com.horcrux.svg.RenderableViewManager$TextViewManager
07-13 17:41:41.425 12445 12470 W unknown:ViewManagerPropertyUpdater: Could not find generated setter for class com.horcrux.svg.RenderableViewManager$ImageViewManager
07-13 17:41:41.425 12445 12470 W unknown:ViewManagerPropertyUpdater: Could not find generated setter for class com.horcrux.svg.RenderableViewManager$FeCompositeManager
07-13 17:41:41.426 12445 12470 W unknown:ViewManagerPropertyUpdater: Could not find generated setter for class com.facebook.react.views.image.ReactImageManager
07-13 17:41:41.426 12445 12470 W unknown:ViewManagerPropertyUpdater: Could not find generated setter for class com.horcrux.svg.RenderableViewManager$RadialGradientManager
07-13 17:41:41.426 12445 12470 W unknown:ViewManagerPropertyUpdater: Could not find generated setter for class com.horcrux.svg.RenderableViewManager$MaskManager
07-13 17:41:41.427 12445 12470 W unknown:ViewManagerPropertyUpdater: Could not find generated setter for class com.facebook.react.views.unimplementedview.ReactUnimplementedViewManager
07-13 17:41:41.427 12445 12470 W unknown:ViewManagerPropertyUpdater: Could not find generated setter for class com.horcrux.svg.RenderableViewManager$RectViewManager
07-13 17:41:41.430 12445 12470 W unknown:ViewManagerPropertyUpdater: Could not find generated setter for class com.horcrux.svg.RenderableViewManager$TextPathViewManager
07-13 17:41:41.430 12445 12470 W unknown:ViewManagerPropertyUpdater: Could not find generated setter for class com.facebook.react.views.scroll.ReactScrollViewManager
07-13 17:41:41.431 12445 12470 W unknown:ViewManagerPropertyUpdater: Could not find generated setter for class com.horcrux.svg.RenderableViewManager$FeOffsetManager
07-13 17:41:41.432 12445 12470 W unknown:ViewManagerPropertyUpdater: Could not find generated setter for class com.horcrux.svg.RenderableViewManager$PathViewManager
07-13 17:41:41.432 12445 12470 W unknown:ViewManagerPropertyUpdater: Could not find generated setter for class com.facebook.react.views.drawer.ReactDrawerLayoutManager
07-13 17:41:41.433 12445 12470 W unknown:ViewManagerPropertyUpdater: Could not find generated setter for class com.facebook.react.views.text.ReactVirtualTextViewManager
07-13 17:41:41.433 12445 12470 W unknown:ViewManagerPropertyUpdater: Could not find generated setter for class com.facebook.react.views.text.ReactVirtualTextShadowNode
07-13 17:41:41.433 12445 12470 W unknown:ViewManagerPropertyUpdater: Could not find generated setter for class com.facebook.react.views.swiperefresh.SwipeRefreshLayoutManager
07-13 17:41:41.433 12445 12470 W unknown:ViewManagerPropertyUpdater: Could not find generated setter for class com.facebook.react.views.text.ReactRawTextManager
07-13 17:41:41.433 12445 12470 W unknown:ViewManagerPropertyUpdater: Could not find generated setter for class com.facebook.react.views.text.ReactRawTextShadowNode
07-13 17:41:41.433 12445 12470 W unknown:ViewManagerPropertyUpdater: Could not find generated setter for class com.facebook.react.views.textinput.ReactTextInputManager
07-13 17:41:41.434 12445 12470 W unknown:ViewManagerPropertyUpdater: Could not find generated setter for class com.facebook.react.views.textinput.ReactTextInputShadowNode
07-13 17:41:41.435 12445 12470 W BridgelessReactContext: [WARNING] Bridgeless doesn't support CatalystInstance. Accessing an API that's not part of the new architecture is not encouraged usage.
07-13 17:41:41.437 12445 12470 I ExpoModulesCore:  JSI interop was installed
07-13 17:41:41.438 12445 12470 I ExpoModulesCore:  Constants were exported
07-13 17:41:41.448 12445 12470 I ReactNativeJS: Running "main"
07-13 17:41:41.469 12445 12445 W [RNScreens]: backTitleVisible prop is not available on Android
07-13 17:41:41.469 12445 12445 W [RNScreens]: backTitleFontFamily prop is not available on Android
07-13 17:41:41.469 12445 12445 W [RNScreens]: disableBackButtonMenu prop is not available on Android
07-13 17:41:41.469 12445 12445 W [RNScreens]: largeTitleFontFamily prop is not available on Android
07-13 17:41:41.469 12445 12445 W [RNScreens]: largeTitleFontWeight prop is not available on Android
07-13 17:41:41.469 12445 12445 W [RNScreens]: largeTitleHideShadow prop is not available on Android
07-13 17:41:41.479   344   384 W TransactionTracing: Could not find layer handle 0xb400007a05e7b3f0
07-13 17:41:41.479   344   384 W TransactionTracing: Could not find layer handle 0xb400007a05e788d0
07-13 17:41:41.501 12445 12445 D CompatibilityChangeReporter: Compat change id reported: 171228096; UID 10174; state: ENABLED
07-13 17:41:41.523   505 11864 I AutofillManagerServiceImpl: Prune session 485039595 (Token{af707aa null})
07-13 17:41:41.523   505 11864 D AutofillSession: clearPendingIntentLocked
07-13 17:41:41.523   505 11864 D AutofillInlineSuggestionsRequestSession: onInlineSuggestionsResponseLocked called for:1073741824@485039595
07-13 17:41:41.523   505 11864 W AutofillInlineSuggestionsRequestSession: Never received an InlineSuggestionsRequest from the IME for 1073741824@485039595
07-13 17:41:41.523   505   527 D AutofillUI: destroySaveUiUiThread(): already destroyed
07-13 17:41:41.524  1602  1602 V InlineSuggestionRenderService: handleDestroySuggestionViews called for 0:485039595
07-13 17:41:41.524   505 11864 I AutofillManagerServiceImpl: Prune session 1210388028 (Token{9c46663 ActivityRecord{363f260 u0 com.versenotes.app/.MainActivity} t-1 f}}})
07-13 17:41:41.524   505 11864 D AutofillSession: clearPendingIntentLocked
07-13 17:41:41.524   505 11864 D AutofillInlineSuggestionsRequestSession: onInlineSuggestionsResponseLocked called for:1073741824@1210388028
07-13 17:41:41.524   505 11864 W AutofillInlineSuggestionsRequestSession: Never received an InlineSuggestionsRequest from the IME for 1073741824@1210388028
07-13 17:41:41.525   505   527 D AutofillUI: destroySaveUiUiThread(): already destroyed
07-13 17:41:41.525   505   505 D AutofillInlineSuggestionsRequestSession: onCreateInlineSuggestionsRequestLocked called: 1073741824@171201433
07-13 17:41:41.525  1602  1602 V InlineSuggestionRenderService: handleDestroySuggestionViews called for 0:1210388028
07-13 17:41:41.526   505  1209 D AutofillInlineSuggestionsRequestSession: onInlineSuggestionsSessionInvalidated() called.
07-13 17:41:41.528   344   384 W TransactionTracing: Could not find layer id -1
07-13 17:41:41.528   344   384 W TransactionTracing: Could not find layer id -1
07-13 17:41:41.532 12445 12445 D CompatibilityChangeReporter: Compat change id reported: 163400105; UID 10174; state: ENABLED
07-13 17:41:41.533 12445 12445 I AssistStructure: Flattened final assist data: 12512 bytes, containing 1 windows, 50 views
07-13 17:41:41.533   505  1209 D AutofillSession: createPendingIntent for request 8
07-13 17:41:41.534   505  1209 D ContentCapturePerUserService: Notified activity assist data for activity: Token{7afba5f ActivityRecord{5157cac u0 com.versenotes.app/.MainActivity} t28}} without a session Id
07-13 17:41:41.578   344   384 W TransactionTracing: Could not find layer id -1
07-13 17:41:41.578   344   384 W TransactionTracing: Could not find layer id -1
07-13 17:41:41.583 11919 11936 D EGL_emulation: app_time_stats: avg=23.85ms min=2.63ms max=335.50ms count=42
07-13 17:41:41.648   505  1209 D CoreBackPreview: Window{b05abf1 u0 Splash Screen com.versenotes.app EXITING}: Setting back callback null
07-13 17:41:41.649   505  2229 W InputManager-JNI: Input channel object 'b05abf1 Splash Screen com.versenotes.app (client)' was disposed without first being removed with the input manager!
07-13 17:41:41.734  1044  1371 D BtGatt.ScanManager: uid 10111 isForeground true scanMode -1
07-13 17:41:41.734  1044  1371 D BtGatt.ScanManager: uid 10111 isForeground true scanMode -1
07-13 17:41:41.746   344   384 W TransactionTracing: Could not find layer handle 0xb400007a05e75f30
07-13 17:41:41.746   344   384 W TransactionTracing: Could not find layer handle 0xb400007a05e76290
07-13 17:41:41.746   344   384 W TransactionTracing: Could not find layer handle 0xb400007a05e75570
07-13 17:41:41.746   344   384 W TransactionTracing: Could not find layer handle 0xb400007a05e75570
07-13 17:41:41.746   344   384 W TransactionTracing: Could not find layer handle 0xb400007a05e76290
07-13 17:41:41.746   344   384 W TransactionTracing: Could not find layer handle 0xb400007a05e75f30
07-13 17:41:41.750   505  2229 D CoreBackPreview: Window{b55c569 u0 com.google.android.packageinstaller/com.android.packageinstaller.InstallSuccess}: Setting back callback null
07-13 17:41:41.752 11919 11936 D OpenGLRenderer: endAllActiveAnimators on 0xb40000728a163fa0 (RippleDrawable) with handle 0xb40000719a17fcd0
07-13 17:41:41.752   505  2229 W InputManager-JNI: Input channel object 'b55c569 com.google.android.packageinstaller/com.android.packageinstaller.InstallSuccess (client)' was disposed without first being removed with the input manager!
07-13 17:41:41.759  2933  2933 E cr_CompositorSurfaceMgr: surfaceDestroyed format : -3
07-13 17:41:41.763   344   384 W TransactionTracing: Could not find layer handle 0xb400007a05e77f10
07-13 17:41:41.763   344   384 W TransactionTracing: Could not find layer handle 0xb400007a05e78b10
07-13 17:41:41.776  2933  9344 I cr_BindingManager: onTrimMemory: level=20, size=1
07-13 17:41:41.778   344   384 W TransactionTracing: Could not find layer id -1
07-13 17:41:41.778   344   384 W TransactionTracing: Could not find layer id -1
