07-13 17:42:37.913   505   505 I JobServiceContext: Letting bed59d9 #u0a109/1015 com.google.android.apps.messaging/androidx.work.impl.background.systemjob.SystemJobService continue to run past min execution time
07-13 17:42:38.383  5796 12565 I AlarmManager: setExactAndAllowWhileIdle [name: GCM_HB_ALARM type: 2 triggerAtMillis: 4379700]
07-13 17:42:38.426  5796 12427 I AlarmManager: setExactAndAllowWhileIdle [name: GCM_HB_ALARM type: 2 triggerAtMillis: 4909743]
07-13 17:42:40.554   505   505 D CompatibilityChangeReporter: Compat change id reported: 168419799; UID 10145; state: DISABLED
07-13 17:42:40.554   505   505 D CompatibilityChangeReporter: Compat change id reported: 273564678; UID 10145; state: DISABLED
07-13 17:42:40.560 11372 11372 D Documents: Content updated.
07-13 17:42:40.560 11372 11372 D ContentLock: run when unlock, is locked : false
07-13 17:42:40.560 11372 11372 D Documents: Content updated.
07-13 17:42:40.560 11372 11372 D ContentLock: run when unlock, is locked : false
07-13 17:42:40.560 11372 11372 D AbstractActionHandler: Creating new loader recents.
07-13 17:42:40.560 11372 11372 D Documents: Content updated.
07-13 17:42:40.560 11372 11372 D ContentLock: run when unlock, is locked : false
07-13 17:42:40.560 11372 11372 D Documents: Content updated.
07-13 17:42:40.560 11372 11372 D ContentLock: run when unlock, is locked : false
07-13 17:42:40.561 11372 12258 D ProvidersAccess: Matched roots: [Root{userId=0, authority=null, rootId=null, title=Recent, isUsb=false, isSd=false, isMtp=false} @ content:/root/null, Root{userId=0, authority=com.android.providers.downloads.documents, rootId=downloads, title=Downloads, isUsb=false, isSd=false, isMtp=false} @ content://com.android.providers.downloads.documents/root/downloads, Root{userId=0, authority=com.android.externalstorage.documents, rootId=primary, title=sdk_gphone64_arm64, isUsb=false, isSd=false, isMtp=false} @ content://com.android.externalstorage.documents/root/primary]
07-13 17:42:40.562 11372 11372 D Documents: Content updated.
07-13 17:42:40.562 11372 11372 D ContentLock: run when unlock, is locked : false
07-13 17:42:40.562 11372 11372 D Documents: Content updated.
07-13 17:42:40.562 11372 11372 D ContentLock: run when unlock, is locked : false
07-13 17:42:40.562 11372 11372 D Documents: Content updated.
07-13 17:42:40.562 11372 11372 D ContentLock: run when unlock, is locked : false
07-13 17:42:40.562 11372 11372 D Documents: Content updated.
07-13 17:42:40.562 11372 11372 D ContentLock: run when unlock, is locked : false
07-13 17:42:40.565   505  1149 W JobScheduler: Job didn't exist in JobStore: c6b9ad1 #u0a145/1034 com.google.android.apps.photos/com.google.android.libraries.social.mediamonitor.MediaMonitorJobSchedulerService
07-13 17:42:40.573   505  1931 W UriGrantsManagerService: No permission grants found for com.google.android.apps.photos
07-13 17:42:40.575   505  1149 W UriGrantsManagerService: No permission grants found for com.google.android.apps.photos
07-13 17:42:40.577 11372 12258 D Documents: Before filtering 3, after 0
07-13 17:42:40.577 11372 12258 D MultiRootDocsLoader: Found 1 of 1 queries done
07-13 17:42:40.577 11372 11372 D AbstractActionHandler: Loader has finished for: content:/document/null
07-13 17:42:40.577 11372 11372 I Model   : Updating model with new result set.
07-13 17:42:40.577   505  1149 D CompatibilityChangeReporter: Compat change id reported: 182734110; UID 10145; state: ENABLED
07-13 17:42:40.577 11372 11372 D DirectoryFragment: Received model update. Loading=false
07-13 17:42:40.578   505  1149 D CompatibilityChangeReporter: Compat change id reported: 149924527; UID 10145; state: ENABLED
07-13 17:42:40.578   505  1149 D CompatibilityChangeReporter: Compat change id reported: 132649864; UID 10145; state: DISABLED
07-13 17:42:40.578 11372 11372 D DefaultSelectionTracker: Ignoring onDataSetChange. No active selection.
07-13 17:42:40.587   505  1149 W UriGrantsManagerService: No permission grants found for com.google.android.apps.photos
07-13 17:42:40.587   505  1149 W UriGrantsManagerService: No permission grants found for com.google.android.apps.photos
07-13 17:42:40.594   505  1931 W UriGrantsManagerService: No permission grants found for com.google.android.apps.photos
07-13 17:42:40.594   505  1931 W UriGrantsManagerService: No permission grants found for com.google.android.apps.photos
07-13 17:42:40.613 11372 11417 D EGL_emulation: app_time_stats: avg=15525.49ms min=150.72ms max=30900.25ms count=2
07-13 17:42:41.339 11372 11372 D Documents: Content updated.
07-13 17:42:41.339 11372 11372 D ContentLock: run when unlock, is locked : false
07-13 17:42:41.339 11372 11372 D Documents: Content updated.
07-13 17:42:41.339 11372 11372 D ContentLock: run when unlock, is locked : false
07-13 17:42:41.339 11372 11372 D AbstractActionHandler: Creating new loader recents.
07-13 17:42:41.340 11372 12258 D ProvidersAccess: Matched roots: [Root{userId=0, authority=null, rootId=null, title=Recent, isUsb=false, isSd=false, isMtp=false} @ content:/root/null, Root{userId=0, authority=com.android.providers.downloads.documents, rootId=downloads, title=Downloads, isUsb=false, isSd=false, isMtp=false} @ content://com.android.providers.downloads.documents/root/downloads, Root{userId=0, authority=com.android.externalstorage.documents, rootId=primary, title=sdk_gphone64_arm64, isUsb=false, isSd=false, isMtp=false} @ content://com.android.externalstorage.documents/root/primary]
07-13 17:42:41.345 11372 11372 D Documents: Content updated.
07-13 17:42:41.345 11372 11372 D ContentLock: run when unlock, is locked : false
07-13 17:42:41.345 11372 11372 D Documents: Content updated.
07-13 17:42:41.345 11372 11372 D ContentLock: run when unlock, is locked : false
07-13 17:42:41.346 11372 12258 D Documents: Before filtering 3, after 0
07-13 17:42:41.346 11372 12258 D MultiRootDocsLoader: Found 1 of 1 queries done
07-13 17:42:41.346 11372 11372 D AbstractActionHandler: Loader has finished for: content:/document/null
07-13 17:42:41.346 11372 11372 I Model   : Updating model with new result set.
07-13 17:42:41.346 11372 11372 D DirectoryFragment: Received model update. Loading=false
07-13 17:42:41.346  1692  4014 I MediaProvider: Deleted 1 0 0 0 0 0 0 items on external_primary due to com.android.shell
07-13 17:42:41.346 11372 11372 D DefaultSelectionTracker: Ignoring onDataSetChange. No active selection.
07-13 17:42:41.344   378   378 W /apex/com.android.adbd/bin/adbd: type=1400 audit(0.0:344): avc: denied { search } for comm=73796E6320737663203536 name="oem" dev="dm-0" ino=43 scontext=u:r:adbd:s0 tcontext=u:object_r:oemfs:s0 tclass=dir permissive=0
07-13 17:42:41.349  1692  2379 W MediaProvider: isAppCloneUserPair for user 0: false
07-13 17:42:41.360  5796 12427 I NetworkScheduler.Stats: Task com.google.android.gms/com.google.android.gms.ipa.base.IpaGcmTaskService started execution. cause:9 exec_start_elapsed_seconds: 4322 [CONTEXT service_id=218 ]
07-13 17:42:41.362 11372 11372 D Documents: Content updated.
07-13 17:42:41.362 11372 11372 D ContentLock: run when unlock, is locked : false
07-13 17:42:41.362 11372 11372 D Documents: Content updated.
07-13 17:42:41.362 11372 11372 D ContentLock: run when unlock, is locked : false
07-13 17:42:41.362 11372 11372 D Documents: Content updated.
07-13 17:42:41.362 11372 11372 D ContentLock: run when unlock, is locked : false
07-13 17:42:41.362 11372 11372 D AbstractActionHandler: Creating new loader recents.
07-13 17:42:41.362 11372 11372 D Documents: Content updated.
07-13 17:42:41.362 11372 11372 D ContentLock: run when unlock, is locked : false
07-13 17:42:41.362 11372 11372 D Documents: Content updated.
07-13 17:42:41.362 11372 11372 D ContentLock: run when unlock, is locked : false
07-13 17:42:41.362 11372 11372 D Documents: Content updated.
07-13 17:42:41.362 11372 11372 D ContentLock: run when unlock, is locked : false
07-13 17:42:41.362 11372 11372 D Documents: Content updated.
07-13 17:42:41.362 11372 11372 D ContentLock: run when unlock, is locked : false
07-13 17:42:41.362 11372 11372 D Documents: Content updated.
07-13 17:42:41.362 11372 11372 D ContentLock: run when unlock, is locked : false
07-13 17:42:41.363 11372 12258 D ProvidersAccess: Matched roots: [Root{userId=0, authority=null, rootId=null, title=Recent, isUsb=false, isSd=false, isMtp=false} @ content:/root/null, Root{userId=0, authority=com.android.providers.downloads.documents, rootId=downloads, title=Downloads, isUsb=false, isSd=false, isMtp=false} @ content://com.android.providers.downloads.documents/root/downloads, Root{userId=0, authority=com.android.externalstorage.documents, rootId=primary, title=sdk_gphone64_arm64, isUsb=false, isSd=false, isMtp=false} @ content://com.android.externalstorage.documents/root/primary]
07-13 17:42:41.366  5796 12144 I NetworkScheduler.Stats: Task com.google.android.gms/com.google.android.gms.ipa.base.IpaGcmTaskService finished executing. cause:9 result: 1 elapsed_millis: 8 uptime_millis: 8 exec_start_elapsed_seconds: 4322 [CONTEXT service_id=218 ]
07-13 17:42:41.370 11372 12258 D Documents: Before filtering 3, after 0
07-13 17:42:41.370 11372 12258 D MultiRootDocsLoader: Found 1 of 1 queries done
07-13 17:42:41.371 11372 11372 D AbstractActionHandler: Loader has finished for: content:/document/null
07-13 17:42:41.371 11372 11372 I Model   : Updating model with new result set.
07-13 17:42:41.371 11372 11372 D DirectoryFragment: Received model update. Loading=false
07-13 17:42:41.371 11372 11372 D DefaultSelectionTracker: Ignoring onDataSetChange. No active selection.
07-13 17:42:46.070  1090  1090 D TaplEvents: TIS / TouchInteractionService.onInputEvent: MotionEvent { action=ACTION_DOWN, actionButton=0, id[0]=0, x[0]=1342.0437, y[0]=83.97949, toolType[0]=TOOL_TYPE_FINGER, buttonState=0, classification=NONE, metaState=0, flags=0x0, edgeFlags=0x0, pointerCount=1, historySize=0, eventTime=4327385, downTime=4327385, deviceId=3, source=0x5002, displayId=0, eventId=560226111 }
07-13 17:42:46.188  1090  1090 D TaplEvents: TIS / TouchInteractionService.onInputEvent: MotionEvent { action=ACTION_UP, actionButton=0, id[0]=0, x[0]=1342.0437, y[0]=83.97949, toolType[0]=TOOL_TYPE_FINGER, buttonState=0, classification=NONE, metaState=0, flags=0x0, edgeFlags=0x0, pointerCount=1, historySize=0, eventTime=4327505, downTime=4327385, deviceId=3, source=0x5002, displayId=0, eventId=916867578 }
07-13 17:42:46.208 11372 11417 D EGL_emulation: app_time_stats: avg=1864.91ms min=18.68ms max=4824.80ms count=3
07-13 17:42:46.241   341   469 D AudioFlinger: mixer(0xb400007417d729a0) throttle end: throttle time(34)
07-13 17:42:46.243 11372 11417 W Parcel  : Expecting binder but got null!
07-13 17:42:46.247   505  1931 D CoreBackPreview: Window{60c1d5c u0 PopupWindow:4a485f0}: Setting back callback OnBackInvokedCallbackInfo{mCallback=android.window.IOnBackInvokedCallback$Stub$Proxy@f1ef06, mPriority=0}
07-13 17:42:46.252 11372 11417 E OpenGLRenderer: Unable to match the desired swap behavior.
07-13 17:42:46.262   344   384 W TransactionTracing: Could not find layer id -1
07-13 17:42:47.217 11372 11417 D EGL_emulation: app_time_stats: avg=17.41ms min=1.94ms max=48.88ms count=56
07-13 17:42:47.745   344   384 W TransactionTracing: Could not find layer id -1
07-13 17:42:47.745   344   384 W TransactionTracing: Could not find layer id -1
07-13 17:42:47.864 11372 11417 D EGL_emulation: app_time_stats: avg=91.17ms min=0.59ms max=1335.32ms count=17
07-13 17:42:48.228   344   384 W TransactionTracing: Could not find layer id -1
07-13 17:42:48.228   344   384 W TransactionTracing: Could not find layer id -1
07-13 17:42:48.232 11372 11417 D EGL_emulation: app_time_stats: avg=16.65ms min=15.20ms max=17.94ms count=61
07-13 17:42:49.232 11372 11417 D EGL_emulation: app_time_stats: avg=16.66ms min=12.77ms max=20.54ms count=60
07-13 17:42:49.244   344   384 W TransactionTracing: Could not find layer id -1
07-13 17:42:49.245   344   384 W TransactionTracing: Could not find layer id -1
07-13 17:42:49.245   344   384 W TransactionTracing: Could not find layer id -1
07-13 17:42:49.245   344   384 W TransactionTracing: Could not find layer id -1
07-13 17:42:49.245   344   384 W TransactionTracing: Could not find layer id -1
07-13 17:42:49.245   344   384 W TransactionTracing: Could not find layer id -1
07-13 17:42:49.514   344   384 W TransactionTracing: Could not find layer id -1
07-13 17:42:49.796   344   384 W TransactionTracing: Could not find layer id -1
07-13 17:42:49.796   344   384 W TransactionTracing: Could not find layer id -1
07-13 17:42:49.846 11071 11071 D BoundBrokerSvc: onUnbind: Intent { act=com.google.android.gms.safetynet.service.START pkg=com.google.android.gms }
07-13 17:42:50.146   344   384 W TransactionTracing: Could not find layer id -1
07-13 17:42:50.233 11372 11417 D EGL_emulation: app_time_stats: avg=17.23ms min=14.65ms max=51.20ms count=58
07-13 17:42:51.250 11372 11417 D EGL_emulation: app_time_stats: avg=16.66ms min=13.70ms max=19.55ms count=61
07-13 17:42:51.361   505  1931 W JobScheduler: Job didn't exist in JobStore: da7d259 #u0a145/1034 com.google.android.apps.photos/com.google.android.libraries.social.mediamonitor.MediaMonitorJobSchedulerService
07-13 17:42:51.363   505  1931 W UriGrantsManagerService: No permission grants found for com.google.android.apps.photos
07-13 17:42:51.363   505  1931 W UriGrantsManagerService: No permission grants found for com.google.android.apps.photos
07-13 17:42:51.374   505  1931 W UriGrantsManagerService: No permission grants found for com.google.android.apps.photos
07-13 17:42:51.374   505  1931 W UriGrantsManagerService: No permission grants found for com.google.android.apps.photos
07-13 17:42:51.382   505  1931 W UriGrantsManagerService: No permission grants found for com.google.android.apps.photos
07-13 17:42:51.382   505  1931 W UriGrantsManagerService: No permission grants found for com.google.android.apps.photos
07-13 17:42:52.266 11372 11417 D EGL_emulation: app_time_stats: avg=16.64ms min=15.10ms max=18.28ms count=61
07-13 17:42:53.098   344   384 W TransactionTracing: Could not find layer id -1
07-13 17:42:53.098   344   384 W TransactionTracing: Could not find layer id -1
07-13 17:42:53.098   344   384 W TransactionTracing: Could not find layer id -1
07-13 17:42:53.098   344   384 W TransactionTracing: Could not find layer id -1
07-13 17:42:53.098   344   384 W TransactionTracing: Could not find layer id -1
07-13 17:42:53.098   344   384 W TransactionTracing: Could not find layer id -1
07-13 17:42:53.762   326   326 E android.hardware.power.stats@1.0-service-mock: Failed to getEnergyData
07-13 17:42:54.026   505  1931 D WifiNl80211Manager: Scan result ready event
07-13 17:42:54.026   505  1931 D WifiNative: Scan result ready event
07-13 17:42:55.040  1090  1090 D TaplEvents: TIS / TouchInteractionService.onInputEvent: MotionEvent { action=ACTION_DOWN, actionButton=0, id[0]=0, x[0]=333.04724, y[0]=711.9404, toolType[0]=TOOL_TYPE_FINGER, buttonState=0, classification=NONE, metaState=0, flags=0x0, edgeFlags=0x0, pointerCount=1, historySize=0, eventTime=4336355, downTime=4336355, deviceId=3, source=0x5002, displayId=0, eventId=799294324 }
07-13 17:42:55.059 11372 11417 D EGL_emulation: app_time_stats: avg=423.07ms min=14.06ms max=6929.16ms count=17
07-13 17:42:55.079   344   384 W TransactionTracing: Could not find layer handle 0xb400007a05e7d610
07-13 17:42:55.079   344   384 W TransactionTracing: Could not find layer handle 0xb400007a05e79650
07-13 17:42:55.081  1576  1576 I GoogleInputMethodService: GoogleInputMethodService.onFinishInput():3227 
07-13 17:42:55.082  1576  1576 I GoogleInputMethodService: GoogleInputMethodService.updateDeviceLockedStatus():2087 repeatCheckTimes = 0, unlocked = true
07-13 17:42:55.082  1576  1576 I GoogleInputMethodService: GoogleInputMethodService.onStartInput():1877 onStartInput(EditorInfo{inputType=0x0(NULL) imeOptions=0x0 privateImeOptions=null actionName=UNSPECIFIED actionLabel=null actionId=0 initialSelStart=-1 initialSelEnd=-1 initialCapsMode=0x0 hintText=null label=null packageName=com.google.android.documentsui fieldId=-1 fieldName=null extras=null}, false)
07-13 17:42:55.082  1576  1576 I GoogleInputMethodService: GoogleInputMethodService.shouldHideHeaderOnInitialState():4008 ShouldHideHeaderOnInitialState = false
07-13 17:42:55.082  1576  1576 I GoogleInputMethodService: GoogleInputMethodService.updateDeviceLockedStatus():2087 repeatCheckTimes = 2, unlocked = true
07-13 17:42:55.100 11372 11417 D EGL_emulation: app_time_stats: avg=49.70ms min=13.93ms max=1901.49ms count=57
07-13 17:42:55.102  1090  1090 D TaplEvents: TIS / TouchInteractionService.onInputEvent: MotionEvent { action=ACTION_UP, actionButton=0, id[0]=0, x[0]=333.04724, y[0]=533.92676, toolType[0]=TOOL_TYPE_FINGER, buttonState=0, classification=NONE, metaState=0, flags=0x0, edgeFlags=0x0, pointerCount=1, historySize=0, eventTime=4336418, downTime=4336355, deviceId=3, source=0x5002, displayId=0, eventId=661892864 }
07-13 17:42:55.102  1090  1090 D TaplEvents: TIS / TouchInteractionService.onInputEvent: MotionEvent { action=ACTION_DOWN, actionButton=0, id[0]=0, x[0]=333.04724, y[0]=711.9404, toolType[0]=TOOL_TYPE_FINGER, buttonState=0, classification=NONE, metaState=0, flags=0x0, edgeFlags=0x0, pointerCount=1, historySize=0, eventTime=4336418, downTime=4336418, deviceId=3, source=0x5002, displayId=0, eventId=50545471 }
07-13 17:42:55.118  1090  1090 D TaplEvents: TIS / TouchInteractionService.onInputEvent: MotionEvent { action=ACTION_UP, actionButton=0, id[0]=0, x[0]=333.04724, y[0]=591.9697, toolType[0]=TOOL_TYPE_FINGER, buttonState=0, classification=NONE, metaState=0, flags=0x0, edgeFlags=0x0, pointerCount=1, historySize=0, eventTime=4336434, downTime=4336418, deviceId=3, source=0x5002, displayId=0, eventId=125752615 }
07-13 17:42:55.118  1090  1090 D TaplEvents: TIS / TouchInteractionService.onInputEvent: MotionEvent { action=ACTION_DOWN, actionButton=0, id[0]=0, x[0]=333.04724, y[0]=711.9404, toolType[0]=TOOL_TYPE_FINGER, buttonState=0, classification=NONE, metaState=0, flags=0x0, edgeFlags=0x0, pointerCount=1, historySize=0, eventTime=4336434, downTime=4336434, deviceId=3, source=0x5002, displayId=0, eventId=384299631 }
07-13 17:42:55.130  1090  1090 D TaplEvents: TIS / TouchInteractionService.onInputEvent: MotionEvent { action=ACTION_UP, actionButton=0, id[0]=0, x[0]=333.04724, y[0]=567.9756, toolType[0]=TOOL_TYPE_FINGER, buttonState=0, classification=NONE, metaState=0, flags=0x0, edgeFlags=0x0, pointerCount=1, historySize=0, eventTime=4336446, downTime=4336434, deviceId=3, source=0x5002, displayId=0, eventId=737239751 }
07-13 17:42:55.130  1090  1090 D TaplEvents: TIS / TouchInteractionService.onInputEvent: MotionEvent { action=ACTION_DOWN, actionButton=0, id[0]=0, x[0]=333.04724, y[0]=711.9404, toolType[0]=TOOL_TYPE_FINGER, buttonState=0, classification=NONE, metaState=0, flags=0x0, edgeFlags=0x0, pointerCount=1, historySize=0, eventTime=4336446, downTime=4336446, deviceId=3, source=0x5002, displayId=0, eventId=965804699 }
07-13 17:42:55.147  1090  1090 D TaplEvents: TIS / TouchInteractionService.onInputEvent: MotionEvent { action=ACTION_UP, actionButton=0, id[0]=0, x[0]=333.04724, y[0]=539.9824, toolType[0]=TOOL_TYPE_FINGER, buttonState=0, classification=NONE, metaState=0, flags=0x0, edgeFlags=0x0, pointerCount=1, historySize=0, eventTime=4336463, downTime=4336446, deviceId=3, source=0x5002, displayId=0, eventId=745973225 }
07-13 17:42:55.147  1090  1090 D TaplEvents: TIS / TouchInteractionService.onInputEvent: MotionEvent { action=ACTION_DOWN, actionButton=0, id[0]=0, x[0]=333.04724, y[0]=711.9404, toolType[0]=TOOL_TYPE_FINGER, buttonState=0, classification=NONE, metaState=0, flags=0x0, edgeFlags=0x0, pointerCount=1, historySize=0, eventTime=4336463, downTime=4336463, deviceId=3, source=0x5002, displayId=0, eventId=298263303 }
07-13 17:42:55.163  1090  1090 D TaplEvents: TIS / TouchInteractionService.onInputEvent: MotionEvent { action=ACTION_UP, actionButton=0, id[0]=0, x[0]=333.04724, y[0]=524.9575, toolType[0]=TOOL_TYPE_FINGER, buttonState=0, classification=NONE, metaState=0, flags=0x0, edgeFlags=0x0, pointerCount=1, historySize=0, eventTime=4336479, downTime=4336463, deviceId=3, source=0x5002, displayId=0, eventId=937387320 }
07-13 17:42:55.164  1090  1090 D TaplEvents: TIS / TouchInteractionService.onInputEvent: MotionEvent { action=ACTION_DOWN, actionButton=0, id[0]=0, x[0]=333.04724, y[0]=711.9404, toolType[0]=TOOL_TYPE_FINGER, buttonState=0, classification=NONE, metaState=0, flags=0x0, edgeFlags=0x0, pointerCount=1, historySize=0, eventTime=4336479, downTime=4336479, deviceId=3, source=0x5002, displayId=0, eventId=684590783 }
07-13 17:42:55.175  1090  1090 D TaplEvents: TIS / TouchInteractionService.onInputEvent: MotionEvent { action=ACTION_UP, actionButton=0, id[0]=0, x[0]=333.04724, y[0]=526.95703, toolType[0]=TOOL_TYPE_FINGER, buttonState=0, classification=NONE, metaState=0, flags=0x0, edgeFlags=0x0, pointerCount=1, historySize=0, eventTime=4336492, downTime=4336479, deviceId=3, source=0x5002, displayId=0, eventId=1037346376 }
07-13 17:42:55.175  1090  1090 D TaplEvents: TIS / TouchInteractionService.onInputEvent: MotionEvent { action=ACTION_DOWN, actionButton=0, id[0]=0, x[0]=333.04724, y[0]=711.9404, toolType[0]=TOOL_TYPE_FINGER, buttonState=0, classification=NONE, metaState=0, flags=0x0, edgeFlags=0x0, pointerCount=1, historySize=0, eventTime=4336492, downTime=4336492, deviceId=3, source=0x5002, displayId=0, eventId=293454301 }
07-13 17:42:55.192  1090  1090 D TaplEvents: TIS / TouchInteractionService.onInputEvent: MotionEvent { action=ACTION_UP, actionButton=0, id[0]=0, x[0]=333.04724, y[0]=518.959, toolType[0]=TOOL_TYPE_FINGER, buttonState=0, classification=NONE, metaState=0, flags=0x0, edgeFlags=0x0, pointerCount=1, historySize=0, eventTime=4336509, downTime=4336492, deviceId=3, source=0x5002, displayId=0, eventId=885972141 }
07-13 17:42:55.192  1090  1090 D TaplEvents: TIS / TouchInteractionService.onInputEvent: MotionEvent { action=ACTION_DOWN, actionButton=0, id[0]=0, x[0]=333.04724, y[0]=711.9404, toolType[0]=TOOL_TYPE_FINGER, buttonState=0, classification=NONE, metaState=0, flags=0x0, edgeFlags=0x0, pointerCount=1, historySize=0, eventTime=4336509, downTime=4336509, deviceId=3, source=0x5002, displayId=0, eventId=204870992 }
07-13 17:42:55.195   344   384 W TransactionTracing: Could not find layer id -1
07-13 17:42:55.209  1090  1090 D TaplEvents: TIS / TouchInteractionService.onInputEvent: MotionEvent { action=ACTION_UP, actionButton=0, id[0]=0, x[0]=333.04724, y[0]=522.958, toolType[0]=TOOL_TYPE_FINGER, buttonState=0, classification=NONE, metaState=0, flags=0x0, edgeFlags=0x0, pointerCount=1, historySize=0, eventTime=4336525, downTime=4336509, deviceId=3, source=0x5002, displayId=0, eventId=682902522 }
07-13 17:42:55.209  1090  1090 D TaplEvents: TIS / TouchInteractionService.onInputEvent: MotionEvent { action=ACTION_DOWN, actionButton=0, id[0]=0, x[0]=333.04724, y[0]=711.9404, toolType[0]=TOOL_TYPE_FINGER, buttonState=0, classification=NONE, metaState=0, flags=0x0, edgeFlags=0x0, pointerCount=1, historySize=0, eventTime=4336525, downTime=4336525, deviceId=3, source=0x5002, displayId=0, eventId=455546679 }
07-13 17:42:55.226  1090  1090 D TaplEvents: TIS / TouchInteractionService.onInputEvent: MotionEvent { action=ACTION_UP, actionButton=0, id[0]=0, x[0]=333.04724, y[0]=524.9575, toolType[0]=TOOL_TYPE_FINGER, buttonState=0, classification=NONE, metaState=0, flags=0x0, edgeFlags=0x0, pointerCount=1, historySize=0, eventTime=4336542, downTime=4336525, deviceId=3, source=0x5002, displayId=0, eventId=479258642 }
07-13 17:42:55.226  1090  1090 D TaplEvents: TIS / TouchInteractionService.onInputEvent: MotionEvent { action=ACTION_DOWN, actionButton=0, id[0]=0, x[0]=333.04724, y[0]=711.9404, toolType[0]=TOOL_TYPE_FINGER, buttonState=0, classification=NONE, metaState=0, flags=0x0, edgeFlags=0x0, pointerCount=1, historySize=0, eventTime=4336542, downTime=4336542, deviceId=3, source=0x5002, displayId=0, eventId=344250632 }
07-13 17:42:55.235  1090  1090 D TaplEvents: TIS / TouchInteractionService.onInputEvent: MotionEvent { action=ACTION_UP, actionButton=0, id[0]=0, x[0]=333.04724, y[0]=528.95654, toolType[0]=TOOL_TYPE_FINGER, buttonState=0, classification=NONE, metaState=0, flags=0x0, edgeFlags=0x0, pointerCount=1, historySize=0, eventTime=4336551, downTime=4336542, deviceId=3, source=0x5002, displayId=0, eventId=55201444 }
07-13 17:42:55.235  1090  1090 D TaplEvents: TIS / TouchInteractionService.onInputEvent: MotionEvent { action=ACTION_DOWN, actionButton=0, id[0]=0, x[0]=333.04724, y[0]=711.9404, toolType[0]=TOOL_TYPE_FINGER, buttonState=0, classification=NONE, metaState=0, flags=0x0, edgeFlags=0x0, pointerCount=1, historySize=0, eventTime=4336551, downTime=4336551, deviceId=3, source=0x5002, displayId=0, eventId=526640126 }
07-13 17:42:55.251  1090  1090 D TaplEvents: TIS / TouchInteractionService.onInputEvent: MotionEvent { action=ACTION_UP, actionButton=0, id[0]=0, x[0]=333.04724, y[0]=528.95654, toolType[0]=TOOL_TYPE_FINGER, buttonState=0, classification=NONE, metaState=0, flags=0x0, edgeFlags=0x0, pointerCount=1, historySize=0, eventTime=4336568, downTime=4336551, deviceId=3, source=0x5002, displayId=0, eventId=745317815 }
07-13 17:42:55.251  1090  1090 D TaplEvents: TIS / TouchInteractionService.onInputEvent: MotionEvent { action=ACTION_DOWN, actionButton=0, id[0]=0, x[0]=333.04724, y[0]=711.9404, toolType[0]=TOOL_TYPE_FINGER, buttonState=0, classification=NONE, metaState=0, flags=0x0, edgeFlags=0x0, pointerCount=1, historySize=0, eventTime=4336568, downTime=4336568, deviceId=3, source=0x5002, displayId=0, eventId=919956117 }
07-13 17:42:55.270  1090  1090 D TaplEvents: TIS / TouchInteractionService.onInputEvent: MotionEvent { action=ACTION_UP, actionButton=0, id[0]=0, x[0]=333.04724, y[0]=531.92725, toolType[0]=TOOL_TYPE_FINGER, buttonState=0, classification=NONE, metaState=0, flags=0x0, edgeFlags=0x0, pointerCount=1, historySize=0, eventTime=4336587, downTime=4336568, deviceId=3, source=0x5002, displayId=0, eventId=873286987 }
07-13 17:42:55.271  1090  1090 D TaplEvents: TIS / TouchInteractionService.onInputEvent: MotionEvent { action=ACTION_DOWN, actionButton=0, id[0]=0, x[0]=333.04724, y[0]=711.9404, toolType[0]=TOOL_TYPE_FINGER, buttonState=0, classification=NONE, metaState=0, flags=0x0, edgeFlags=0x0, pointerCount=1, historySize=0, eventTime=4336587, downTime=4336587, deviceId=3, source=0x5002, displayId=0, eventId=989856697 }
07-13 17:42:55.287  1090  1090 D TaplEvents: TIS / TouchInteractionService.onInputEvent: MotionEvent { action=ACTION_UP, actionButton=0, id[0]=0, x[0]=333.04724, y[0]=526.95703, toolType[0]=TOOL_TYPE_FINGER, buttonState=0, classification=NONE, metaState=0, flags=0x0, edgeFlags=0x0, pointerCount=1, historySize=0, eventTime=4336603, downTime=4336587, deviceId=3, source=0x5002, displayId=0, eventId=296547965 }
07-13 17:42:55.287  1090  1090 D TaplEvents: TIS / TouchInteractionService.onInputEvent: MotionEvent { action=ACTION_DOWN, actionButton=0, id[0]=0, x[0]=333.04724, y[0]=711.9404, toolType[0]=TOOL_TYPE_FINGER, buttonState=0, classification=NONE, metaState=0, flags=0x0, edgeFlags=0x0, pointerCount=1, historySize=0, eventTime=4336603, downTime=4336603, deviceId=3, source=0x5002, displayId=0, eventId=782182224 }
07-13 17:42:55.295   344   384 W TransactionTracing: Could not find layer id -1
07-13 17:42:55.295   344   384 W TransactionTracing: Could not find layer id -1
07-13 17:42:55.296  1090  1090 D TaplEvents: TIS / TouchInteractionService.onInputEvent: MotionEvent { action=ACTION_UP, actionButton=0, id[0]=0, x[0]=333.04724, y[0]=531.92725, toolType[0]=TOOL_TYPE_FINGER, buttonState=0, classification=NONE, metaState=0, flags=0x0, edgeFlags=0x0, pointerCount=1, historySize=0, eventTime=4336611, downTime=4336603, deviceId=3, source=0x5002, displayId=0, eventId=966338286 }
07-13 17:42:55.296  1090  1090 D TaplEvents: TIS / TouchInteractionService.onInputEvent: MotionEvent { action=ACTION_DOWN, actionButton=0, id[0]=0, x[0]=333.04724, y[0]=711.9404, toolType[0]=TOOL_TYPE_FINGER, buttonState=0, classification=NONE, metaState=0, flags=0x0, edgeFlags=0x0, pointerCount=1, historySize=0, eventTime=4336611, downTime=4336611, deviceId=3, source=0x5002, displayId=0, eventId=508122281 }
07-13 17:42:55.312  1090  1090 D TaplEvents: TIS / TouchInteractionService.onInputEvent: MotionEvent { action=ACTION_UP, actionButton=0, id[0]=0, x[0]=333.04724, y[0]=526.95703, toolType[0]=TOOL_TYPE_FINGER, buttonState=0, classification=NONE, metaState=0, flags=0x0, edgeFlags=0x0, pointerCount=1, historySize=0, eventTime=4336628, downTime=4336611, deviceId=3, source=0x5002, displayId=0, eventId=976995877 }
07-13 17:42:55.312  1090  1090 D TaplEvents: TIS / TouchInteractionService.onInputEvent: MotionEvent { action=ACTION_DOWN, actionButton=0, id[0]=0, x[0]=333.04724, y[0]=711.9404, toolType[0]=TOOL_TYPE_FINGER, buttonState=0, classification=NONE, metaState=0, flags=0x0, edgeFlags=0x0, pointerCount=1, historySize=0, eventTime=4336628, downTime=4336628, deviceId=3, source=0x5002, displayId=0, eventId=619539362 }
07-13 17:42:55.328  1090  1090 D TaplEvents: TIS / TouchInteractionService.onInputEvent: MotionEvent { action=ACTION_UP, actionButton=0, id[0]=0, x[0]=333.04724, y[0]=520.9585, toolType[0]=TOOL_TYPE_FINGER, buttonState=0, classification=NONE, metaState=0, flags=0x0, edgeFlags=0x0, pointerCount=1, historySize=0, eventTime=4336644, downTime=4336628, deviceId=3, source=0x5002, displayId=0, eventId=481028723 }
07-13 17:42:55.328  1090  1090 D TaplEvents: TIS / TouchInteractionService.onInputEvent: MotionEvent { action=ACTION_DOWN, actionButton=0, id[0]=0, x[0]=333.04724, y[0]=711.9404, toolType[0]=TOOL_TYPE_FINGER, buttonState=0, classification=NONE, metaState=0, flags=0x0, edgeFlags=0x0, pointerCount=1, historySize=0, eventTime=4336644, downTime=4336644, deviceId=3, source=0x5002, displayId=0, eventId=218012001 }
07-13 17:42:55.346  1090  1090 D TaplEvents: TIS / TouchInteractionService.onInputEvent: MotionEvent { action=ACTION_UP, actionButton=0, id[0]=0, x[0]=333.04724, y[0]=515.93115, toolType[0]=TOOL_TYPE_FINGER, buttonState=0, classification=NONE, metaState=0, flags=0x0, edgeFlags=0x0, pointerCount=1, historySize=0, eventTime=4336662, downTime=4336644, deviceId=3, source=0x5002, displayId=0, eventId=456204439 }
07-13 17:42:55.346  1090  1090 D TaplEvents: TIS / TouchInteractionService.onInputEvent: MotionEvent { action=ACTION_DOWN, actionButton=0, id[0]=0, x[0]=333.04724, y[0]=711.9404, toolType[0]=TOOL_TYPE_FINGER, buttonState=0, classification=NONE, metaState=0, flags=0x0, edgeFlags=0x0, pointerCount=1, historySize=0, eventTime=4336662, downTime=4336662, deviceId=3, source=0x5002, displayId=0, eventId=96970232 }
07-13 17:42:55.362  1090  1090 D TaplEvents: TIS / TouchInteractionService.onInputEvent: MotionEvent { action=ACTION_UP, actionButton=0, id[0]=0, x[0]=333.04724, y[0]=511.93213, toolType[0]=TOOL_TYPE_FINGER, buttonState=0, classification=NONE, metaState=0, flags=0x0, edgeFlags=0x0, pointerCount=1, historySize=0, eventTime=4336678, downTime=4336662, deviceId=3, source=0x5002, displayId=0, eventId=393857618 }
07-13 17:42:55.362  1090  1090 D TaplEvents: TIS / TouchInteractionService.onInputEvent: MotionEvent { action=ACTION_DOWN, actionButton=0, id[0]=0, x[0]=333.04724, y[0]=711.9404, toolType[0]=TOOL_TYPE_FINGER, buttonState=0, classification=NONE, metaState=0, flags=0x0, edgeFlags=0x0, pointerCount=1, historySize=0, eventTime=4336678, downTime=4336678, deviceId=3, source=0x5002, displayId=0, eventId=447777394 }
07-13 17:42:55.362   505  1931 D CoreBackPreview: Window{60c1d5c u0 PopupWindow:4a485f0}: Setting back callback null
07-13 17:42:55.364   505  1931 W InputManager-JNI: Input channel object '60c1d5c PopupWindow:4a485f0 (client)' was disposed without first being removed with the input manager!
07-13 17:42:55.370   505   616 W InputDispatcher: Window 60c1d5c PopupWindow:4a485f0 already unregistered input channel
07-13 17:42:55.370  1090  1090 D TaplEvents: TIS / TouchInteractionService.onInputEvent: MotionEvent { action=ACTION_UP, actionButton=0, id[0]=0, x[0]=333.04724, y[0]=520.9585, toolType[0]=TOOL_TYPE_FINGER, buttonState=0, classification=NONE, metaState=0, flags=0x0, edgeFlags=0x0, pointerCount=1, historySize=0, eventTime=4336687, downTime=4336678, deviceId=3, source=0x5002, displayId=0, eventId=931591255 }
07-13 17:42:55.371  1090  1090 D TaplEvents: TIS / TouchInteractionService.onInputEvent: MotionEvent { action=ACTION_DOWN, actionButton=0, id[0]=0, x[0]=333.04724, y[0]=711.9404, toolType[0]=TOOL_TYPE_FINGER, buttonState=0, classification=NONE, metaState=0, flags=0x0, edgeFlags=0x0, pointerCount=1, historySize=0, eventTime=4336687, downTime=4336687, deviceId=3, source=0x5002, displayId=0, eventId=751150178 }
07-13 17:42:55.378   344   384 W TransactionTracing: Could not find layer handle 0xb400007a05e79170
07-13 17:42:55.378   344   384 W TransactionTracing: Could not find layer handle 0xb400007a05e79a10
07-13 17:42:55.387  1090  1090 D TaplEvents: TIS / TouchInteractionService.onInputEvent: MotionEvent { action=ACTION_UP, actionButton=0, id[0]=0, x[0]=333.04724, y[0]=518.959, toolType[0]=TOOL_TYPE_FINGER, buttonState=0, classification=NONE, metaState=0, flags=0x0, edgeFlags=0x0, pointerCount=1, historySize=0, eventTime=4336703, downTime=4336687, deviceId=3, source=0x5002, displayId=0, eventId=567274338 }
07-13 17:42:55.387  1090  1090 D TaplEvents: TIS / TouchInteractionService.onInputEvent: MotionEvent { action=ACTION_DOWN, actionButton=0, id[0]=0, x[0]=333.04724, y[0]=711.9404, toolType[0]=TOOL_TYPE_FINGER, buttonState=0, classification=NONE, metaState=0, flags=0x0, edgeFlags=0x0, pointerCount=1, historySize=0, eventTime=4336703, downTime=4336703, deviceId=3, source=0x5002, displayId=0, eventId=202486214 }
07-13 17:42:55.404  1090  1090 D TaplEvents: TIS / TouchInteractionService.onInputEvent: MotionEvent { action=ACTION_UP, actionButton=0, id[0]=0, x[0]=333.04724, y[0]=518.959, toolType[0]=TOOL_TYPE_FINGER, buttonState=0, classification=NONE, metaState=0, flags=0x0, edgeFlags=0x0, pointerCount=1, historySize=0, eventTime=4336720, downTime=4336703, deviceId=3, source=0x5002, displayId=0, eventId=513186337 }
07-13 17:42:55.404  1090  1090 D TaplEvents: TIS / TouchInteractionService.onInputEvent: MotionEvent { action=ACTION_DOWN, actionButton=0, id[0]=0, x[0]=333.04724, y[0]=711.9404, toolType[0]=TOOL_TYPE_FINGER, buttonState=0, classification=NONE, metaState=0, flags=0x0, edgeFlags=0x0, pointerCount=1, historySize=0, eventTime=4336720, downTime=4336720, deviceId=3, source=0x5002, displayId=0, eventId=494584865 }
07-13 17:42:55.411   344   384 W TransactionTracing: Could not find layer id -1
07-13 17:42:55.411   344   384 W TransactionTracing: Could not find layer id -1
07-13 17:42:55.411   344   384 W TransactionTracing: Could not find layer id -1
07-13 17:42:55.411   344   384 W TransactionTracing: Could not find layer id -1
07-13 17:42:55.420  1090  1090 D TaplEvents: TIS / TouchInteractionService.onInputEvent: MotionEvent { action=ACTION_UP, actionButton=0, id[0]=0, x[0]=333.04724, y[0]=520.9585, toolType[0]=TOOL_TYPE_FINGER, buttonState=0, classification=NONE, metaState=0, flags=0x0, edgeFlags=0x0, pointerCount=1, historySize=0, eventTime=4336737, downTime=4336720, deviceId=3, source=0x5002, displayId=0, eventId=382997539 }
07-13 17:42:55.420  1090  1090 D TaplEvents: TIS / TouchInteractionService.onInputEvent: MotionEvent { action=ACTION_DOWN, actionButton=0, id[0]=0, x[0]=333.04724, y[0]=711.9404, toolType[0]=TOOL_TYPE_FINGER, buttonState=0, classification=NONE, metaState=0, flags=0x0, edgeFlags=0x0, pointerCount=1, historySize=0, eventTime=4336737, downTime=4336737, deviceId=3, source=0x5002, displayId=0, eventId=906007402 }
07-13 17:42:55.437  1090  1090 D TaplEvents: TIS / TouchInteractionService.onInputEvent: MotionEvent { action=ACTION_UP, actionButton=0, id[0]=0, x[0]=333.04724, y[0]=522.958, toolType[0]=TOOL_TYPE_FINGER, buttonState=0, classification=NONE, metaState=0, flags=0x0, edgeFlags=0x0, pointerCount=1, historySize=0, eventTime=4336753, downTime=4336737, deviceId=3, source=0x5002, displayId=0, eventId=1009048475 }
07-13 17:42:55.437  1090  1090 D TaplEvents: TIS / TouchInteractionService.onInputEvent: MotionEvent { action=ACTION_DOWN, actionButton=0, id[0]=0, x[0]=333.04724, y[0]=711.9404, toolType[0]=TOOL_TYPE_FINGER, buttonState=0, classification=NONE, metaState=0, flags=0x0, edgeFlags=0x0, pointerCount=1, historySize=0, eventTime=4336753, downTime=4336753, deviceId=3, source=0x5002, displayId=0, eventId=302590132 }
07-13 17:42:55.445  1090  1090 D TaplEvents: TIS / TouchInteractionService.onInputEvent: MotionEvent { action=ACTION_UP, actionButton=0, id[0]=0, x[0]=333.04724, y[0]=533.92676, toolType[0]=TOOL_TYPE_FINGER, buttonState=0, classification=NONE, metaState=0, flags=0x0, edgeFlags=0x0, pointerCount=1, historySize=0, eventTime=4336761, downTime=4336753, deviceId=3, source=0x5002, displayId=0, eventId=781818207 }
07-13 17:42:55.445  1090  1090 D TaplEvents: TIS / TouchInteractionService.onInputEvent: MotionEvent { action=ACTION_DOWN, actionButton=0, id[0]=0, x[0]=333.04724, y[0]=711.9404, toolType[0]=TOOL_TYPE_FINGER, buttonState=0, classification=NONE, metaState=0, flags=0x0, edgeFlags=0x0, pointerCount=1, historySize=0, eventTime=4336761, downTime=4336761, deviceId=3, source=0x5002, displayId=0, eventId=511303293 }
07-13 17:42:55.463  1090  1090 D TaplEvents: TIS / TouchInteractionService.onInputEvent: MotionEvent { action=ACTION_UP, actionButton=0, id[0]=0, x[0]=333.04724, y[0]=533.92676, toolType[0]=TOOL_TYPE_FINGER, buttonState=0, classification=NONE, metaState=0, flags=0x0, edgeFlags=0x0, pointerCount=1, historySize=0, eventTime=4336778, downTime=4336761, deviceId=3, source=0x5002, displayId=0, eventId=461767219 }
07-13 17:42:55.463  1090  1090 D TaplEvents: TIS / TouchInteractionService.onInputEvent: MotionEvent { action=ACTION_DOWN, actionButton=0, id[0]=0, x[0]=333.04724, y[0]=711.9404, toolType[0]=TOOL_TYPE_FINGER, buttonState=0, classification=NONE, metaState=0, flags=0x0, edgeFlags=0x0, pointerCount=1, historySize=0, eventTime=4336778, downTime=4336778, deviceId=3, source=0x5002, displayId=0, eventId=664444079 }
07-13 17:42:55.479  1090  1090 D TaplEvents: TIS / TouchInteractionService.onInputEvent: MotionEvent { action=ACTION_UP, actionButton=0, id[0]=0, x[0]=333.04724, y[0]=535.9834, toolType[0]=TOOL_TYPE_FINGER, buttonState=0, classification=NONE, metaState=0, flags=0x0, edgeFlags=0x0, pointerCount=1, historySize=0, eventTime=4336795, downTime=4336778, deviceId=3, source=0x5002, displayId=0, eventId=819264258 }
07-13 17:42:55.480  1090  1090 D TaplEvents: TIS / TouchInteractionService.onInputEvent: MotionEvent { action=ACTION_DOWN, actionButton=0, id[0]=0, x[0]=333.04724, y[0]=711.9404, toolType[0]=TOOL_TYPE_FINGER, buttonState=0, classification=NONE, metaState=0, flags=0x0, edgeFlags=0x0, pointerCount=1, historySize=0, eventTime=4336795, downTime=4336795, deviceId=3, source=0x5002, displayId=0, eventId=681794458 }
07-13 17:42:55.496  1090  1090 D TaplEvents: TIS / TouchInteractionService.onInputEvent: MotionEvent { action=ACTION_UP, actionButton=0, id[0]=0, x[0]=333.04724, y[0]=539.9824, toolType[0]=TOOL_TYPE_FINGER, buttonState=0, classification=NONE, metaState=0, flags=0x0, edgeFlags=0x0, pointerCount=1, historySize=0, eventTime=4336812, downTime=4336795, deviceId=3, source=0x5002, displayId=0, eventId=532141314 }
07-13 17:42:55.496  1090  1090 D TaplEvents: TIS / TouchInteractionService.onInputEvent: MotionEvent { action=ACTION_DOWN, actionButton=0, id[0]=0, x[0]=333.04724, y[0]=711.9404, toolType[0]=TOOL_TYPE_FINGER, buttonState=0, classification=NONE, metaState=0, flags=0x0, edgeFlags=0x0, pointerCount=1, historySize=0, eventTime=4336812, downTime=4336812, deviceId=3, source=0x5002, displayId=0, eventId=14723473 }
07-13 17:42:55.513  1090  1090 D TaplEvents: TIS / TouchInteractionService.onInputEvent: MotionEvent { action=ACTION_UP, actionButton=0, id[0]=0, x[0]=333.04724, y[0]=544.95264, toolType[0]=TOOL_TYPE_FINGER, buttonState=0, classification=NONE, metaState=0, flags=0x0, edgeFlags=0x0, pointerCount=1, historySize=0, eventTime=4336829, downTime=4336812, deviceId=3, source=0x5002, displayId=0, eventId=799757083 }
07-13 17:42:55.514  1090  1090 D TaplEvents: TIS / TouchInteractionService.onInputEvent: MotionEvent { action=ACTION_DOWN, actionButton=0, id[0]=0, x[0]=333.04724, y[0]=711.9404, toolType[0]=TOOL_TYPE_FINGER, buttonState=0, classification=NONE, metaState=0, flags=0x0, edgeFlags=0x0, pointerCount=1, historySize=0, eventTime=4336829, downTime=4336829, deviceId=3, source=0x5002, displayId=0, eventId=25954950 }
07-13 17:42:55.521  1090  1090 D TaplEvents: TIS / TouchInteractionService.onInputEvent: MotionEvent { action=ACTION_UP, actionButton=0, id[0]=0, x[0]=333.04724, y[0]=554.9502, toolType[0]=TOOL_TYPE_FINGER, buttonState=0, classification=NONE, metaState=0, flags=0x0, edgeFlags=0x0, pointerCount=1, historySize=0, eventTime=4336837, downTime=4336829, deviceId=3, source=0x5002, displayId=0, eventId=839345591 }
07-13 17:42:55.521  1090  1090 D TaplEvents: TIS / TouchInteractionService.onInputEvent: MotionEvent { action=ACTION_DOWN, actionButton=0, id[0]=0, x[0]=333.04724, y[0]=711.9404, toolType[0]=TOOL_TYPE_FINGER, buttonState=0, classification=NONE, metaState=0, flags=0x0, edgeFlags=0x0, pointerCount=1, historySize=0, eventTime=4336837, downTime=4336837, deviceId=3, source=0x5002, displayId=0, eventId=248386009 }
07-13 17:42:55.537  1090  1090 D TaplEvents: TIS / TouchInteractionService.onInputEvent: MotionEvent { action=ACTION_UP, actionButton=0, id[0]=0, x[0]=333.04724, y[0]=561.97705, toolType[0]=TOOL_TYPE_FINGER, buttonState=0, classification=NONE, metaState=0, flags=0x0, edgeFlags=0x0, pointerCount=1, historySize=0, eventTime=4336853, downTime=4336837, deviceId=3, source=0x5002, displayId=0, eventId=672569576 }
07-13 17:42:55.537  1090  1090 D TaplEvents: TIS / TouchInteractionService.onInputEvent: MotionEvent { action=ACTION_DOWN, actionButton=0, id[0]=0, x[0]=333.04724, y[0]=711.9404, toolType[0]=TOOL_TYPE_FINGER, buttonState=0, classification=NONE, metaState=0, flags=0x0, edgeFlags=0x0, pointerCount=1, historySize=0, eventTime=4336853, downTime=4336853, deviceId=3, source=0x5002, displayId=0, eventId=295044252 }
07-13 17:42:55.554  1090  1090 D TaplEvents: TIS / TouchInteractionService.onInputEvent: MotionEvent { action=ACTION_UP, actionButton=0, id[0]=0, x[0]=333.04724, y[0]=563.97656, toolType[0]=TOOL_TYPE_FINGER, buttonState=0, classification=NONE, metaState=0, flags=0x0, edgeFlags=0x0, pointerCount=1, historySize=0, eventTime=4336870, downTime=4336853, deviceId=3, source=0x5002, displayId=0, eventId=294224016 }
07-13 17:42:55.554  1090  1090 D TaplEvents: TIS / TouchInteractionService.onInputEvent: MotionEvent { action=ACTION_DOWN, actionButton=0, id[0]=0, x[0]=333.04724, y[0]=711.9404, toolType[0]=TOOL_TYPE_FINGER, buttonState=0, classification=NONE, metaState=0, flags=0x0, edgeFlags=0x0, pointerCount=1, historySize=0, eventTime=4336870, downTime=4336870, deviceId=3, source=0x5002, displayId=0, eventId=274196061 }
07-13 17:42:55.850  1090  1090 D TaplEvents: TIS / TouchInteractionService.onInputEvent: MotionEvent { action=ACTION_UP, actionButton=0, id[0]=0, x[0]=334.0327, y[0]=0.0, toolType[0]=TOOL_TYPE_FINGER, buttonState=0, classification=NONE, metaState=0, flags=0x0, edgeFlags=0x0, pointerCount=1, historySize=0, eventTime=4337166, downTime=4336870, deviceId=3, source=0x5002, displayId=0, eventId=62238851 }
07-13 17:42:56.117 11372 11417 D EGL_emulation: app_time_stats: avg=16.61ms min=10.08ms max=24.46ms count=61
07-13 17:43:00.006  1727  2148 I AiAiEcho: Predicting[0]: 
07-13 17:43:00.006  1727  2148 I AiAiEcho: Ranked targets strategy: SORT, count: 0, ranking metadata: 
07-13 17:43:00.007  1727  2148 I AiAiEcho: #postPredictionTargets: Sending updates to UISurface lockscreen with targets# 0
07-13 17:43:00.007  1727  2148 I AiAiEcho: #postPredictionTargets: Sending updates to UISurface home with targets# 0
07-13 17:43:00.024   833   896 D EGL_emulation: app_time_stats: avg=54236.11ms min=54236.11ms max=54236.11ms count=1
07-13 17:43:00.578 11071 12573 I GmscoreIpa: Starting mediastore instant index [CONTEXT service_id=255 ]
07-13 17:43:01.520  1090  1090 D TaplEvents: Main / Touch event: MotionEvent { action=ACTION_DOWN, actionButton=0, id[0]=0, x[0]=412.05652, y[0]=52.92334, toolType[0]=TOOL_TYPE_FINGER, buttonState=0, classification=NONE, metaState=0, flags=0x0, edgeFlags=0x0, pointerCount=1, historySize=0, eventTime=4342835, downTime=4342835, deviceId=3, source=0x5002, displayId=0, eventId=438934936 }
07-13 17:43:01.521  1090  1090 D TaplEvents: TIS / TouchInteractionService.onInputEvent: MotionEvent { action=ACTION_DOWN, actionButton=0, id[0]=0, x[0]=412.05652, y[0]=1834.9233, toolType[0]=TOOL_TYPE_FINGER, buttonState=0, classification=NONE, metaState=0, flags=0x0, edgeFlags=0x0, pointerCount=1, historySize=0, eventTime=4342835, downTime=4342835, deviceId=3, source=0x5002, displayId=0, eventId=438934936 }
07-13 17:43:01.541  1090  1872 D EGL_emulation: app_time_stats: avg=82242.68ms min=82242.68ms max=82242.68ms count=1
07-13 17:43:01.545   344   384 W TransactionTracing: Could not find layer id -1
07-13 17:43:01.545   344   384 W TransactionTracing: Could not find layer id -1
07-13 17:43:01.545   344   384 W TransactionTracing: Could not find layer id -1
07-13 17:43:01.545   344   384 W TransactionTracing: Could not find layer id -1
07-13 17:43:01.545   344   384 W TransactionTracing: Could not find layer id -1
07-13 17:43:01.626  1090  1090 D TaplEvents: Main / Touch event: MotionEvent { action=ACTION_UP, actionButton=0, id[0]=0, x[0]=412.05652, y[0]=52.92334, toolType[0]=TOOL_TYPE_FINGER, buttonState=0, classification=NONE, metaState=0, flags=0x0, edgeFlags=0x0, pointerCount=1, historySize=0, eventTime=4342942, downTime=4342835, deviceId=3, source=0x5002, displayId=0, eventId=845736038 }
07-13 17:43:01.626  1090  1090 D TaplEvents: TIS / TouchInteractionService.onInputEvent: MotionEvent { action=ACTION_UP, actionButton=0, id[0]=0, x[0]=412.05652, y[0]=1834.9233, toolType[0]=TOOL_TYPE_FINGER, buttonState=0, classification=NONE, metaState=0, flags=0x0, edgeFlags=0x0, pointerCount=1, historySize=0, eventTime=4342942, downTime=4342835, deviceId=3, source=0x5002, displayId=0, eventId=845736038 }
07-13 17:43:01.660   341   469 D AudioFlinger: mixer(0xb400007417d729a0) throttle end: throttle time(37)
07-13 17:43:01.661  1090  1872 W Parcel  : Expecting binder but got null!
07-13 17:43:01.667   505  1161 D CoreBackPreview: Window{9d56866 u0 Taskbar Overlay}: Setting back callback OnBackInvokedCallbackInfo{mCallback=android.window.IOnBackInvokedCallback$Stub$Proxy@fcf7ef9, mPriority=0}
07-13 17:43:01.677  1090  1872 E OpenGLRenderer: Unable to match the desired swap behavior.
07-13 17:43:01.678   344   384 W TransactionTracing: Could not find layer handle 0xb400007a05e7fa10
07-13 17:43:01.678   344   384 W TransactionTracing: Could not find layer handle 0xb400007a05e7d430
07-13 17:43:01.698 11372 11417 D EGL_emulation: app_time_stats: avg=797.28ms min=13.54ms max=5484.50ms count=7
07-13 17:43:01.700  1576  1576 I GoogleInputMethodService: GoogleInputMethodService.onFinishInput():3227 
07-13 17:43:01.700  1576  1576 I GoogleInputMethodService: GoogleInputMethodService.updateDeviceLockedStatus():2087 repeatCheckTimes = 0, unlocked = true
07-13 17:43:01.700  1576  1576 I GoogleInputMethodService: GoogleInputMethodService.onStartInput():1877 onStartInput(EditorInfo{inputType=0x0(NULL) imeOptions=0x0 privateImeOptions=null actionName=UNSPECIFIED actionLabel=null actionId=0 initialSelStart=-1 initialSelEnd=-1 initialCapsMode=0x0 hintText=null label=null packageName=com.google.android.apps.nexuslauncher fieldId=-1 fieldName=null extras=null}, false)
07-13 17:43:01.700  1576  1576 I GoogleInputMethodService: GoogleInputMethodService.shouldHideHeaderOnInitialState():4008 ShouldHideHeaderOnInitialState = false
07-13 17:43:01.701  1576  1576 I GoogleInputMethodService: GoogleInputMethodService.updateDeviceLockedStatus():2087 repeatCheckTimes = 2, unlocked = true
07-13 17:43:03.710  1090  1090 D TaplEvents: Main / Touch event: MotionEvent { action=ACTION_DOWN, actionButton=0, id[0]=0, x[0]=790.0499, y[0]=1267.919, toolType[0]=TOOL_TYPE_FINGER, buttonState=0, classification=NONE, metaState=0, flags=0x0, edgeFlags=0x0, pointerCount=1, historySize=0, eventTime=4345026, downTime=4345026, deviceId=3, source=0x5002, displayId=0, eventId=838493928 }
07-13 17:43:03.711  1090  1090 D TaplEvents: TIS / TouchInteractionService.onInputEvent: MotionEvent { action=ACTION_DOWN, actionButton=0, id[0]=0, x[0]=790.0499, y[0]=1267.919, toolType[0]=TOOL_TYPE_FINGER, buttonState=0, classification=NONE, metaState=0, flags=0x0, edgeFlags=0x0, pointerCount=1, historySize=0, eventTime=4345026, downTime=4345026, deviceId=3, source=0x5002, displayId=0, eventId=838493928 }
07-13 17:43:03.832  1090  1090 D TaplEvents: Main / Touch event: MotionEvent { action=ACTION_UP, actionButton=0, id[0]=0, x[0]=790.0499, y[0]=1267.919, toolType[0]=TOOL_TYPE_FINGER, buttonState=0, classification=NONE, metaState=0, flags=0x0, edgeFlags=0x0, pointerCount=1, historySize=0, eventTime=4345147, downTime=4345026, deviceId=3, source=0x5002, displayId=0, eventId=243910629 }
07-13 17:43:03.833  1090  1090 D TaplEvents: TIS / TouchInteractionService.onInputEvent: MotionEvent { action=ACTION_UP, actionButton=0, id[0]=0, x[0]=790.0499, y[0]=1267.919, toolType[0]=TOOL_TYPE_FINGER, buttonState=0, classification=NONE, metaState=0, flags=0x0, edgeFlags=0x0, pointerCount=1, historySize=0, eventTime=4345147, downTime=4345026, deviceId=3, source=0x5002, displayId=0, eventId=243910629 }
