07-13 16:53:37.890 11147 11172 W unknown:ViewManagerPropertyUpdater: Could not find generated setter for class com.facebook.react.views.text.ReactRawTextShadowNode
07-13 16:53:37.890 11147 11172 W unknown:ViewManagerPropertyUpdater: Could not find generated setter for class com.facebook.react.views.textinput.ReactTextInputManager
07-13 16:53:37.891 11147 11172 W unknown:ViewManagerPropertyUpdater: Could not find generated setter for class com.facebook.react.views.textinput.ReactTextInputShadowNode
07-13 16:53:37.892 11147 11172 W BridgelessReactContext: [WARNING] Bridgeless doesn't support CatalystInstance. Accessing an API that's not part of the new architecture is not encouraged usage.
07-13 16:53:37.897 11147 11172 I ExpoModulesCore: ✅ JSI interop was installed
07-13 16:53:37.898 11147 11172 I ExpoModulesCore: ✅ Constants were exported
07-13 16:53:37.914 11147 11172 I ReactNativeJS: Running "main"
07-13 16:53:37.937 11147 11147 W [RNScreens]: backTitleVisible prop is not available on Android
07-13 16:53:37.937 11147 11147 W [RNScreens]: backTitleFontFamily prop is not available on Android
07-13 16:53:37.937 11147 11147 W [RNScreens]: disableBackButtonMenu prop is not available on Android
07-13 16:53:37.937 11147 11147 W [RNScreens]: largeTitleFontFamily prop is not available on Android
07-13 16:53:37.937 11147 11147 W [RNScreens]: largeTitleFontWeight prop is not available on Android
07-13 16:53:37.937 11147 11147 W [RNScreens]: largeTitleHideShadow prop is not available on Android
07-13 16:53:37.985   505   505 D AutofillInlineSuggestionsRequestSession: onCreateInlineSuggestionsRequestLocked called: 1073741824@2069741553
07-13 16:53:37.986   505  3229 D AutofillInlineSuggestionsRequestSession: onInlineSuggestionsSessionInvalidated() called.
07-13 16:53:37.989 11147 11147 D CompatibilityChangeReporter: Compat change id reported: 171228096; UID 10174; state: ENABLED
07-13 16:53:38.001 11147 11147 D CompatibilityChangeReporter: Compat change id reported: 163400105; UID 10174; state: ENABLED
07-13 16:53:38.002 11147 11147 I AssistStructure: Flattened final assist data: 12512 bytes, containing 1 windows, 50 views
07-13 16:53:38.002   505  3229 D AutofillSession: createPendingIntent for request 5
07-13 16:53:38.002   505  3229 D ContentCapturePerUserService: Notified activity assist data for activity: Token{32885c2 ActivityRecord{70e3fd3 u0 com.versenotes.app/.MainActivity} t17}} without a session Id
07-13 16:53:38.113   505  3229 D CoreBackPreview: Window{3e505e0 u0 Taskbar Overlay}: Setting back callback null
07-13 16:53:38.114   505  3229 W InputManager-JNI: Input channel object '3e505e0 Taskbar Overlay (client)' was disposed without first being removed with the input manager!
07-13 16:53:38.129   505   529 V WindowManager: Unknown focus tokens, dropping reportFocusChanged
07-13 16:53:38.129   344   384 W TransactionTracing: Could not find layer handle 0xb400007a05e794d0
07-13 16:53:38.129   344   384 W TransactionTracing: Could not find layer handle 0xb400007a05e79cb0
07-13 16:53:38.129   344   384 W TransactionTracing: Could not find layer handle 0xb400007a05e7b0f0
07-13 16:53:38.129   344   384 W TransactionTracing: Could not find layer handle 0xb400007a05e7df10
07-13 16:53:38.129   344   384 W TransactionTracing: Could not find layer handle 0xb400007a05e76890
07-13 16:53:38.129   344   384 W TransactionTracing: Could not find layer handle 0xb400007a05e78690
07-13 16:53:38.146   505  3229 D CompatibilityChangeReporter: Compat change id reported: 214016041; UID 10174; state: ENABLED
07-13 16:53:38.147  1576  1576 I GoogleInputMethodService: GoogleInputMethodService.onFinishInput():3227 
07-13 16:53:38.148  1576  1576 I GoogleInputMethodService: GoogleInputMethodService.updateDeviceLockedStatus():2087 repeatCheckTimes = 0, unlocked = true
07-13 16:53:38.148  1576  1576 I GoogleInputMethodService: GoogleInputMethodService.onStartInput():1877 onStartInput(EditorInfo{inputType=0x0(NULL) imeOptions=0x0 privateImeOptions=null actionName=UNSPECIFIED actionLabel=null actionId=0 initialSelStart=-1 initialSelEnd=-1 initialCapsMode=0x0 hintText=null label=null packageName=com.versenotes.app fieldId=-1 fieldName=null extras=null}, false)
07-13 16:53:38.148  1576  1576 I GoogleInputMethodService: GoogleInputMethodService.shouldHideHeaderOnInitialState():4008 ShouldHideHeaderOnInitialState = false
07-13 16:53:38.148  1576  1576 I GoogleInputMethodService: GoogleInputMethodService.updateDeviceLockedStatus():2087 repeatCheckTimes = 2, unlocked = true
07-13 16:53:38.162   344   384 W TransactionTracing: Could not find layer handle 0xb400007a05e76530
07-13 16:53:38.167  1044  1371 D BtGatt.ScanManager: uid 10111 isForeground true scanMode -1
07-13 16:53:38.167  1044  1371 D BtGatt.ScanManager: uid 10111 isForeground true scanMode -1
07-13 16:53:38.178   344   384 W TransactionTracing: Could not find layer handle 0xb400007a05e7ecf0
07-13 16:53:38.178   344   384 W TransactionTracing: Could not find layer handle 0xb400007a05e7a3d0
07-13 16:53:38.178   344   384 W TransactionTracing: Could not find layer handle 0xb400007a05e7a3d0
07-13 16:53:38.178   344   384 W TransactionTracing: Could not find layer handle 0xb400007a05e7ecf0
07-13 16:53:38.178   344   384 W TransactionTracing: Could not find layer id -1
07-13 16:53:38.179   344   384 W TransactionTracing: Could not find layer id -1
07-13 16:53:38.179   344   384 W TransactionTracing: Could not find layer id -1
07-13 16:53:38.179   344   384 W TransactionTracing: Could not find layer id -1
07-13 16:53:38.179   344   384 W TransactionTracing: Could not find layer id -1
07-13 16:53:38.179   344   384 W TransactionTracing: Could not find layer id -1
07-13 16:53:38.184   505   903 D CoreBackPreview: Window{49f3209 u0 Splash Screen com.versenotes.app EXITING}: Setting back callback null
07-13 16:53:38.184   505  3229 W InputManager-JNI: Input channel object '49f3209 Splash Screen com.versenotes.app (client)' was disposed without first being removed with the input manager!
07-13 16:53:38.190  1248  1248 D DashboardFragment: unregister observer: @a0c09a1, uri: content://com.google.android.apps.wellbeing.api/digitalWellbeingSummary
07-13 16:53:38.196   344   384 W TransactionTracing: Could not find layer id -1
07-13 16:53:38.196   344   384 W TransactionTracing: Could not find layer id -1
07-13 16:53:38.196   344   384 W TransactionTracing: Could not find layer id -1
07-13 16:53:38.196   344   384 W TransactionTracing: Could not find layer id -1
07-13 16:53:38.196   344   384 W TransactionTracing: Could not find layer id -1
07-13 16:53:38.196   344   384 W TransactionTracing: Could not find layer id -1
07-13 16:53:38.196   344   384 W TransactionTracing: Could not find layer id -1
07-13 16:53:38.211   344   384 W TransactionTracing: Could not find layer handle 0xb400007a05e7b870
07-13 16:53:38.211   344   384 W TransactionTracing: Could not find layer handle 0xb400007a05e78870
07-13 16:53:38.212   344   384 W TransactionTracing: Could not find layer handle 0xb400007a05e7b870
07-13 16:53:38.261   344   384 W TransactionTracing: Could not find layer id -1
07-13 16:53:38.261   344   384 W TransactionTracing: Could not find layer id -1
07-13 16:53:38.261   344   384 W TransactionTracing: Could not find layer id -1
07-13 16:53:38.261   344   384 W TransactionTracing: Could not find layer id -1
07-13 16:53:38.273  1044  1371 D BtGatt.ScanManager: uid 10111 isForeground true scanMode -1
07-13 16:53:38.273  1044  1371 D BtGatt.ScanManager: uid 10111 isForeground true scanMode -1
07-13 16:53:38.273  5796  6069 I FontLog : Received query Noto Color Emoji Compat, URI content://com.google.android.gms.fonts [CONTEXT service_id=132 ]
07-13 16:53:38.274  5796  6069 I FontLog : Query [emojicompat-emoji-font] resolved to {Noto Color Emoji Compat, wdth 100.0, wght 400, ital 0.0, bestEffort false} [CONTEXT service_id=132 ]
07-13 16:53:38.275  5796  6069 I FontLog : Fetch {Noto Color Emoji Compat, wdth 100.0, wght 400, ital 0.0, bestEffort false} end status Status{statusCode=SUCCESS, resolution=null} [CONTEXT service_id=132 ]
07-13 16:53:38.276  5796  6069 I FontLog : Pulling font file for id = 15, cache size = 6 [CONTEXT service_id=132 ]
07-13 16:53:38.278  5796  6069 I FontLog : Pulling font file for id = 15, cache size = 6 [CONTEXT service_id=132 ]
07-13 16:53:38.362   344   384 W TransactionTracing: Could not find layer handle 0xb400007a05e7af10
07-13 16:53:38.362   344   384 W TransactionTracing: Could not find layer handle 0xb400007a05e79cb0
07-13 16:53:38.362   344   384 W TransactionTracing: Could not find layer handle 0xb400007a05e7a430
07-13 16:53:38.362   344   384 W TransactionTracing: Could not find layer handle 0xb400007a05e7a430
07-13 16:53:38.362   344   384 W TransactionTracing: Could not find layer handle 0xb400007a05e79cb0
07-13 16:53:42.179  1090  1090 D TaplEvents: TIS / TouchInteractionService.onInputEvent: MotionEvent { action=ACTION_DOWN, actionButton=0, id[0]=0, x[0]=531.04175, y[0]=229.94385, toolType[0]=TOOL_TYPE_FINGER, buttonState=0, classification=NONE, metaState=0, flags=0x0, edgeFlags=0x0, pointerCount=1, historySize=0, eventTime=1383494, downTime=1383494, deviceId=3, source=0x5002, displayId=0, eventId=5041821 }
07-13 16:53:42.224 11147 11166 D EGL_emulation: app_time_stats: avg=621.87ms min=1.07ms max=4177.67ms count=7
07-13 16:53:42.298  1090  1090 D TaplEvents: TIS / TouchInteractionService.onInputEvent: MotionEvent { action=ACTION_UP, actionButton=0, id[0]=0, x[0]=531.04175, y[0]=229.94385, toolType[0]=TOOL_TYPE_FINGER, buttonState=0, classification=NONE, metaState=0, flags=0x0, edgeFlags=0x0, pointerCount=1, historySize=0, eventTime=1383614, downTime=1383494, deviceId=3, source=0x5002, displayId=0, eventId=292564556 }
07-13 16:53:42.354 11147 11189 I WebViewFactory: Loading com.google.android.webview version 109.0.5414.123 (code 541412334)
07-13 16:53:42.374 11147 11189 W ziparchive: Unable to open '/data/app/~~0rfh6DgKW8hznyglBozgLQ==/com.google.android.trichromelibrary_541412334-bz4jv6LCRXfOJ3jkn1BXrQ==/TrichromeLibrary.dm': No such file or directory
07-13 16:53:42.374 11147 11189 W ziparchive: Unable to open '/data/app/~~0rfh6DgKW8hznyglBozgLQ==/com.google.android.trichromelibrary_541412334-bz4jv6LCRXfOJ3jkn1BXrQ==/TrichromeLibrary.dm': No such file or directory
07-13 16:53:42.374 11147 11189 W .versenotes.app: Entry not found
07-13 16:53:42.375 11147 11189 D nativeloader: Configuring classloader-namespace for other apk /data/app/~~0rfh6DgKW8hznyglBozgLQ==/com.google.android.trichromelibrary_541412334-bz4jv6LCRXfOJ3jkn1BXrQ==/TrichromeLibrary.apk. target_sdk_version=33, uses_libraries=ALL, library_path=/data/app/~~GnJC7Kv97Siyz9kHebOFyg==/com.google.android.webview-pRGUmBRioQfoYeipQo7jGw==/lib/arm64:/data/app/~~GnJC7Kv97Siyz9kHebOFyg==/com.google.android.webview-pRGUmBRioQfoYeipQo7jGw==/WebViewGoogle.apk!/lib/arm64-v8a:/data/app/~~0rfh6DgKW8hznyglBozgLQ==/com.google.android.trichromelibrary_541412334-bz4jv6LCRXfOJ3jkn1BXrQ==/TrichromeLibrary.apk!/lib/arm64-v8a, permitted_path=/data:/mnt/expand
07-13 16:53:42.376 11147 11189 D nativeloader: Configuring classloader-namespace for other apk /data/app/~~GnJC7Kv97Siyz9kHebOFyg==/com.google.android.webview-pRGUmBRioQfoYeipQo7jGw==/WebViewGoogle.apk. target_sdk_version=33, uses_libraries=, library_path=/data/app/~~GnJC7Kv97Siyz9kHebOFyg==/com.google.android.webview-pRGUmBRioQfoYeipQo7jGw==/lib/arm64:/data/app/~~GnJC7Kv97Siyz9kHebOFyg==/com.google.android.webview-pRGUmBRioQfoYeipQo7jGw==/WebViewGoogle.apk!/lib/arm64-v8a:/data/app/~~0rfh6DgKW8hznyglBozgLQ==/com.google.android.trichromelibrary_541412334-bz4jv6LCRXfOJ3jkn1BXrQ==/TrichromeLibrary.apk!/lib/arm64-v8a, permitted_path=/data:/mnt/expand
07-13 16:53:42.391 11147 11189 I cr_WVCFactoryProvider: Loaded version=109.0.5414.123 minSdkVersion=29 isBundle=false multiprocess=true packageId=2
07-13 16:53:42.396 11147 11194 I cr_VariationsUtils: Failed reading seed file "/data/user/0/com.versenotes.app/app_webview/variations_seed_new"
07-13 16:53:42.396 11147 11194 I cr_VariationsUtils: Failed reading seed file "/data/user/0/com.versenotes.app/app_webview/variations_seed"
07-13 16:53:42.398 11147 11189 I cr_LibraryLoader: Successfully loaded native library
07-13 16:53:42.398 11147 11189 I cr_CachingUmaRecorder: Flushed 9 samples from 9 histograms.
07-13 16:53:42.404   302 11197 I resolv  : GetAddrInfoHandler::run: {100 100 100 983140 10174 0}
07-13 16:53:42.404   302 11199 I resolv  : res_nmkquery: (QUERY, IN, A)
07-13 16:53:42.404   302 11199 I resolv  : resolv_cache_lookup: FOUND IN CACHE entry=0xb400007c22ed3950
07-13 16:53:42.404   302 11199 I resolv  : doQuery: rcode=0, ancount=1, return value=47
07-13 16:53:42.404   302 11198 I resolv  : res_nmkquery: (QUERY, IN, AAAA)
07-13 16:53:42.490   302 11198 I resolv  : res_nsend: used send_dg 31 terrno: 0
07-13 16:53:42.490   302 11198 I resolv  : doQuery: rcode=0, ancount=0, return value=31
07-13 16:53:42.490 11147 11189 D TrafficStats: tagSocket(105) with statsTag=0xffffffff, statsUid=-1
07-13 16:53:43.588 11147 11205 D ProfileInstaller: Skipping profile installation for com.versenotes.app
07-13 16:53:44.298  1044  1371 D BtGatt.ScanManager: uid 10111 isForeground true scanMode -1
07-13 16:53:44.298  1044  1371 D BtGatt.ScanManager: uid 10111 isForeground true scanMode -1
07-13 16:53:45.400  1090  1090 D TaplEvents: TIS / TouchInteractionService.onInputEvent: MotionEvent { action=ACTION_DOWN, actionButton=0, id[0]=0, x[0]=1289.0424, y[0]=279.98877, toolType[0]=TOOL_TYPE_FINGER, buttonState=0, classification=NONE, metaState=0, flags=0x0, edgeFlags=0x0, pointerCount=1, historySize=0, eventTime=1386715, downTime=1386715, deviceId=3, source=0x5002, displayId=0, eventId=750445814 }
07-13 16:53:45.446 11147 11166 D EGL_emulation: app_time_stats: avg=57.59ms min=0.77ms max=2241.97ms count=52
07-13 16:53:45.532  1090  1090 D TaplEvents: TIS / TouchInteractionService.onInputEvent: MotionEvent { action=ACTION_UP, actionButton=0, id[0]=0, x[0]=1289.0424, y[0]=279.98877, toolType[0]=TOOL_TYPE_FINGER, buttonState=0, classification=NONE, metaState=0, flags=0x0, edgeFlags=0x0, pointerCount=1, historySize=0, eventTime=1386848, downTime=1386715, deviceId=3, source=0x5002, displayId=0, eventId=36722462 }
07-13 16:53:45.557   341   469 D AudioFlinger: mixer(0xb400007417d729a0) throttle end: throttle time(38)
07-13 16:53:45.610 11147 11172 E ReactNativeJS: Error: Exception in HostFunction: TypeError: expected dynamic type 'array', but had type 'string'
07-13 16:53:45.610 11147 11172 E ReactNativeJS: 
07-13 16:53:45.610 11147 11172 E ReactNativeJS: This error is located at:
07-13 16:53:45.610 11147 11172 E ReactNativeJS:     at RNCWebView (<anonymous>)
07-13 16:53:45.610 11147 11172 E ReactNativeJS:     at RCTView (<anonymous>)
07-13 16:53:45.610 11147 11172 E ReactNativeJS:     at anonymous (address at index.android.bundle:1:453603)
07-13 16:53:45.610 11147 11172 E ReactNativeJS:     at anonymous (address at index.android.bundle:1:869011)
07-13 16:53:45.610 11147 11172 E ReactNativeJS:     at RCTView (<anonymous>)
07-13 16:53:45.610 11147 11172 E ReactNativeJS:     at anonymous (address at index.android.bundle:1:453603)
07-13 16:53:45.610 11147 11172 E ReactNativeJS:     at RichTextEditor (address at index.android.bundle:1:863750)
07-13 16:53:45.610 11147 11172 E ReactNativeJS:     at RCTView (<anonymous>)
07-13 16:53:45.610 11147 11172 E ReactNativeJS:     at anonymous (address at index.android.bundle:1:453603)
07-13 16:53:45.610 11147 11172 E ReactNativeJS:     at RCTScrollView (<anonymous>)
07-13 16:53:45.610 11147 11172 E ReactNativeJS:     at ScrollView (address at index.android.bundle:1:710334)
07-13 16:53:45.610 11147 11172 E ReactNativeJS:     at Wrapper (<anonymous>)
07-13 16:53:45.610 11147 11172 E ReactNativeJS:     at RCTView (<anonymous>)
07-13 16:53:45.610 11147 11172 E ReactNativeJS:     at anonymous (address at index.android.bundle:1:453603)
07-13 16:53:45.610 11147 11172 E ReactNativeJS:     at RCTView (<anonymous>)
07-13 16:53:45.610 11147 11172 E ReactNativeJS:     at anonymous (address at index.android.bundle:1:453603)
07-13 16:53:45.610 11147 11172 E ReactNativeJS:     at RCTScrollView (<anonymous>)
07-13 16:53:45.610 11147 11172 E ReactNativeJS:     at ScrollView (address at index.android.bundle:1:710334)
07-13 16:53:45.610 11147 11172 E ReactNativeJS:     at Wrapper (<anonymous>)
07-13 16:53:45.610 11147 11172 E ReactNativeJS:     at RCTView (<anonymous>)
07-13 16:53:45.610 11147 11172 E ReactNativeJS:     at anonymous (address at index.android.bundle:1:453603)
07-13 16:53:45.610 11147 11172 E ReactNativeJS:     at KeyboardAvoidingView (address at index.android.bundle:1:749454)
07-13 16:53:45.610 11147 11172 E ReactNativeJS:     at NoteEditor (address at index.android.bundle:1:856945)
07-13 16:53:45.610 11147 11172 E ReactNativeJS:     at RCTView (<anonymous>)
07-13 16:53:45.610 11147 11172 E ReactNativeJS:     at anonymous (address at index.android.bundle:1:453603)
07-13 16:53:45.610 11147 11172 E ReactNativeJS:     at VirtualizedListContextResetter (address at index.android.bundle:1:688192)
07-13 16:53:45.610 11147 11172 E ReactNativeJS:     at RCTModalHostView (<anonymous>)
07-13 16:53:45.610 11147 11172 E ReactNativeJS:     at Modal (address at index.android.bundle:1:752426)
07-13 16:53:45.610 11147 11172 E ReactNativeJS:     at RCTView (<anonymous>)
07-13 16:53:45.610 11147 11172 E ReactNativeJS:     at anonymous (address at index.android.bundle:1:453603)
07-13 16:53:45.610 11147 11172 E ReactNativeJS:     at BibleStudy (address at index.android.bundle:1:830351)
07-13 16:53:45.610 11147 11172 E ReactNativeJS:     at StaticContainer (address at index.android.bundle:1:974721)
07-13 16:53:45.610 11147 11172 E ReactNativeJS:     at EnsureSingleNavigator (address at index.android.bundle:1:916522)
07-13 16:53:45.610 11147 11172 E ReactNativeJS:     at SceneView (address at index.android.bundle:1:972254)
07-13 16:53:45.610 11147 11172 E ReactNativeJS:     at RNSScreenContentWrapper (<anonymous>)
07-13 16:53:45.610 11147 11172 E ReactNativeJS:     at ScreenContentWrapper (<anonymous>)
07-13 16:53:45.610 11147 11172 E ReactNativeJS:     at DebugContainer (<anonymous>)
07-13 16:53:45.610 11147 11172 E ReactNativeJS:     at RNSScreen (<anonymous>)
07-13 16:53:45.610 11147 11172 E ReactNativeJS:     at anonymous (address at index.android.bundle:1:633433)
07-13 16:53:45.610 11147 11172 E ReactNativeJS:     at Suspender (address at index.android.bundle:1:1069999)
07-13 16:53:45.610 11147 11172 E ReactNativeJS:     at Suspense (<anonymous>)
07-13 16:53:45.610 11147 11172 E ReactNativeJS:     at Freeze (address at index.android.bundle:1:1070060)
07-13 16:53:45.610 11147 11172 E ReactNativeJS:     at DelayedFreeze (address at index.android.bundle:1:1069254)
07-13 16:53:45.610 11147 11172 E ReactNativeJS:     at InnerScreen (address at index.android.bundle:1:1066860)
07-13 16:53:45.610 11147 11172 E ReactNativeJS:     at anonymous (address at index.android.bundle:1:1068533)
07-13 16:53:45.610 11147 11172 E ReactNativeJS:     at ScreenStackItem (address at index.android.bundle:1:1078769)
07-13 16:53:45.610 11147 11172 E ReactNativeJS:     at SceneView (address at index.android.bundle:1:1010181)
07-13 16:53:45.610 11147 11172 E ReactNativeJS:     at RNSScreenStack (<anonymous>)
07-13 16:53:45.610 11147 11172 E ReactNativeJS:     at anonymous (address at index.android.bundle:1:1077747)
07-13 16:53:45.610 11147 11172 E ReactNativeJS:     at ScreenStack (address at index.android.bundle:1:1077028)
07-13 16:53:45.610 11147 11172 E ReactNativeJS:     at FrameSizeProviderInner (address at index.android.bundle:1:1049011)
07-13 16:53:45.610 11147 11172 E ReactNativeJS:     at FrameSizeProvider (address at index.android.bundle:1:1048932)
07-13 16:53:45.610 11147 11172 E ReactNativeJS:     at RNCSafeAreaProvider (<anonymous>)
07-13 16:53:45.610 11147 11172 E ReactNativeJS:     at SafeAreaProvider (address at index.android.bundle:1:1045488)
07-13 16:53:45.610 11147 11172 E ReactNativeJS:     at SafeAreaProviderCompat (address at index.android.bundle:1:1062041)
07-13 16:53:45.610 11147 11172 E ReactNativeJS:     at NativeStackView (address at index.android.bundle:1:1008770)
07-13 16:53:45.610 11147 11172 E ReactNativeJS:     at PreventRemoveProvider (address at index.android.bundle:1:951738)
07-13 16:53:45.610 11147 11172 E ReactNativeJS:     at NavigationStateListenerProvider (address at index.android.bundle:1:981322)
07-13 16:53:45.610 11147 11172 E ReactNativeJS:     at NavigationContent (address at index.android.bundle:1:968614)
07-13 16:53:45.610 11147 11172 E ReactNativeJS:     at anonymous (address at index.android.bundle:1:968517)
07-13 16:53:45.610 11147 11172 E ReactNativeJS:     at NativeStackNavigator (address at index.android.bundle:1:1007378)
07-13 16:53:45.610 11147 11172 E ReactNativeJS:     at ThemeProvider (address at index.android.bundle:1:919748)
07-13 16:53:45.610 11147 11172 E ReactNativeJS:     at EnsureSingleNavigator (address at index.android.bundle:1:916522)
07-13 16:53:45.610 11147 11172 E ReactNativeJS:     at BaseNavigationContainer (address at index.android.bundle:1:895360)
07-13 16:53:45.610 11147 11172 E ReactNativeJS:     at NavigationContainerInner (address at index.android.bundle:1:991296)
07-13 16:53:45.610 11147 11172 E ReactNativeJS:     at ThemeProvider (address at index.android.bundle:1:838869)
07-13 16:53:45.610 11147 11172 E ReactNativeJS:     at NotesProvider (address at index.android.bundle:1:851046)
07-13 16:53:45.610 11147 11172 E ReactNativeJS:     at App (<anonymous>)
07-13 16:53:45.610 11147 11172 E ReactNativeJS:     at RCTView (<anonymous>)
07-13 16:53:45.610 11147 11172 E ReactNativeJS:     at anonymous (address at index.android.bundle:1:453603)
07-13 16:53:45.610 11147 11172 E ReactNativeJS:     at AppContainer (address at index.android.bundle:1:452803), js engine: hermes
07-13 16:53:45.612 11147 11173 W unknown:BridgelessReact: ReactHost{0}.handleHostException(message = "Error: Exception in HostFunction: TypeError: expected dynamic type 'array', but had type 'string'
07-13 16:53:45.612 11147 11173 W unknown:BridgelessReact: 
07-13 16:53:45.612 11147 11173 W unknown:BridgelessReact: This error is located at:
07-13 16:53:45.612 11147 11173 W unknown:BridgelessReact:     at RNCWebView (<anonymous>)
07-13 16:53:45.612 11147 11173 W unknown:BridgelessReact:     at RCTView (<anonymous>)
07-13 16:53:45.612 11147 11173 W unknown:BridgelessReact:     at anonymous (address at index.android.bundle:1:453603)
07-13 16:53:45.612 11147 11173 W unknown:BridgelessReact:     at anonymous (address at index.android.bundle:1:869011)
07-13 16:53:45.612 11147 11173 W unknown:BridgelessReact:     at RCTView (<anonymous>)
07-13 16:53:45.612 11147 11173 W unknown:BridgelessReact:     at anonymous (address at index.android.bundle:1:453603)
07-13 16:53:45.612 11147 11173 W unknown:BridgelessReact:     at RichTextEditor (address at index.android.bundle:1:863750)
07-13 16:53:45.612 11147 11173 W unknown:BridgelessReact:     at RCTView (<anonymous>)
07-13 16:53:45.612 11147 11173 W unknown:BridgelessReact:     at anonymous (address at index.android.bundle:1:453603)
07-13 16:53:45.612 11147 11173 W unknown:BridgelessReact:     at RCTScrollView (<anonymous>)
07-13 16:53:45.612 11147 11173 W unknown:BridgelessReact:     at ScrollView (address at index.android.bundle:1:710334)
07-13 16:53:45.612 11147 11173 W unknown:BridgelessReact:     at Wrapper (<anonymous>)
07-13 16:53:45.612 11147 11173 W unknown:BridgelessReact:     at RCTView (<anonymous>)
07-13 16:53:45.612 11147 11173 W unknown:BridgelessReact:     at anonymous (address at index.android.bundle:1:453603)
07-13 16:53:45.612 11147 11173 W unknown:BridgelessReact:     at RCTView (<anonymous>)
07-13 16:53:45.612 11147 11173 W unknown:BridgelessReact:     at anonymous (address at index.android.bundle:1:453603)
07-13 16:53:45.612 11147 11173 W unknown:BridgelessReact:     at RCTScrollView (<anonymous>)
07-13 16:53:45.612 11147 11173 W unknown:BridgelessReact:     at ScrollView (address at index.android.bundle:1:710334)
07-13 16:53:45.612 11147 11173 W unknown:BridgelessReact:     at Wrapper (<anonymous>)
07-13 16:53:45.612 11147 11173 W unknown:BridgelessReact:     at RCTView (<anonymous>)
07-13 16:53:45.612 11147 11173 W unknown:BridgelessReact:     at anonymous (address at index.android.bundle:1:453603)
07-13 16:53:45.612 11147 11173 W unknown:BridgelessReact:     at KeyboardAvoidingView (address at index.android.bundle:1:749454)
07-13 16:53:45.612 11147 11173 W unknown:BridgelessReact:     at NoteEditor (address at index.android.bundle:1:856945)
07-13 16:53:45.612 11147 11173 W unknown:BridgelessReact:     at RCTView (<anonymous>)
07-13 16:53:45.612 11147 11173 W unknown:BridgelessReact:     at anonymous (address at index.android.bundle:1:453603)
07-13 16:53:45.612 11147 11173 W unknown:BridgelessReact:     at VirtualizedListContextResetter (address at index.android.bundle:1:688192)
07-13 16:53:45.612 11147 11173 W unknown:BridgelessReact:     at RCTModalHostView (<anonymous>)
07-13 16:53:45.612 11147 11173 W unknown:BridgelessReact:     at Modal (address at index.android.bundle:1:752426)
07-13 16:53:45.612 11147 11173 W unknown:BridgelessReact:     at RCTView (<anonymous>)
07-13 16:53:45.612 11147 11173 W unknown:BridgelessReact:     at anonymous (address at index.android.bundle:1:453603)
07-13 16:53:45.612 11147 11173 W unknown:BridgelessReact:     at BibleStudy (address at index.android.bundle:1:830351)
07-13 16:53:45.612 11147 11173 W unknown:BridgelessReact:     at StaticContainer (address at index.android.bundle:1:974721)
07-13 16:53:45.612 11147 11173 W unknown:BridgelessReact:     at EnsureSingleNavigator (address at index.android.bundle:1:916522)
07-13 16:53:45.612 11147 11173 W unknown:BridgelessReact:     at SceneView (address at index.android.bundle:1:972254)
07-13 16:53:45.612 11147 11173 W unknown:BridgelessReact:     at RNSScreenContentWrapper (<anonymous>)
07-13 16:53:45.612 11147 11173 W unknown:BridgelessReact:     at ScreenContentWrapper (<anonymous>)
07-13 16:53:45.612 11147 11173 W unknown:BridgelessReact:     at DebugContainer (<anonymous>)
07-13 16:53:45.612 11147 11173 W unknown:BridgelessReact:     at RNSScreen (<anonymous>)
07-13 16:53:45.612 11147 11173 W unknown:BridgelessReact:     at anonymous (address at index.android.bundle:1:633433)
07-13 16:53:45.612 11147 11173 W unknown:BridgelessReact:     at Suspender (address at index.android.bundle:1:1069999)
07-13 16:53:45.612 11147 11173 W unknown:BridgelessReact:     at Suspense (<anonymous>)
07-13 16:53:45.612 11147 11173 W unknown:BridgelessReact:     at Freeze (address at index.android.bundle:1:1070060)
07-13 16:53:45.612 11147 11173 W unknown:BridgelessReact:     at DelayedFreeze (address at index.android.bundle:1:1069254)
07-13 16:53:45.612 11147 11173 W unknown:BridgelessReact:     at InnerScreen (address at index.android.bundle:1:1066860)
07-13 16:53:45.612 11147 11173 W unknown:BridgelessReact:     at anonymous (address at index.android.bundle:1:1068533)
07-13 16:53:45.612 11147 11173 W unknown:BridgelessReact:     at ScreenStackItem (address at index.android.bundle:1:1078769)
07-13 16:53:45.612 11147 11173 W unknown:BridgelessReact:     at SceneView (address at index.android.bundle:1:1010181)
07-13 16:53:45.612 11147 11173 W unknown:BridgelessReact:     at RNSScreenStack (<anonymous>)
07-13 16:53:45.612 11147 11173 W unknown:BridgelessReact:     at anonymous (address at index.android.bundle:1:1077747)
07-13 16:53:45.612 11147 11173 W unknown:BridgelessReact:     at ScreenStack (address at index.android.bundle:1:1077028)
07-13 16:53:45.612 11147 11173 W unknown:BridgelessReact:     at FrameSizeProviderInner (address at index.android.bundle:1:1049011)
07-13 16:53:45.612 11147 11173 W unknown:BridgelessReact:     at FrameSizeProvider (address at index.android.bundle:1:1048932)
07-13 16:53:45.612 11147 11173 W unknown:BridgelessReact:     at RNCSafeAreaProvider (<anonymous>)
07-13 16:53:45.612 11147 11173 W unknown:BridgelessReact:     at SafeAreaProvider (address at index.android.bundle:1:1045488)
07-13 16:53:45.612 11147 11173 W unknown:BridgelessReact:     at SafeAreaProviderCompat (address at index.android.bundle:1:1062041)
07-13 16:53:45.612 11147 11173 W unknown:BridgelessReact:     at NativeStackView (address at index.android.bundle:1:1008770)
07-13 16:53:45.612 11147 11173 W unknown:BridgelessReact:     at PreventRemoveProvider (address at index.android.bundle:1:951738)
07-13 16:53:45.612 11147 11173 W unknown:BridgelessReact:     at NavigationStateListenerProvider (address at index.android.bundle:1:981322)
07-13 16:53:45.612 11147 11173 W unknown:BridgelessReact:     at NavigationContent (address at index.android.bundle:1:968614)
07-13 16:53:45.612 11147 11173 W unknown:BridgelessReact:     at anonymous (address at index.android.bundle:1:968517)
07-13 16:53:45.612 11147 11173 W unknown:BridgelessReact:     at NativeStackNavigator (address at index.android.bundle:1:1007378)
07-13 16:53:45.612 11147 11173 W unknown:BridgelessReact:     at ThemeProvider (address at index.android.bundle:1:919748)
07-13 16:53:45.612 11147 11173 W unknown:BridgelessReact:     at EnsureSingleNavigator (address at index.android.bundle:1:916522)
07-13 16:53:45.612 11147 11173 W unknown:BridgelessReact:     at BaseNavigationContainer (address at index.android.bundle:1:895360)
07-13 16:53:45.612 11147 11173 W unknown:BridgelessReact:     at NavigationContainerInner (address at index.android.bundle:1:991296)
07-13 16:53:45.612 11147 11173 W unknown:BridgelessReact:     at ThemeProvider (address at index.android.bundle:1:838869)
07-13 16:53:45.612 11147 11173 W unknown:BridgelessReact:     at NotesProvider (address at index.android.bundle:1:851046)
07-13 16:53:45.612 11147 11173 W unknown:BridgelessReact:     at App (<anonymous>)
07-13 16:53:45.612 11147 11173 W unknown:BridgelessReact:     at RCTView (<anonymous>)
07-13 16:53:45.612 11147 11173 W unknown:BridgelessReact:     at anonymous (address at index.android.bundle:1:453603)
07-13 16:53:45.612 11147 11173 W unknown:BridgelessReact:     at AppContainer (address at index.android.bundle:1:452803), js engine: hermes, stack:
07-13 16:53:45.612 11147 11173 W unknown:BridgelessReact: completeWork@1:314441
07-13 16:53:45.612 11147 11173 W unknown:BridgelessReact: completeUnitOfWork@1:329876
07-13 16:53:45.612 11147 11173 W unknown:BridgelessReact: performUnitOfWork@1:329171
07-13 16:53:45.612 11147 11173 W unknown:BridgelessReact: workLoopSync@1:328168
07-13 16:53:45.612 11147 11173 W unknown:BridgelessReact: renderRootSync@1:328000
07-13 16:53:45.612 11147 11173 W unknown:BridgelessReact: performWorkOnRoot@1:325490
07-13 16:53:45.612 11147 11173 W unknown:BridgelessReact: performSyncWorkOnRoot@1:278837
07-13 16:53:45.612 11147 11173 W unknown:BridgelessReact: flushSyncWorkAcrossRoots_impl@1:277850
07-13 16:53:45.612 11147 11173 W unknown:BridgelessReact: processRootScheduleInMicrotask@1:278194
07-13 16:53:45.612 11147 11173 W unknown:BridgelessReact: anonymous@1:278936
07-13 16:53:45.612 11147 11173 W unknown:BridgelessReact: ")
--------- beginning of crash
07-13 16:53:45.612 11147 11173 E AndroidRuntime: FATAL EXCEPTION: mqt_v_native
07-13 16:53:45.612 11147 11173 E AndroidRuntime: Process: com.versenotes.app, PID: 11147
07-13 16:53:45.612 11147 11173 E AndroidRuntime: com.facebook.react.common.JavascriptException: Error: Exception in HostFunction: TypeError: expected dynamic type 'array', but had type 'string'
07-13 16:53:45.612 11147 11173 E AndroidRuntime: 
07-13 16:53:45.612 11147 11173 E AndroidRuntime: This error is located at:
07-13 16:53:45.612 11147 11173 E AndroidRuntime:     at RNCWebView (<anonymous>)
07-13 16:53:45.612 11147 11173 E AndroidRuntime:     at RCTView (<anonymous>)
07-13 16:53:45.612 11147 11173 E AndroidRuntime:     at anonymous (address at index.android.bundle:1:453603)
07-13 16:53:45.612 11147 11173 E AndroidRuntime:     at anonymous (address at index.android.bundle:1:869011)
07-13 16:53:45.612 11147 11173 E AndroidRuntime:     at RCTView (<anonymous>)
07-13 16:53:45.612 11147 11173 E AndroidRuntime:     at anonymous (address at index.android.bundle:1:453603)
07-13 16:53:45.612 11147 11173 E AndroidRuntime:     at RichTextEditor (address at index.android.bundle:1:863750)
07-13 16:53:45.612 11147 11173 E AndroidRuntime:     at RCTView (<anonymous>)
07-13 16:53:45.612 11147 11173 E AndroidRuntime:     at anonymous (address at index.android.bundle:1:453603)
07-13 16:53:45.612 11147 11173 E AndroidRuntime:     at RCTScrollView (<anonymous>)
07-13 16:53:45.612 11147 11173 E AndroidRuntime:     at ScrollView (address at index.android.bundle:1:710334)
07-13 16:53:45.612 11147 11173 E AndroidRuntime:     at Wrapper (<anonymous>)
07-13 16:53:45.612 11147 11173 E AndroidRuntime:     at RCTView (<anonymous>)
07-13 16:53:45.612 11147 11173 E AndroidRuntime:     at anonymous (address at index.android.bundle:1:453603)
07-13 16:53:45.612 11147 11173 E AndroidRuntime:     at RCTView (<anonymous>)
07-13 16:53:45.612 11147 11173 E AndroidRuntime:     at anonymous (address at index.android.bundle:1:453603)
07-13 16:53:45.612 11147 11173 E AndroidRuntime:     at RCTScrollView (<anonymous>)
07-13 16:53:45.612 11147 11173 E AndroidRuntime:     at ScrollView (address at index.android.bundle:1:710334)
07-13 16:53:45.612 11147 11173 E AndroidRuntime:     at Wrapper (<anonymous>)
07-13 16:53:45.612 11147 11173 E AndroidRuntime:     at RCTView (<anonymous>)
07-13 16:53:45.612 11147 11173 E AndroidRuntime:     at anonymous (address at index.android.bundle:1:453603)
07-13 16:53:45.612 11147 11173 E AndroidRuntime:     at KeyboardAvoidingView (address at index.android.bundle:1:749454)
07-13 16:53:45.612 11147 11173 E AndroidRuntime:     at NoteEditor (address at index.android.bundle:1:856945)
07-13 16:53:45.612 11147 11173 E AndroidRuntime:     at RCTView (<anonymous>)
07-13 16:53:45.612 11147 11173 E AndroidRuntime:     at anonymous (address at index.android.bundle:1:453603)
07-13 16:53:45.612 11147 11173 E AndroidRuntime:     at VirtualizedListContextResetter (address at index.android.bundle:1:688192)
07-13 16:53:45.612 11147 11173 E AndroidRuntime:     at RCTModalHostView (<anonymous>)
07-13 16:53:45.612 11147 11173 E AndroidRuntime:     at Modal (address at index.android.bundle:1:752426)
07-13 16:53:45.612 11147 11173 E AndroidRuntime:     at RCTView (<anonymous>)
07-13 16:53:45.612 11147 11173 E AndroidRuntime:     at anonymous (address at index.android.bundle:1:453603)
07-13 16:53:45.612 11147 11173 E AndroidRuntime:     at BibleStudy (address at index.android.bundle:1:830351)
07-13 16:53:45.612 11147 11173 E AndroidRuntime:     at StaticContainer (address at index.android.bundle:1:974721)
07-13 16:53:45.612 11147 11173 E AndroidRuntime:     at EnsureSingleNavigator (address at index.android.bundle:1:916522)
07-13 16:53:45.612 11147 11173 E AndroidRuntime:     at SceneView (address at index.android.bundle:1:972254)
07-13 16:53:45.612 11147 11173 E AndroidRuntime:     at RNSScreenContentWrapper (<anonymous>)
07-13 16:53:45.612 11147 11173 E AndroidRuntime:     at ScreenContentWrapper (<anonymous>)
07-13 16:53:45.612 11147 11173 E AndroidRuntime:     at DebugContainer (<anonymous>)
07-13 16:53:45.612 11147 11173 E AndroidRuntime:     at RNSScreen (<anonymous>)
07-13 16:53:45.612 11147 11173 E AndroidRuntime:     at anonymous (address at index.android.bundle:1:633433)
07-13 16:53:45.612 11147 11173 E AndroidRuntime:     at Suspender (address at index.android.bundle:1:1069999)
07-13 16:53:45.612 11147 11173 E AndroidRuntime:     at Suspense (<anonymous>)
07-13 16:53:45.612 11147 11173 E AndroidRuntime:     at Freeze (address at index.android.bundle:1:1070060)
07-13 16:53:45.612 11147 11173 E AndroidRuntime:     at DelayedFreeze (address at index.android.bundle:1:1069254)
07-13 16:53:45.612 11147 11173 E AndroidRuntime:     at InnerScreen (address at index.android.bundle:1:1066860)
07-13 16:53:45.612 11147 11173 E AndroidRuntime:     at anonymous (address at index.android.bundle:1:1068533)
07-13 16:53:45.612 11147 11173 E AndroidRuntime:     at ScreenStackItem (address at index.android.bundle:1:1078769)
07-13 16:53:45.612 11147 11173 E AndroidRuntime:     at SceneView (address at index.android.bundle:1:1010181)
07-13 16:53:45.612 11147 11173 E AndroidRuntime:     at RNSScreenStack (<anonymous>)
07-13 16:53:45.612 11147 11173 E AndroidRuntime:     at anonymous (address at index.android.bundle:1:1077747)
07-13 16:53:45.612 11147 11173 E AndroidRuntime:     at ScreenStack (address at index.android.bundle:1:1077028)
07-13 16:53:45.612 11147 11173 E AndroidRuntime:     at FrameSizeProviderInner (address at index.android.bundle:1:1049011)
07-13 16:53:45.612 11147 11173 E AndroidRuntime:     at FrameSizeProvider (address at index.android.bundle:1:1048932)
07-13 16:53:45.612 11147 11173 E AndroidRuntime:     at RNCSafeAreaProvider (<anonymous>)
07-13 16:53:45.612 11147 11173 E AndroidRuntime:     at SafeAreaProvider (address at index.android.bundle:1:1045488)
07-13 16:53:45.612 11147 11173 E AndroidRuntime:     at SafeAreaProviderCompat (address at index.android.bundle:1:1062041)
07-13 16:53:45.612 11147 11173 E AndroidRuntime:     at NativeStackView (address at index.android.bundle:1:1008770)
07-13 16:53:45.612 11147 11173 E AndroidRuntime:     at PreventRemoveProvider (address at index.android.bundle:1:951738)
07-13 16:53:45.612 11147 11173 E AndroidRuntime:     at NavigationStateListenerProvider (address at index.android.bundle:1:981322)
07-13 16:53:45.612 11147 11173 E AndroidRuntime:     at NavigationContent (address at index.android.bundle:1:968614)
07-13 16:53:45.612 11147 11173 E AndroidRuntime:     at anonymous (address at index.android.bundle:1:968517)
07-13 16:53:45.612 11147 11173 E AndroidRuntime:     at NativeStackNavigator (address at index.android.bundle:1:1007378)
07-13 16:53:45.612 11147 11173 E AndroidRuntime:     at ThemeProvider (address at index.android.bundle:1:919748)
07-13 16:53:45.612 11147 11173 E AndroidRuntime:     at EnsureSingleNavigator (address at index.android.bundle:1:916522)
07-13 16:53:45.612 11147 11173 E AndroidRuntime:     at BaseNavigationContainer (address at index.android.bundle:1:895360)
07-13 16:53:45.612 11147 11173 E AndroidRuntime:     at NavigationContainerInner (address at index.android.bundle:1:991296)
07-13 16:53:45.612 11147 11173 E AndroidRuntime:     at ThemeProvider (address at index.android.bundle:1:838869)
07-13 16:53:45.612 11147 11173 E AndroidRuntime:     at NotesProvider (address at index.android.bundle:1:851046)
07-13 16:53:45.612 11147 11173 E AndroidRuntime:     at App (<anonymous>)
07-13 16:53:45.612 11147 11173 E AndroidRuntime:     at RCTView (<anonymous>)
07-13 16:53:45.612 11147 11173 E AndroidRuntime:     at anonymous (address at index.android.bundle:1:453603)
07-13 16:53:45.612 11147 11173 E AndroidRuntime:     at AppContainer (address at index.android.bundle:1:452803), js engine: hermes, stack:
07-13 16:53:45.612 11147 11173 E AndroidRuntime: completeWork@1:314441
07-13 16:53:45.612 11147 11173 E AndroidRuntime: completeUnitOfWork@1:329876
07-13 16:53:45.612 11147 11173 E AndroidRuntime: performUnitOfWork@1:329171
07-13 16:53:45.612 11147 11173 E AndroidRuntime: workLoopSync@1:328168
07-13 16:53:45.612 11147 11173 E AndroidRuntime: renderRootSync@1:328000
07-13 16:53:45.612 11147 11173 E AndroidRuntime: performWorkOnRoot@1:325490
07-13 16:53:45.612 11147 11173 E AndroidRuntime: performSyncWorkOnRoot@1:278837
07-13 16:53:45.612 11147 11173 E AndroidRuntime: flushSyncWorkAcrossRoots_impl@1:277850
07-13 16:53:45.612 11147 11173 E AndroidRuntime: processRootScheduleInMicrotask@1:278194
07-13 16:53:45.612 11147 11173 E AndroidRuntime: anonymous@1:278936
07-13 16:53:45.612 11147 11173 E AndroidRuntime: 
07-13 16:53:45.612 11147 11173 E AndroidRuntime: 	at com.facebook.react.modules.core.ExceptionsManagerModule.reportException(ExceptionsManagerModule.kt:52)
07-13 16:53:45.612 11147 11173 E AndroidRuntime: 	at com.facebook.jni.NativeRunnable.run(Native Method)
07-13 16:53:45.612 11147 11173 E AndroidRuntime: 	at android.os.Handler.handleCallback(Handler.java:942)
07-13 16:53:45.612 11147 11173 E AndroidRuntime: 	at android.os.Handler.dispatchMessage(Handler.java:99)
07-13 16:53:45.612 11147 11173 E AndroidRuntime: 	at com.facebook.react.bridge.queue.MessageQueueThreadHandler.dispatchMessage(MessageQueueThreadHandler.kt:20)
07-13 16:53:45.612 11147 11173 E AndroidRuntime: 	at android.os.Looper.loopOnce(Looper.java:201)
07-13 16:53:45.612 11147 11173 E AndroidRuntime: 	at android.os.Looper.loop(Looper.java:288)
07-13 16:53:45.612 11147 11173 E AndroidRuntime: 	at com.facebook.react.bridge.queue.MessageQueueThreadImpl$Companion.startNewBackgroundThread$lambda$1(MessageQueueThreadImpl.kt:175)
07-13 16:53:45.612 11147 11173 E AndroidRuntime: 	at com.facebook.react.bridge.queue.MessageQueueThreadImpl$Companion.$r8$lambda$ldnZnqelhYFctGaUKkOKYj5rxo4(Unknown Source:0)
07-13 16:53:45.612 11147 11173 E AndroidRuntime: 	at com.facebook.react.bridge.queue.MessageQueueThreadImpl$Companion$$ExternalSyntheticLambda0.run(D8$$SyntheticClass:0)
07-13 16:53:45.612 11147 11173 E AndroidRuntime: 	at java.lang.Thread.run(Thread.java:1012)
07-13 16:53:45.615 11147 11172 I ReactNativeJNI: instanceHandle is null, event of type topDetached will be dropped
07-13 16:53:45.615   505  1930 W ActivityTaskManager:   Force finishing activity com.versenotes.app/.MainActivity
07-13 16:53:45.616   505 11208 I DropBoxManagerService: add tag=data_app_crash isTagEnabled=true flags=0x2
07-13 16:53:45.636 11147 11173 I Process : Sending signal. PID: 11147 SIG: 9
07-13 16:53:45.636   505   539 W BroadcastQueue: Background execution not allowed: receiving Intent { act=android.intent.action.DROPBOX_ENTRY_ADDED flg=0x10 (has extras) } to com.google.android.gms/.stats.service.DropBoxEntryAddedReceiver
07-13 16:53:45.636   505   539 W BroadcastQueue: Background execution not allowed: receiving Intent { act=android.intent.action.DROPBOX_ENTRY_ADDED flg=0x10 (has extras) } to com.google.android.gms/.chimera.GmsIntentOperationService$PersistentTrustedReceiver
07-13 16:53:45.637   505  1930 D CompatibilityChangeReporter: Compat change id reported: 168419799; UID 10111; state: DISABLED
07-13 16:53:45.637   505  1930 D CompatibilityChangeReporter: Compat change id reported: 273564678; UID 10111; state: DISABLED
07-13 16:53:45.641  1044  1371 D BtGatt.ScanManager: uid 10111 isForeground true scanMode -1
07-13 16:53:45.641  1044  1371 D BtGatt.ScanManager: uid 10111 isForeground true scanMode -1
07-13 16:53:45.649   505  3527 I ActivityManager: Process com.versenotes.app (pid 11147) has died: fg  TOP 
07-13 16:53:45.649   505  3899 I WindowManager: WIN DEATH: Window{d94ad96 u0 com.versenotes.app/com.versenotes.app.MainActivity}
07-13 16:53:45.649   505  3899 W InputManager-JNI: Input channel object 'd94ad96 com.versenotes.app/com.versenotes.app.MainActivity (client)' was disposed without first being removed with the input manager!
07-13 16:53:45.650   505   541 I libprocessgroup: Successfully killed process cgroup uid 10174 pid 11147 in 0ms
07-13 16:53:45.650   505  1910 D AutofillSession: handling death of Token{32885c2 ActivityRecord{70e3fd3 u0 com.versenotes.app/.MainActivity} t17 f}}} when saving=false
07-13 16:53:45.650   505   527 D AutofillUI: destroySaveUiUiThread(): already destroyed
07-13 16:53:45.652    43    43 I binder  : undelivered transaction 866284, process died.
07-13 16:53:45.654   303   303 I Zygote  : Process 11147 exited due to signal 9 (Killed)
07-13 16:53:45.660  1248 11045 D SettingsActivity: No enabled state changed, skipping updateCategory call
07-13 16:53:45.661  1248  1248 W AppButtonsPrefCtl: App is not explicitly stopped
07-13 16:53:45.664   505  3229 W BatteryExternalStatsWorker: error reading Bluetooth stats: 11
07-13 16:53:45.668   505   903 D TelephonyManager: requestModemActivityInfo: Sending result to app: ModemActivityInfo{ mTimestamp=1052572 mSleepTimeMs=0 mIdleTimeMs=1052554 mActivityStatsTechSpecificInfo=[{mRat=UNKNOWN,mFrequencyRange=UNKNOWN,mTxTimeMs[]=[0, 0, 0, 0, 0],mRxTimeMs=0}]}
07-13 16:53:45.676  1248  1248 E ndroid.settings: Invalid ID 0x00000000.
07-13 16:53:45.676  1248  1248 W LocaleConfig: The resource file pointed to by the given resource ID isn't found.
07-13 16:53:45.676  1248  1248 I AppLocaleUtil: Can display preference - [com.versenotes.app] : isDisallowedPackage : false / isSignedWithPlatformKey : false / hasLauncherEntry : true / canDisplay : false
07-13 16:53:45.685   505  3899 W PackageConfigPersister: App-specific configuration not found for packageName: com.versenotes.app and userId: 0
07-13 16:53:45.686  1248  1248 W AppButtonsPrefCtl: App is not explicitly stopped
07-13 16:53:45.688   302  6525 I netd    : tetherGetStats() -> {[]} <0.59ms>
07-13 16:53:45.691   302  6525 I netd    : bandwidthRemoveInterfaceQuota(eth0) <0.64ms>
07-13 16:53:45.692   302  6525 I netd    : bandwidthSetInterfaceQuota(eth0, 9223372036854775807) <0.43ms>
07-13 16:53:45.692  1248 11216 W TileUtils: Found com.google.android.gms.auth.proximity.multidevice.SettingsMaterialNextActivity for intent Intent { act=com.android.settings.action.IA_SETTINGS } missing metadata 
07-13 16:53:45.694  1248  1248 D DashboardFragment: register observer: @a0c09a1, uri: content://com.google.android.apps.wellbeing.api/digitalWellbeingSummary
07-13 16:53:45.696   302  6525 I netd    : tetherGetStats() -> {[]} <0.24ms>
07-13 16:53:45.696   505  1931 W BatteryExternalStatsWorker: error reading Bluetooth stats: 11
07-13 16:53:45.697   505  1220 W CpuPowerCalculator: UID 50174 CPU freq # mismatch: Power Profile # 2 actual # 8
07-13 16:53:45.697   505  1220 W CpuPowerCalculator: UID 50172 CPU freq # mismatch: Power Profile # 2 actual # 8
07-13 16:53:45.697   505  1220 W CpuPowerCalculator: UID 50171 CPU freq # mismatch: Power Profile # 2 actual # 8
07-13 16:53:45.697   505  1220 W CpuPowerCalculator: UID 50170 CPU freq # mismatch: Power Profile # 2 actual # 8
07-13 16:53:45.697   505  1220 W CpuPowerCalculator: UID 50169 CPU freq # mismatch: Power Profile # 2 actual # 8
07-13 16:53:45.697   505  1220 W CpuPowerCalculator: UID 50167 CPU freq # mismatch: Power Profile # 2 actual # 8
07-13 16:53:45.697   505  1220 W CpuPowerCalculator: UID 50164 CPU freq # mismatch: Power Profile # 2 actual # 8
07-13 16:53:45.697   505  1220 W CpuPowerCalculator: UID 50163 CPU freq # mismatch: Power Profile # 2 actual # 8
07-13 16:53:45.697   505  1220 W CpuPowerCalculator: UID 50161 CPU freq # mismatch: Power Profile # 2 actual # 8
07-13 16:53:45.697   505  1220 W CpuPowerCalculator: UID 50159 CPU freq # mismatch: Power Profile # 2 actual # 8
07-13 16:53:45.697   505  1220 W CpuPowerCalculator: UID 50158 CPU freq # mismatch: Power Profile # 2 actual # 8
07-13 16:53:45.697   505  1220 W CpuPowerCalculator: UID 50141 CPU freq # mismatch: Power Profile # 2 actual # 8
07-13 16:53:45.697   505  1220 W CpuPowerCalculator: UID 50138 CPU freq # mismatch: Power Profile # 2 actual # 8
07-13 16:53:45.697   505  1220 W CpuPowerCalculator: UID 50109 CPU freq # mismatch: Power Profile # 2 actual # 8
07-13 16:53:45.697   505  1220 W CpuPowerCalculator: UID 10174 CPU freq # mismatch: Power Profile # 2 actual # 8
07-13 16:53:45.697   505  1220 W CpuPowerCalculator: UID 10164 CPU freq # mismatch: Power Profile # 2 actual # 8
07-13 16:53:45.697   505  1220 W CpuPowerCalculator: UID 10163 CPU freq # mismatch: Power Profile # 2 actual # 8
07-13 16:53:45.697   505  1220 W CpuPowerCalculator: UID 10159 CPU freq # mismatch: Power Profile # 2 actual # 8
07-13 16:53:45.697   505  1220 W CpuPowerCalculator: UID 10158 CPU freq # mismatch: Power Profile # 2 actual # 8
07-13 16:53:45.697   505  1220 W CpuPowerCalculator: UID 10157 CPU freq # mismatch: Power Profile # 2 actual # 8
07-13 16:53:45.697   505  1220 W CpuPowerCalculator: UID 10155 CPU freq # mismatch: Power Profile # 2 actual # 8
07-13 16:53:45.697   505  1220 W CpuPowerCalculator: UID 10154 CPU freq # mismatch: Power Profile # 2 actual # 8
07-13 16:53:45.697   505  1220 W CpuPowerCalculator: UID 10152 CPU freq # mismatch: Power Profile # 2 actual # 8
07-13 16:53:45.697   505  1220 W CpuPowerCalculator: UID 10151 CPU freq # mismatch: Power Profile # 2 actual # 8
07-13 16:53:45.697   505  1220 W CpuPowerCalculator: UID 10150 CPU freq # mismatch: Power Profile # 2 actual # 8
07-13 16:53:45.697   505  1220 W CpuPowerCalculator: UID 10146 CPU freq # mismatch: Power Profile # 2 actual # 8
07-13 16:53:45.697   505  1220 W CpuPowerCalculator: UID 10145 CPU freq # mismatch: Power Profile # 2 actual # 8
07-13 16:53:45.697   505  1220 W CpuPowerCalculator: UID 10144 CPU freq # mismatch: Power Profile # 2 actual # 8
07-13 16:53:45.697   505  1220 W CpuPowerCalculator: UID 10143 CPU freq # mismatch: Power Profile # 2 actual # 8
07-13 16:53:45.697   505  1220 W CpuPowerCalculator: UID 10142 CPU freq # mismatch: Power Profile # 2 actual # 8
07-13 16:53:45.697   505  1220 W CpuPowerCalculator: UID 10141 CPU freq # mismatch: Power Profile # 2 actual # 8
07-13 16:53:45.697   505  1220 W CpuPowerCalculator: UID 10138 CPU freq # mismatch: Power Profile # 2 actual # 8
07-13 16:53:45.697   505  1220 W CpuPowerCalculator: UID 10136 CPU freq # mismatch: Power Profile # 2 actual # 8
07-13 16:53:45.697   505  1220 W CpuPowerCalculator: UID 10133 CPU freq # mismatch: Power Profile # 2 actual # 8
07-13 16:53:45.697   505  1220 W CpuPowerCalculator: UID 10131 CPU freq # mismatch: Power Profile # 2 actual # 8
07-13 16:53:45.697   505  1220 W CpuPowerCalculator: UID 10128 CPU freq # mismatch: Power Profile # 2 actual # 8
07-13 16:53:45.697   505  1220 W CpuPowerCalculator: UID 10127 CPU freq # mismatch: Power Profile # 2 actual # 8
07-13 16:53:45.697   505  1220 W CpuPowerCalculator: UID 10126 CPU freq # mismatch: Power Profile # 2 actual # 8
