--------- beginning of main
07-13 17:40:26.980   505   815 D androidtc: Initializing SystemTextClassifier, type = System
--------- beginning of system
07-13 17:40:26.981   505   815 E ClipboardService: Denying clipboard access to com.android.chrome, application is not in focus nor is it a system service for user 0
07-13 17:40:26.983   833   833 I ClipboardListener: Clipboard overlay suppressed.
07-13 17:40:26.986  1727  1727 I AiAiTextClassifier: onCreateTextClassificationSession = TextClassificationSessionId {c8c74120-87bb-41e0-bdaa-c2a9c39685dd}
07-13 17:40:26.988  1727  2228 I AiAiTranslate: C2T - not in a conversation
07-13 17:40:26.994  1727  2415 I AiAiTextClassifier: Initialize textClassifierLib, privileged changed = [true], TC null = [false]
07-13 17:40:27.021  1727  2359 I AiAiTextClassifier: GenerateLinks did not find valid links, returning empty result
07-13 17:40:27.021   505   816 E ClipboardService: Denying clipboard access to com.android.chrome, application is not in focus nor is it a system service for user 0
07-13 17:40:27.022  1727  2359 I AiAiTextClassifier: Initialize textClassifierLib, privileged changed = [true], TC null = [false]
07-13 17:40:27.024   833   833 I ClipboardListener: Clipboard overlay suppressed.
07-13 17:40:27.025  1727  2359 I AiAiTextClassifier: GenerateLinks did not find valid links, returning empty result
--------- beginning of kernel
07-13 17:40:34.434   153   153 I logd    : logdr: UID=2000 GID=2000 PID=12180 b tail=0 logMask=99 pid=0 start=0ns deadline=0ns
07-13 17:40:34.751 11071 11071 D BoundBrokerSvc: onBind: Intent { act=com.google.android.gms.safetynet.service.START pkg=com.google.android.gms }
07-13 17:40:34.751 11071 11071 D BoundBrokerSvc: Loading bound service for intent: Intent { act=com.google.android.gms.safetynet.service.START pkg=com.google.android.gms }
07-13 17:40:42.840   322   322 W healthd : battery l=100 v=5000 t=25.0 h=2 st=4 c=900000 fc=3000000 cc=10 chg=
07-13 17:40:45.775   833   896 D EGL_emulation: app_time_stats: avg=45717.87ms min=45717.87ms max=45717.87ms count=1
07-13 17:40:49.815 11071 11071 D BoundBrokerSvc: onUnbind: Intent { act=com.google.android.gms.safetynet.service.START pkg=com.google.android.gms }
07-13 17:40:52.378  1090  1090 D TaplEvents: Main / Touch event: MotionEvent { action=ACTION_DOWN, actionButton=0, id[0]=0, x[0]=399.03113, y[0]=56.922363, toolType[0]=TOOL_TYPE_FINGER, buttonState=0, classification=NONE, metaState=0, flags=0x0, edgeFlags=0x0, pointerCount=1, historySize=0, eventTime=4213693, downTime=4213693, deviceId=3, source=0x5002, displayId=0, eventId=162042302 }
07-13 17:40:52.380  1090  1090 D TaplEvents: TIS / TouchInteractionService.onInputEvent: MotionEvent { action=ACTION_DOWN, actionButton=0, id[0]=0, x[0]=399.03113, y[0]=1838.9224, toolType[0]=TOOL_TYPE_FINGER, buttonState=0, classification=NONE, metaState=0, flags=0x0, edgeFlags=0x0, pointerCount=1, historySize=0, eventTime=4213693, downTime=4213693, deviceId=3, source=0x5002, displayId=0, eventId=162042302 }
07-13 17:40:52.417  1090  1872 D EGL_emulation: app_time_stats: avg=16357.41ms min=11.86ms max=522919.56ms count=32
07-13 17:40:52.531  1090  1090 D TaplEvents: Main / Touch event: MotionEvent { action=ACTION_UP, actionButton=0, id[0]=0, x[0]=399.03113, y[0]=54.92285, toolType[0]=TOOL_TYPE_FINGER, buttonState=0, classification=NONE, metaState=0, flags=0x0, edgeFlags=0x0, pointerCount=1, historySize=0, eventTime=4213847, downTime=4213693, deviceId=3, source=0x5002, displayId=0, eventId=428525713 }
07-13 17:40:52.531  1090  1090 D TaplEvents: TIS / TouchInteractionService.onInputEvent: MotionEvent { action=ACTION_UP, actionButton=0, id[0]=0, x[0]=399.03113, y[0]=1836.9229, toolType[0]=TOOL_TYPE_FINGER, buttonState=0, classification=NONE, metaState=0, flags=0x0, edgeFlags=0x0, pointerCount=1, historySize=0, eventTime=4213847, downTime=4213693, deviceId=3, source=0x5002, displayId=0, eventId=428525713 }
07-13 17:40:52.571   341   469 D AudioFlinger: mixer(0xb400007417d729a0) throttle end: throttle time(36)
07-13 17:40:52.572  1090  1872 W Parcel  : Expecting binder but got null!
07-13 17:40:52.580   505  1930 D CoreBackPreview: Window{2c195d7 u0 Taskbar Overlay}: Setting back callback OnBackInvokedCallbackInfo{mCallback=android.window.IOnBackInvokedCallback$Stub$Proxy@28d052e, mPriority=0}
07-13 17:40:52.594  1090  1872 E OpenGLRenderer: Unable to match the desired swap behavior.
07-13 17:40:52.595   344   384 W TransactionTracing: Could not find layer handle 0xb400007a05e78390
07-13 17:40:52.596   344   384 W TransactionTracing: Could not find layer handle 0xb400007a05e79590
07-13 17:40:52.642  1576  1576 I GoogleInputMethodService: GoogleInputMethodService.onFinishInput():3227 
07-13 17:40:52.643  1576  1576 I GoogleInputMethodService: GoogleInputMethodService.updateDeviceLockedStatus():2087 repeatCheckTimes = 0, unlocked = true
07-13 17:40:52.643  1576  1576 I GoogleInputMethodService: GoogleInputMethodService.onStartInput():1877 onStartInput(EditorInfo{inputType=0x0(NULL) imeOptions=0x0 privateImeOptions=null actionName=UNSPECIFIED actionLabel=null actionId=0 initialSelStart=-1 initialSelEnd=-1 initialCapsMode=0x0 hintText=null label=null packageName=com.google.android.apps.nexuslauncher fieldId=-1 fieldName=null extras=null}, false)
07-13 17:40:52.643  1576  1576 I GoogleInputMethodService: GoogleInputMethodService.shouldHideHeaderOnInitialState():4008 ShouldHideHeaderOnInitialState = false
07-13 17:40:52.644  1576  1576 I GoogleInputMethodService: GoogleInputMethodService.updateDeviceLockedStatus():2087 repeatCheckTimes = 2, unlocked = true
07-13 17:40:52.645   344   384 W TransactionTracing: Could not find layer handle 0xb400007a05e764d0
07-13 17:40:53.115  1090  1090 W FrameTracker: Missed SF frame:UNKNOWN: 66, 522562, 50314018, CUJ=J<TASKBAR_EXPAND>
07-13 17:40:53.115  1090  1090 W FrameTracker: Missed App frame:UNKNOWN: 24, 522606, 33688604, CUJ=J<TASKBAR_EXPAND>
07-13 17:40:53.115  1090  1090 W FrameTracker: Missed SF frame:UNKNOWN: 24, 522606, 33688604, CUJ=J<TASKBAR_EXPAND>
07-13 17:40:53.115  1090  1090 W FrameTracker: Missed App frame:UNKNOWN: 10, 522643, 0, CUJ=J<TASKBAR_EXPAND>
07-13 17:40:53.115  1090  1090 W FrameTracker: Missed SF frame:UNKNOWN: 10, 522643, 0, CUJ=J<TASKBAR_EXPAND>
07-13 17:40:53.115  1090  1090 W FrameTracker: Missing HWUI jank callback for vsyncId: 522643, CUJ=J<TASKBAR_EXPAND>
07-13 17:40:53.115  1090  1090 W FrameTracker: Missed App frame:UNKNOWN: 24, 522666, 0, CUJ=J<TASKBAR_EXPAND>
07-13 17:40:53.115  1090  1090 W FrameTracker: Missed SF frame:UNKNOWN: 24, 522666, 0, CUJ=J<TASKBAR_EXPAND>
07-13 17:40:53.115  1090  1090 W FrameTracker: Missing HWUI jank callback for vsyncId: 522666, CUJ=J<TASKBAR_EXPAND>
07-13 17:40:53.115  1090  1090 W FrameTracker: Missed SF frame:UNKNOWN: 80, 522688, 35301182, CUJ=J<TASKBAR_EXPAND>
07-13 17:40:53.115  1090  1090 W FrameTracker: Missed SF frame:UNKNOWN: 80, 522709, 18753858, CUJ=J<TASKBAR_EXPAND>
07-13 17:40:53.115  1090  1090 W FrameTracker: Missed SF frame:UNKNOWN: 80, 522724, 18279109, CUJ=J<TASKBAR_EXPAND>
07-13 17:40:53.115  1090  1090 W FrameTracker: Missed SF frame:UNKNOWN: 80, 522739, 19083359, CUJ=J<TASKBAR_EXPAND>
07-13 17:40:53.115  1090  1090 W FrameTracker: Missed SF frame:UNKNOWN: 80, 522754, 18777485, CUJ=J<TASKBAR_EXPAND>
07-13 17:40:53.115  1090  1090 W FrameTracker: Missed SF frame:UNKNOWN: 80, 522769, 19668527, CUJ=J<TASKBAR_EXPAND>
07-13 17:40:53.115  1090  1090 W FrameTracker: Missed SF frame:UNKNOWN: 80, 522784, 18288195, CUJ=J<TASKBAR_EXPAND>
07-13 17:40:53.115  1090  1090 W FrameTracker: Missed SF frame:UNKNOWN: 80, 522799, 21430112, CUJ=J<TASKBAR_EXPAND>
07-13 17:40:53.115  1090  1090 W FrameTracker: Missed SF frame:UNKNOWN: 80, 522814, 20598196, CUJ=J<TASKBAR_EXPAND>
07-13 17:40:53.115  1090  1090 W FrameTracker: Missed SF frame:UNKNOWN: 80, 522829, 18876488, CUJ=J<TASKBAR_EXPAND>
07-13 17:40:53.115  1090  1090 W FrameTracker: Missed SF frame:UNKNOWN: 80, 522844, 18482781, CUJ=J<TASKBAR_EXPAND>
07-13 17:40:53.115  1090  1090 W FrameTracker: Missed SF frame:UNKNOWN: 80, 522859, 19391365, CUJ=J<TASKBAR_EXPAND>
07-13 17:40:53.115  1090  1090 W FrameTracker: Missed SF frame:UNKNOWN: 80, 522874, 18577657, CUJ=J<TASKBAR_EXPAND>
07-13 17:40:53.115  1090  1090 W FrameTracker: Missed SF frame:UNKNOWN: 80, 522889, 18964241, CUJ=J<TASKBAR_EXPAND>
07-13 17:40:53.115  1090  1090 W FrameTracker: Missed SF frame:UNKNOWN: 80, 522904, 18273158, CUJ=J<TASKBAR_EXPAND>
07-13 17:40:53.115  1090  1090 W FrameTracker: Missed SF frame:UNKNOWN: 80, 522919, 18834951, CUJ=J<TASKBAR_EXPAND>
07-13 17:40:53.115  1090  1090 W FrameTracker: Missed SF frame:UNKNOWN: 80, 522934, 18911743, CUJ=J<TASKBAR_EXPAND>
07-13 17:40:53.115  1090  1090 W FrameTracker: Missed SF frame:UNKNOWN: 80, 522949, 20248577, CUJ=J<TASKBAR_EXPAND>
07-13 17:40:53.115  1090  1090 W FrameTracker: Missed SF frame:UNKNOWN: 80, 522978, 18928036, CUJ=J<TASKBAR_EXPAND>
07-13 17:40:53.115  1090  1090 W FrameTracker: Missed SF frame:UNKNOWN: 80, 522993, 18386078, CUJ=J<TASKBAR_EXPAND>
07-13 17:40:53.115  1090  1090 W FrameTracker: Missed SF frame:UNKNOWN: 80, 523008, 19044746, CUJ=J<TASKBAR_EXPAND>
07-13 17:40:53.115  1090  1090 W FrameTracker: Missed SF frame:UNKNOWN: 80, 523023, 19295371, CUJ=J<TASKBAR_EXPAND>
07-13 17:40:53.115  1090  1090 W FrameTracker: Missed SF frame:UNKNOWN: 80, 523038, 18863664, CUJ=J<TASKBAR_EXPAND>
07-13 17:40:53.115  1090  1090 W FrameTracker: Missed SF frame:UNKNOWN: 80, 523053, 18885081, CUJ=J<TASKBAR_EXPAND>
07-13 17:40:53.115  1090  1090 W FrameTracker: Missed SF frame:UNKNOWN: 80, 523068, 18620582, CUJ=J<TASKBAR_EXPAND>
07-13 17:40:53.755   326   326 E android.hardware.power.stats@1.0-service-mock: Failed to getEnergyData
07-13 17:40:54.106   833   899 D ControlsListingControllerImpl: Subscribing callback, service count: 0
07-13 17:40:54.114   833   899 D ControlsListingControllerImpl: Unsubscribing callback
07-13 17:40:55.974  1576  2361 I PhenotypeProcessReaper: Memory state is: 200
07-13 17:40:56.374  1090  1090 D TaplEvents: Main / Touch event: MotionEvent { action=ACTION_DOWN, actionButton=0, id[0]=0, x[0]=240.06995, y[0]=1034.9473, toolType[0]=TOOL_TYPE_FINGER, buttonState=0, classification=NONE, metaState=0, flags=0x0, edgeFlags=0x0, pointerCount=1, historySize=0, eventTime=4217689, downTime=4217689, deviceId=3, source=0x5002, displayId=0, eventId=976329003 }
07-13 17:40:56.375  1090  1090 D TaplEvents: TIS / TouchInteractionService.onInputEvent: MotionEvent { action=ACTION_DOWN, actionButton=0, id[0]=0, x[0]=240.06995, y[0]=1034.9473, toolType[0]=TOOL_TYPE_FINGER, buttonState=0, classification=NONE, metaState=0, flags=0x0, edgeFlags=0x0, pointerCount=1, historySize=0, eventTime=4217689, downTime=4217689, deviceId=3, source=0x5002, displayId=0, eventId=976329003 }
07-13 17:40:56.451  1090  1090 D TaplEvents: Main / Touch event: MotionEvent { action=ACTION_UP, actionButton=0, id[0]=0, x[0]=240.06995, y[0]=1034.9473, toolType[0]=TOOL_TYPE_FINGER, buttonState=0, classification=NONE, metaState=0, flags=0x0, edgeFlags=0x0, pointerCount=1, historySize=0, eventTime=4217767, downTime=4217689, deviceId=3, source=0x5002, displayId=0, eventId=377918915 }
07-13 17:40:56.452  1090  1090 D TaplEvents: TIS / TouchInteractionService.onInputEvent: MotionEvent { action=ACTION_UP, actionButton=0, id[0]=0, x[0]=240.06995, y[0]=1034.9473, toolType[0]=TOOL_TYPE_FINGER, buttonState=0, classification=NONE, metaState=0, flags=0x0, edgeFlags=0x0, pointerCount=1, historySize=0, eventTime=4217767, downTime=4217689, deviceId=3, source=0x5002, displayId=0, eventId=377918915 }
07-13 17:40:56.465  1090  1090 D TaplEvents: Main / start: taskbarAppIcon
07-13 17:40:56.466   505   520 I ActivityTaskManager: START u0 {act=android.intent.action.MAIN cat=[android.intent.category.LAUNCHER] flg=0x10200000 cmp=com.google.android.documentsui/com.android.documentsui.LauncherActivity} from uid 10150
07-13 17:40:56.497  1090  1872 D EGL_emulation: app_time_stats: avg=132.81ms min=3.79ms max=3399.47ms count=29
07-13 17:40:56.498   341   469 D AudioFlinger: mixer(0xb400007417d729a0) throttle end: throttle time(34)
07-13 17:40:56.502   505   520 V SplashScreenExceptionList: SplashScreen checking exception for package com.google.android.documentsui (target sdk:33) -> false
07-13 17:40:56.504 12086 12086 W unknown:BridgelessReact: ReactHost{0}.onUserLeaveHint(activity)
07-13 17:40:56.505 12086 12086 W unknown:BridgelessReact: ReactHost{0}.onHostPause(activity)
07-13 17:40:56.505 12086 12086 W unknown:BridgelessReact: ReactContext.onHostPause()
07-13 17:40:56.506  1090  1872 D EGL_emulation: app_time_stats: avg=94.41ms min=0.75ms max=3409.52ms count=38
07-13 17:40:56.506   505  5056 W ActivityTaskManager: Tried to set launchTime (0) < mLastActivityLaunchTime (3636260)
07-13 17:40:56.508   505  5056 D CompatibilityChangeReporter: Compat change id reported: 197654537; UID 10174; state: ENABLED
07-13 17:40:56.516   344   382 I BpBinder: onLastStrongRef automatically unlinking death recipients: <uncached descriptor>
07-13 17:40:56.519 11372 11372 D LauncherActivity: Restoring existing task > //com.android.documentsui.launchControl#1752445874922
07-13 17:40:56.520   505  5056 I ActivityTaskManager: START u0 {dat= flg=0x10280000 cmp=com.google.android.documentsui/com.android.documentsui.files.FilesActivity (has extras)} from uid 10075
07-13 17:40:56.536 11372 11529 D ProvidersAccess: Matched roots: [Root{userId=0, authority=null, rootId=null, title=Recent, isUsb=false, isSd=false, isMtp=false} @ content:/root/null, Root{userId=0, authority=com.android.providers.downloads.documents, rootId=downloads, title=Downloads, isUsb=false, isSd=false, isMtp=false} @ content://com.android.providers.downloads.documents/root/downloads, Root{userId=0, authority=com.android.externalstorage.documents, rootId=primary, title=sdk_gphone64_arm64, isUsb=false, isSd=false, isMtp=false} @ content://com.android.externalstorage.documents/root/primary, Root{userId=0, authority=com.android.providers.media.documents, rootId=images_root, title=Images, isUsb=false, isSd=false, isMtp=false} @ content://com.android.providers.media.documents/root/images_root, Root{userId=0, authority=com.android.providers.media.documents, rootId=videos_root, title=Videos, isUsb=false, isSd=false, isMtp=false} @ content://com.android.providers.media.documents/root/videos_root, Root{userId=0, authority=com.android.providers.media.documents, rootId=audio_root, title=Audio, isUsb=false, isSd=false, isMtp=false} @ content://com.android.providers.media.documents/root/audio_root, Root{userId=0, authority=com.android.providers.media.documents, rootId=documents_root, title=Documents, isUsb=false, isSd=false, isMtp=false} @ content://com.android.providers.media.documents/root/documents_root]
07-13 17:40:56.539 11372 11372 D AbstractActionHandler: Loader has finished for: content://com.android.providers.downloads.documents/document/downloads
07-13 17:40:56.539 11372 11372 I Model   : Updating model with new result set.
07-13 17:40:56.539 11372 11372 D DirectoryFragment: Received model update. Loading=false
07-13 17:40:56.539 11372 11372 D DefaultSelectionTracker: Ignoring onDataSetChange. No active selection.
07-13 17:40:56.541 11372 12189 D ProvidersAccess: Matched roots: [Root{userId=0, authority=null, rootId=null, title=Recent, isUsb=false, isSd=false, isMtp=false} @ content:/root/null, Root{userId=0, authority=com.android.providers.downloads.documents, rootId=downloads, title=Downloads, isUsb=false, isSd=false, isMtp=false} @ content://com.android.providers.downloads.documents/root/downloads, Root{userId=0, authority=com.android.externalstorage.documents, rootId=primary, title=sdk_gphone64_arm64, isUsb=false, isSd=false, isMtp=false} @ content://com.android.externalstorage.documents/root/primary, Root{userId=0, authority=com.android.providers.media.documents, rootId=images_root, title=Images, isUsb=false, isSd=false, isMtp=false} @ content://com.android.providers.media.documents/root/images_root, Root{userId=0, authority=com.android.providers.media.documents, rootId=videos_root, title=Videos, isUsb=false, isSd=false, isMtp=false} @ content://com.android.providers.media.documents/root/videos_root, Root{userId=0, authority=com.android.providers.media.documents, rootId=audio_root, title=Audio, isUsb=false, isSd=false, isMtp=false} @ content://com.android.providers.media.documents/root/audio_root, Root{userId=0, authority=com.android.providers.media.documents, rootId=documents_root, title=Documents, isUsb=false, isSd=false, isMtp=false} @ content://com.android.providers.media.documents/root/documents_root]
07-13 17:40:56.545   344   384 W TransactionTracing: Could not find layer handle 0xb400007a05e79590
07-13 17:40:56.546   344   384 W TransactionTracing: Could not find layer handle 0xb400007a05e78b10
07-13 17:40:56.546   344   384 W TransactionTracing: Could not find layer handle 0xb400007a05e78b10
07-13 17:40:56.552 11372 11417 E OpenGLRenderer: Unable to match the desired swap behavior.
07-13 17:40:56.556 11372 12193 I ProvidersCache: Provider returned no roots. Possibly naughty: com.google.android.apps.docs.storage
07-13 17:40:56.574 11372 11372 V RefreshTask: Provider does not support refresh and did not refresh
07-13 17:40:56.574 11372 11372 D AbstractActionHandler: Creating new directory loader for: content://com.android.providers.downloads.documents/document/downloads
07-13 17:40:56.581 11372 12189 D ProvidersAccess: Matched roots: [Root{userId=0, authority=null, rootId=null, title=Recent, isUsb=false, isSd=false, isMtp=false} @ content:/root/null, Root{userId=0, authority=com.android.providers.downloads.documents, rootId=downloads, title=Downloads, isUsb=false, isSd=false, isMtp=false} @ content://com.android.providers.downloads.documents/root/downloads, Root{userId=0, authority=com.android.providers.media.documents, rootId=images_root, title=Images, isUsb=false, isSd=false, isMtp=false} @ content://com.android.providers.media.documents/root/images_root, Root{userId=0, authority=com.android.providers.media.documents, rootId=videos_root, title=Videos, isUsb=false, isSd=false, isMtp=false} @ content://com.android.providers.media.documents/root/videos_root, Root{userId=0, authority=com.android.providers.media.documents, rootId=audio_root, title=Audio, isUsb=false, isSd=false, isMtp=false} @ content://com.android.providers.media.documents/root/audio_root, Root{userId=0, authority=com.android.providers.media.documents, rootId=documents_root, title=Documents, isUsb=false, isSd=false, isMtp=false} @ content://com.android.providers.media.documents/root/documents_root, Root{userId=0, authority=com.android.externalstorage.documents, rootId=primary, title=sdk_gphone64_arm64, isUsb=false, isSd=false, isMtp=false} @ content://com.android.externalstorage.documents/root/primary]
07-13 17:40:56.582   505   526 I ActivityTaskManager: Displayed com.google.android.documentsui/com.android.documentsui.files.FilesActivity: +110ms
07-13 17:40:56.601 11372 11372 D AbstractActionHandler: Loader has finished for: content://com.android.providers.downloads.documents/document/downloads
07-13 17:40:56.601 11372 11372 I Model   : Updating model with new result set.
07-13 17:40:56.601 11372 11372 D DirectoryFragment: Received model update. Loading=false
07-13 17:40:56.601 11372 11372 D DefaultSelectionTracker: Ignoring onDataSetChange. No active selection.
07-13 17:40:56.614   833   896 D EGL_emulation: app_time_stats: avg=10839.02ms min=10839.02ms max=10839.02ms count=1
07-13 17:40:56.996   505  1930 D CoreBackPreview: Window{2c195d7 u0 Taskbar Overlay}: Setting back callback null
07-13 17:40:56.998   505  1930 W InputManager-JNI: Input channel object '2c195d7 Taskbar Overlay (client)' was disposed without first being removed with the input manager!
07-13 17:40:57.012   344   384 W TransactionTracing: Could not find layer handle 0xb400007a05e7ab50
07-13 17:40:57.013   344   384 W TransactionTracing: Could not find layer handle 0xb400007a05e76410
07-13 17:40:57.013   344   384 W TransactionTracing: Could not find layer handle 0xb400007a05e7e4b0
07-13 17:40:57.013   344   384 W TransactionTracing: Could not find layer handle 0xb400007a05e75e10
07-13 17:40:57.013   344   384 W TransactionTracing: Could not find layer handle 0xb400007a05e63ab0
07-13 17:40:57.013   505   529 V WindowManager: Unknown focus tokens, dropping reportFocusChanged
07-13 17:40:57.031  1576  1576 I GoogleInputMethodService: GoogleInputMethodService.onFinishInput():3227 
07-13 17:40:57.031  1576  1576 I GoogleInputMethodService: GoogleInputMethodService.updateDeviceLockedStatus():2087 repeatCheckTimes = 0, unlocked = true
07-13 17:40:57.031  1576  1576 I GoogleInputMethodService: GoogleInputMethodService.onStartInput():1877 onStartInput(EditorInfo{inputType=0x0(NULL) imeOptions=0x0 privateImeOptions=null actionName=UNSPECIFIED actionLabel=null actionId=0 initialSelStart=-1 initialSelEnd=-1 initialCapsMode=0x0 hintText=null label=null packageName=com.google.android.documentsui fieldId=-1 fieldName=null extras=null}, false)
07-13 17:40:57.031  1576  1576 I GoogleInputMethodService: GoogleInputMethodService.shouldHideHeaderOnInitialState():4008 ShouldHideHeaderOnInitialState = false
07-13 17:40:57.032  1576  1576 I GoogleInputMethodService: GoogleInputMethodService.updateDeviceLockedStatus():2087 repeatCheckTimes = 2, unlocked = true
07-13 17:40:57.046   344   384 W TransactionTracing: Could not find layer handle 0xb400007a05e76b30
07-13 17:40:57.095   344   384 W TransactionTracing: Could not find layer handle 0xb400007a05e757b0
07-13 17:40:57.095   344   384 W TransactionTracing: Could not find layer handle 0xb400007a05e780f0
07-13 17:40:57.101 12086 12111 I ReactNativeJNI: Memory warning (pressure level: TRIM_MEMORY_UI_HIDDEN) received by JS VM, ignoring because it's non-severe
07-13 17:40:57.102   505  4197 D AutofillSession: Set the response has expired.
07-13 17:41:00.004  1727  2148 I AiAiEcho: Predicting[0]: 
07-13 17:41:00.004  1727  2148 I AiAiEcho: Ranked targets strategy: SORT, count: 0, ranking metadata: 
07-13 17:41:00.005  1727  2148 I AiAiEcho: #postPredictionTargets: Sending updates to UISurface lockscreen with targets# 0
07-13 17:41:00.005  1727  2148 I AiAiEcho: #postPredictionTargets: Sending updates to UISurface home with targets# 0
07-13 17:41:00.023   833   896 D EGL_emulation: app_time_stats: avg=378.73ms min=14.36ms max=3276.59ms count=9
07-13 17:41:03.786  1090  1090 D TaplEvents: TIS / TouchInteractionService.onInputEvent: MotionEvent { action=ACTION_DOWN, actionButton=0, id[0]=0, x[0]=405.0725, y[0]=685.9468, toolType[0]=TOOL_TYPE_FINGER, buttonState=0, classification=NONE, metaState=0, flags=0x0, edgeFlags=0x0, pointerCount=1, historySize=0, eventTime=4225101, downTime=4225101, deviceId=3, source=0x5002, displayId=0, eventId=1032924508 }
07-13 17:41:03.923 11372 11417 D EGL_emulation: app_time_stats: avg=341.99ms min=0.69ms max=6774.05ms count=21
07-13 17:41:04.013  1576  1576 I GoogleInputMethodService: GoogleInputMethodService.onKeyDown():2444 Received KEYCODE_BACK. isAllViewsInvisible=false
07-13 17:41:04.124   505   527 D AutofillManagerService: onBackKeyPressed()
07-13 17:41:04.137 12086 12086 W unknown:BridgelessReact: ReactHost{0}.onHostResume(activity)
07-13 17:41:04.137 12086 12086 W unknown:BridgelessReact: ReactContext.onHostResume()
07-13 17:41:04.149 12086 12106 E OpenGLRenderer: Unable to match the desired swap behavior.
07-13 17:41:04.164  1576  1576 I GoogleInputMethodService: GoogleInputMethodService.onFinishInput():3227 
07-13 17:41:04.165  1576  1576 I GoogleInputMethodService: GoogleInputMethodService.updateDeviceLockedStatus():2087 repeatCheckTimes = 0, unlocked = true
07-13 17:41:04.165  1576  1576 I GoogleInputMethodService: GoogleInputMethodService.onStartInput():1877 onStartInput(EditorInfo{inputType=0x0(NULL) imeOptions=0x0 privateImeOptions=null actionName=UNSPECIFIED actionLabel=null actionId=0 initialSelStart=-1 initialSelEnd=-1 initialCapsMode=0x0 hintText=null label=null packageName=com.versenotes.app fieldId=-1 fieldName=null extras=null}, false)
07-13 17:41:04.165  1576  1576 I GoogleInputMethodService: GoogleInputMethodService.shouldHideHeaderOnInitialState():4008 ShouldHideHeaderOnInitialState = false
07-13 17:41:04.165  1576  1576 I GoogleInputMethodService: GoogleInputMethodService.updateDeviceLockedStatus():2087 repeatCheckTimes = 2, unlocked = true
07-13 17:41:04.198   833   896 D EGL_emulation: app_time_stats: avg=4175.05ms min=4175.05ms max=4175.05ms count=1
07-13 17:41:04.311  1090  1090 D TaplEvents: TIS / TouchInteractionService.onInputEvent: MotionEvent { action=ACTION_UP, actionButton=0, id[0]=0, x[0]=405.0725, y[0]=685.9468, toolType[0]=TOOL_TYPE_FINGER, buttonState=0, classification=NONE, metaState=0, flags=0x0, edgeFlags=0x0, pointerCount=1, historySize=0, eventTime=4225627, downTime=4225101, deviceId=3, source=0x5002, displayId=0, eventId=963407346 }
07-13 17:41:04.414   344   384 W TransactionTracing: Could not find layer id -1
07-13 17:41:04.414   344   384 W TransactionTracing: Could not find layer id -1
07-13 17:41:04.662   344   384 W TransactionTracing: Could not find layer handle 0xb400007a05e7a910
07-13 17:41:04.662   344   384 W TransactionTracing: Could not find layer handle 0xb400007a05e76890
07-13 17:41:04.662   344   384 W TransactionTracing: Could not find layer handle 0xb400007a05e76890
07-13 17:41:04.662   344   384 W TransactionTracing: Could not find layer handle 0xb400007a05e7a910
07-13 17:41:04.668 11372 11417 D OpenGLRenderer: endAllActiveAnimators on 0xb40000728a16c060 (MaterialCardView) with handle 0xb40000719a16a8e0
07-13 17:41:04.672   505  1930 D CoreBackPreview: Window{7a70b98 u0 com.google.android.documentsui/com.android.documentsui.files.FilesActivity}: Setting back callback null
07-13 17:41:04.673   505  1930 W InputManager-JNI: Input channel object '7a70b98 com.google.android.documentsui/com.android.documentsui.files.FilesActivity (client)' was disposed without first being removed with the input manager!
07-13 17:41:04.679   344   384 W TransactionTracing: Could not find layer handle 0xb400007a05e7a130
07-13 17:41:04.679   344   384 W TransactionTracing: Could not find layer handle 0xb400007a05e608d0
07-13 17:41:04.679   344   384 W TransactionTracing: Could not find layer handle 0xb400007a05e75ed0
07-13 17:41:04.679   344   384 W TransactionTracing: Could not find layer handle 0xb400007a05e7deb0
07-13 17:41:04.679   344   384 W TransactionTracing: Could not find layer handle 0xb400007a05e608d0
07-13 17:41:04.782 11071 11071 D BoundBrokerSvc: onBind: Intent { act=com.google.android.gms.safetynet.service.START pkg=com.google.android.gms }
07-13 17:41:04.782 11071 11071 D BoundBrokerSvc: Loading bound service for intent: Intent { act=com.google.android.gms.safetynet.service.START pkg=com.google.android.gms }
07-13 17:41:05.728  1090  1090 D TaplEvents: Main / Touch event: MotionEvent { action=ACTION_DOWN, actionButton=0, id[0]=0, x[0]=412.05652, y[0]=54.92285, toolType[0]=TOOL_TYPE_FINGER, buttonState=0, classification=NONE, metaState=0, flags=0x0, edgeFlags=0x0, pointerCount=1, historySize=0, eventTime=4227044, downTime=4227044, deviceId=3, source=0x5002, displayId=0, eventId=1042821427 }
07-13 17:41:05.728  1090  1090 D TaplEvents: TIS / TouchInteractionService.onInputEvent: MotionEvent { action=ACTION_DOWN, actionButton=0, id[0]=0, x[0]=412.05652, y[0]=1836.9229, toolType[0]=TOOL_TYPE_FINGER, buttonState=0, classification=NONE, metaState=0, flags=0x0, edgeFlags=0x0, pointerCount=1, historySize=0, eventTime=4227044, downTime=4227044, deviceId=3, source=0x5002, displayId=0, eventId=1042821427 }
07-13 17:41:05.750  1090  1872 D EGL_emulation: app_time_stats: avg=287.58ms min=0.74ms max=8720.12ms count=32
07-13 17:41:05.819  1090  1090 D TaplEvents: Main / Touch event: MotionEvent { action=ACTION_UP, actionButton=0, id[0]=0, x[0]=412.05652, y[0]=54.92285, toolType[0]=TOOL_TYPE_FINGER, buttonState=0, classification=NONE, metaState=0, flags=0x0, edgeFlags=0x0, pointerCount=1, historySize=0, eventTime=4227135, downTime=4227044, deviceId=3, source=0x5002, displayId=0, eventId=918909185 }
07-13 17:41:05.819  1090  1090 D TaplEvents: TIS / TouchInteractionService.onInputEvent: MotionEvent { action=ACTION_UP, actionButton=0, id[0]=0, x[0]=412.05652, y[0]=1836.9229, toolType[0]=TOOL_TYPE_FINGER, buttonState=0, classification=NONE, metaState=0, flags=0x0, edgeFlags=0x0, pointerCount=1, historySize=0, eventTime=4227135, downTime=4227044, deviceId=3, source=0x5002, displayId=0, eventId=918909185 }
07-13 17:41:05.821  1090  1872 W Parcel  : Expecting binder but got null!
07-13 17:41:05.851   341   469 D AudioFlinger: mixer(0xb400007417d729a0) throttle end: throttle time(36)
07-13 17:41:05.854   505   520 D CoreBackPreview: Window{187bb91 u0 Taskbar Overlay}: Setting back callback OnBackInvokedCallbackInfo{mCallback=android.window.IOnBackInvokedCallback$Stub$Proxy@8290fd0, mPriority=0}
07-13 17:41:05.861  1090  1872 E OpenGLRenderer: Unable to match the desired swap behavior.
07-13 17:41:05.863   344   384 W TransactionTracing: Could not find layer handle 0xb400007a05e79230
07-13 17:41:05.863   344   384 W TransactionTracing: Could not find layer handle 0xb400007a05e75d50
07-13 17:41:05.863   344   384 W TransactionTracing: Could not find layer id -1
07-13 17:41:05.863   344   384 W TransactionTracing: Could not find layer id -1
07-13 17:41:05.882  1576  1576 I GoogleInputMethodService: GoogleInputMethodService.onFinishInput():3227 
07-13 17:41:05.885  1576  1576 I GoogleInputMethodService: GoogleInputMethodService.updateDeviceLockedStatus():2087 repeatCheckTimes = 0, unlocked = true
07-13 17:41:05.885  1576  1576 I GoogleInputMethodService: GoogleInputMethodService.onStartInput():1877 onStartInput(EditorInfo{inputType=0x0(NULL) imeOptions=0x0 privateImeOptions=null actionName=UNSPECIFIED actionLabel=null actionId=0 initialSelStart=-1 initialSelEnd=-1 initialCapsMode=0x0 hintText=null label=null packageName=com.google.android.apps.nexuslauncher fieldId=-1 fieldName=null extras=null}, false)
07-13 17:41:05.885  1576  1576 I GoogleInputMethodService: GoogleInputMethodService.shouldHideHeaderOnInitialState():4008 ShouldHideHeaderOnInitialState = false
07-13 17:41:05.886  1576  1576 I GoogleInputMethodService: GoogleInputMethodService.updateDeviceLockedStatus():2087 repeatCheckTimes = 2, unlocked = true
07-13 17:41:05.895   344   384 W TransactionTracing: Could not find layer handle 0xb400007a05e79cb0
07-13 17:41:06.046   344   384 W TransactionTracing: Could not find layer id -1
07-13 17:41:06.046   344   384 W TransactionTracing: Could not find layer id -1
07-13 17:41:06.295   344   384 W TransactionTracing: Could not find layer id -1
07-13 17:41:06.380   344   384 W TransactionTracing: Could not find layer id -1
07-13 17:41:07.232  1090  1090 D TaplEvents: Main / Touch event: MotionEvent { action=ACTION_DOWN, actionButton=0, id[0]=0, x[0]=238.05615, y[0]=1006.9541, toolType[0]=TOOL_TYPE_FINGER, buttonState=0, classification=NONE, metaState=0, flags=0x0, edgeFlags=0x0, pointerCount=1, historySize=0, eventTime=4228547, downTime=4228547, deviceId=3, source=0x5002, displayId=0, eventId=676558596 }
07-13 17:41:07.233  1090  1090 D TaplEvents: TIS / TouchInteractionService.onInputEvent: MotionEvent { action=ACTION_DOWN, actionButton=0, id[0]=0, x[0]=238.05615, y[0]=1006.9541, toolType[0]=TOOL_TYPE_FINGER, buttonState=0, classification=NONE, metaState=0, flags=0x0, edgeFlags=0x0, pointerCount=1, historySize=0, eventTime=4228547, downTime=4228547, deviceId=3, source=0x5002, displayId=0, eventId=676558596 }
07-13 17:41:07.306  1090  1090 D TaplEvents: Main / Touch event: MotionEvent { action=ACTION_UP, actionButton=0, id[0]=0, x[0]=238.05615, y[0]=1006.9541, toolType[0]=TOOL_TYPE_FINGER, buttonState=0, classification=NONE, metaState=0, flags=0x0, edgeFlags=0x0, pointerCount=1, historySize=0, eventTime=4228622, downTime=4228547, deviceId=3, source=0x5002, displayId=0, eventId=1033610233 }
07-13 17:41:07.306  1090  1090 D TaplEvents: TIS / TouchInteractionService.onInputEvent: MotionEvent { action=ACTION_UP, actionButton=0, id[0]=0, x[0]=238.05615, y[0]=1006.9541, toolType[0]=TOOL_TYPE_FINGER, buttonState=0, classification=NONE, metaState=0, flags=0x0, edgeFlags=0x0, pointerCount=1, historySize=0, eventTime=4228622, downTime=4228547, deviceId=3, source=0x5002, displayId=0, eventId=1033610233 }
07-13 17:41:07.313  1090  1872 D EGL_emulation: app_time_stats: avg=45.60ms min=1.04ms max=948.77ms count=31
07-13 17:41:07.327   341   469 D AudioFlinger: mixer(0xb400007417d729a0) throttle end: throttle time(36)
07-13 17:41:07.332  1090  1872 D EGL_emulation: app_time_stats: avg=33.29ms min=1.00ms max=969.66ms count=36
07-13 17:41:07.334   344   383 I BpBinder: onLastStrongRef automatically unlinking death recipients: <uncached descriptor>
07-13 17:41:07.334  1090  1090 D TaplEvents: Main / start: taskbarAppIcon
07-13 17:41:07.335   505  5056 I ActivityTaskManager: START u0 {act=android.intent.action.MAIN cat=[android.intent.category.LAUNCHER] flg=0x10200000 cmp=com.google.android.documentsui/com.android.documentsui.LauncherActivity} from uid 10150
07-13 17:41:07.337   505  5056 V SplashScreenExceptionList: SplashScreen checking exception for package com.google.android.documentsui (target sdk:33) -> false
07-13 17:41:07.338 12086 12086 W unknown:BridgelessReact: ReactHost{0}.onUserLeaveHint(activity)
07-13 17:41:07.338 12086 12086 W unknown:BridgelessReact: ReactHost{0}.onHostPause(activity)
07-13 17:41:07.338 12086 12086 W unknown:BridgelessReact: ReactContext.onHostPause()
07-13 17:41:07.339   505   520 W ActivityTaskManager: Tried to set launchTime (0) < mLastActivityLaunchTime (4217823)
07-13 17:41:07.342 11372 11372 D LauncherActivity: Restoring existing task > //com.android.documentsui.launchControl#1752445874922
07-13 17:41:07.342   505   520 I ActivityTaskManager: START u0 {dat= flg=0x10280000 cmp=com.google.android.documentsui/com.android.documentsui.files.FilesActivity (has extras)} from uid 10075
07-13 17:41:07.343   505   520 V SplashScreenExceptionList: SplashScreen checking exception for package com.google.android.documentsui (target sdk:33) -> false
07-13 17:41:07.345   344   384 W TransactionTracing: Could not find layer id -1
07-13 17:41:07.345   344   384 W TransactionTracing: Could not find layer id -1
07-13 17:41:07.345   344   384 W TransactionTracing: Could not find layer id -1
07-13 17:41:07.345   344   384 W TransactionTracing: Could not find layer id -1
07-13 17:41:07.349   833   896 W Parcel  : Expecting binder but got null!
07-13 17:41:07.350   505   906 D CoreBackPreview: Window{623b939 u0 Splash Screen com.google.android.documentsui}: Setting back callback OnBackInvokedCallbackInfo{mCallback=android.window.IOnBackInvokedCallback$Stub$Proxy@e0158df, mPriority=0}
07-13 17:41:07.351   505  4197 W ActivityTaskManager: Tried to set launchTime (0) < mLastActivityLaunchTime (4228656)
07-13 17:41:07.353   833   886 D SplashScreenView: Build android.window.SplashScreenView{612185e V.E...... ......ID 0,0-0,0}
07-13 17:41:07.353   833   886 D SplashScreenView: Icon: view: android.widget.ImageView{fd5343f V.ED..... ......I. 0,0-0,0 #10204dd android:id/splashscreen_icon_view} drawable: com.android.wm.shell.startingsurface.SplashscreenIconDrawableFactory$ImmobileIconDrawable@b6ca10c size: 240
07-13 17:41:07.353   833   886 D SplashScreenView: Branding: view: android.view.View{19a6a55 G.ED..... ......I. 0,0-0,0 #10204dc android:id/splashscreen_branding_view} drawable: null size w: 0 h: 0
07-13 17:41:07.359 11372 11372 D FilesActivity: Created new state object: State{action=1, acceptMimes=[*/*], allowMultiple=true, localOnly=false, stack=DocumentStack{root=null, docStack=[], stackTouched=false}, dirConfigs={}, excludedAuthorities=[], openableOnly=false, restrictScopeStorage=true, sortModel=SortModel{dimensions={16908304=SortDimension{id=16908304, labelId=2131755247, dataType=0, sortCapability=0, defaultSortDirection=1, sortDirection=0, visibility=4}, 16908310=SortDimension{id=16908310, labelId=2131755241, dataType=0, sortCapability=3, defaultSortDirection=1, sortDirection=0, visibility=0}, 2131296377=SortDimension{id=2131296377, labelId=2131755234, dataType=1, sortCapability=3, defaultSortDirection=2, sortDirection=0, visibility=0}, 2131296425=SortDimension{id=2131296425, labelId=2131755238, dataType=0, sortCapability=3, defaultSortDirection=1, sortDirection=0, visibility=0}, 2131296571=SortDimension{id=2131296571, labelId=2131755244, dataType=1, sortCapability=3, defaultSortDirection=1, sortDirection=0, visibility=0}}, defaultDimensionId=0, sortedDimension=null}}
07-13 17:41:07.359 11372 11372 D DrawerController: Calculated drawer width:320.0
07-13 17:41:07.365   833   896 E OpenGLRenderer: Unable to match the desired swap behavior.
07-13 17:41:07.365 11372 11372 D AutofillManager: Fill dialog is enabled:false, hints=[password, passwordAuto, creditCardNumber, creditCardSecurityCode, creditCardExpirationDate]
07-13 17:41:07.370 11372 11372 D ManagerActionHandler: Launching directly into Home directory.
07-13 17:41:07.370 11372 11444 D LoadRootTask: Loading root: content://com.android.providers.downloads.documents/root/downloads on user 0
07-13 17:41:07.376 11372 12211 D ProvidersAccess: Matched roots: [Root{userId=0, authority=null, rootId=null, title=Recent, isUsb=false, isSd=false, isMtp=false} @ content:/root/null, Root{userId=0, authority=com.android.providers.downloads.documents, rootId=downloads, title=Downloads, isUsb=false, isSd=false, isMtp=false} @ content://com.android.providers.downloads.documents/root/downloads, Root{userId=0, authority=com.android.providers.media.documents, rootId=images_root, title=Images, isUsb=false, isSd=false, isMtp=false} @ content://com.android.providers.media.documents/root/images_root, Root{userId=0, authority=com.android.providers.media.documents, rootId=videos_root, title=Videos, isUsb=false, isSd=false, isMtp=false} @ content://com.android.providers.media.documents/root/videos_root, Root{userId=0, authority=com.android.providers.media.documents, rootId=audio_root, title=Audio, isUsb=false, isSd=false, isMtp=false} @ content://com.android.providers.media.documents/root/audio_root, Root{userId=0, authority=com.android.providers.media.documents, rootId=documents_root, title=Documents, isUsb=false, isSd=false, isMtp=false} @ content://com.android.providers.media.documents/root/documents_root, Root{userId=0, authority=com.android.externalstorage.documents, rootId=primary, title=sdk_gphone64_arm64, isUsb=false, isSd=false, isMtp=false} @ content://com.android.externalstorage.documents/root/primary]
07-13 17:41:07.382 11372 11417 W Parcel  : Expecting binder but got null!
07-13 17:41:07.383   505  1930 D CoreBackPreview: Window{46741c4 u0 com.google.android.documentsui/com.android.documentsui.files.FilesActivity}: Setting back callback OnBackInvokedCallbackInfo{mCallback=android.window.IOnBackInvokedCallback$Stub$Proxy@5cdf7e2, mPriority=0}
07-13 17:41:07.384 11372 11372 D LoadRootTask: Loaded root: Root{userId=0, authority=com.android.providers.downloads.documents, rootId=downloads, title=Downloads, isUsb=false, isSd=false, isMtp=false} @ content://com.android.providers.downloads.documents/root/downloads
07-13 17:41:07.384 11372 11372 W ActionModeController: Tried to finish a null action mode.
07-13 17:41:07.384 11372 11372 D DocumentStack: Root changed to: Root{userId=0, authority=com.android.providers.downloads.documents, rootId=downloads, title=Downloads, isUsb=false, isSd=false, isMtp=false} @ content://com.android.providers.downloads.documents/root/downloads
07-13 17:41:07.386 11372 12215 I ProvidersCache: Provider returned no roots. Possibly naughty: com.google.android.apps.docs.storage
07-13 17:41:07.396   344   384 W TransactionTracing: Could not find layer handle 0xb400007a05e7ce90
07-13 17:41:07.396   344   384 W TransactionTracing: Could not find layer handle 0xb400007a05e75930
07-13 17:41:07.399 11372 11417 E OpenGLRenderer: Unable to match the desired swap behavior.
07-13 17:41:07.408 11372 11372 D DocumentStack: Adding doc to stack: DocumentInfo{docId=downloads, userId=0, name=Downloads, mimeType=vnd.android.document/directory, isContainer=true, isDirectory=true, isArchive=false, isInArchive=false, isPartial=false, isVirtual=false, isDeleteSupported=false, isCreateSupported=true, isMoveSupported=false, isRenameSupported=false, isMetadataSupported=false, isBlockedFromTree=false} @ content://com.android.providers.downloads.documents/document/downloads
07-13 17:41:07.408 11372 11372 D DirectoryFragment: Showing directory: content://com.android.providers.downloads.documents/document/downloads
07-13 17:41:07.408 11372 11372 D DirectoryFragment: Creating new fragment for directory: content://com.android.providers.downloads.documents/document/downloads
07-13 17:41:07.408 11372 12211 D ProvidersAccess: Matched roots: [Root{userId=0, authority=null, rootId=null, title=Recent, isUsb=false, isSd=false, isMtp=false} @ content:/root/null, Root{userId=0, authority=com.android.externalstorage.documents, rootId=primary, title=sdk_gphone64_arm64, isUsb=false, isSd=false, isMtp=false} @ content://com.android.externalstorage.documents/root/primary, Root{userId=0, authority=com.android.providers.downloads.documents, rootId=downloads, title=Downloads, isUsb=false, isSd=false, isMtp=false} @ content://com.android.providers.downloads.documents/root/downloads, Root{userId=0, authority=com.android.providers.media.documents, rootId=images_root, title=Images, isUsb=false, isSd=false, isMtp=false} @ content://com.android.providers.media.documents/root/images_root, Root{userId=0, authority=com.android.providers.media.documents, rootId=videos_root, title=Videos, isUsb=false, isSd=false, isMtp=false} @ content://com.android.providers.media.documents/root/videos_root, Root{userId=0, authority=com.android.providers.media.documents, rootId=audio_root, title=Audio, isUsb=false, isSd=false, isMtp=false} @ content://com.android.providers.media.documents/root/audio_root, Root{userId=0, authority=com.android.providers.media.documents, rootId=documents_root, title=Documents, isUsb=false, isSd=false, isMtp=false} @ content://com.android.providers.media.documents/root/documents_root]
07-13 17:41:07.410   505   526 I ActivityTaskManager: Displayed com.google.android.documentsui/com.android.documentsui.files.FilesActivity: +73ms
07-13 17:41:07.416   833   896 D EGL_emulation: app_time_stats: avg=402.16ms min=13.18ms max=3102.65ms count=8
07-13 17:41:07.419 11372 11372 W SelectionTracker: Setting gestureTooltypes is likely to result in unexpected behavior.
07-13 17:41:07.420 11372 11372 D AbstractActionHandler: Creating new directory loader for: content://com.android.providers.downloads.documents/document/downloads
07-13 17:41:07.431   344   384 W TransactionTracing: Could not find layer id -1
07-13 17:41:07.431   344   384 W TransactionTracing: Could not find layer id -1
07-13 17:41:07.438 11372 11372 D AbstractActionHandler: Loader has finished for: content://com.android.providers.downloads.documents/document/downloads
07-13 17:41:07.438 11372 11372 I Model   : Updating model with new result set.
07-13 17:41:07.438 11372 11372 D DirectoryFragment: Received model update. Loading=false
07-13 17:41:07.438 11372 11372 D DefaultSelectionTracker: Ignoring onDataSetChange. No active selection.
07-13 17:41:07.439 11372 11372 V RefreshTask: Provider does not support refresh and did not refresh
07-13 17:41:07.439 11372 11372 D AbstractActionHandler: Creating new directory loader for: content://com.android.providers.downloads.documents/document/downloads
07-13 17:41:07.452 11372 11372 D AbstractActionHandler: Loader has finished for: content://com.android.providers.downloads.documents/document/downloads
07-13 17:41:07.452 11372 11372 I Model   : Updating model with new result set.
07-13 17:41:07.452 11372 11372 D DirectoryFragment: Received model update. Loading=false
07-13 17:41:07.452 11372 11372 D DefaultSelectionTracker: Ignoring onDataSetChange. No active selection.
07-13 17:41:07.529   344   384 W TransactionTracing: Could not find layer id -1
07-13 17:41:07.529   344   384 W TransactionTracing: Could not find layer id -1
07-13 17:41:07.529   344   384 W TransactionTracing: Could not find layer id -1
07-13 17:41:07.529   344   384 W TransactionTracing: Could not find layer id -1
07-13 17:41:07.529   344   384 W TransactionTracing: Could not find layer id -1
07-13 17:41:07.545   344   384 W TransactionTracing: Could not find layer id -1
07-13 17:41:07.712   344   384 W TransactionTracing: Could not find layer id -1
07-13 17:41:07.712   344   384 W TransactionTracing: Could not find layer id -1
07-13 17:41:07.761   344   384 W TransactionTracing: Could not find layer id -1
07-13 17:41:07.761   344   384 W TransactionTracing: Could not find layer id -1
07-13 17:41:07.765   505  1930 D CoreBackPreview: Window{623b939 u0 Splash Screen com.google.android.documentsui EXITING}: Setting back callback null
07-13 17:41:07.765   505  4197 W InputManager-JNI: Input channel object '623b939 Splash Screen com.google.android.documentsui (client)' was disposed without first being removed with the input manager!
07-13 17:41:07.794   344   384 W TransactionTracing: Could not find layer id -1
07-13 17:41:07.829   505  1930 D CoreBackPreview: Window{187bb91 u0 Taskbar Overlay}: Setting back callback null
07-13 17:41:07.829   505  4197 W InputManager-JNI: Input channel object '187bb91 Taskbar Overlay (client)' was disposed without first being removed with the input manager!
07-13 17:41:07.845   505   529 V WindowManager: Unknown focus tokens, dropping reportFocusChanged
07-13 17:41:07.846   344   384 W TransactionTracing: Could not find layer handle 0xb400007a05e75270
07-13 17:41:07.846   344   384 W TransactionTracing: Could not find layer handle 0xb400007a05e76b90
07-13 17:41:07.846   344   384 W TransactionTracing: Could not find layer handle 0xb400007a05e77070
07-13 17:41:07.846   344   384 W TransactionTracing: Could not find layer handle 0xb400007a05e7e330
07-13 17:41:07.846   344   384 W TransactionTracing: Could not find layer handle 0xb400007a05e76050
07-13 17:41:07.846   344   384 W TransactionTracing: Could not find layer handle 0xb400007a05e779d0
07-13 17:41:07.863  1576  1576 I GoogleInputMethodService: GoogleInputMethodService.onFinishInput():3227 
07-13 17:41:07.864  1576  1576 I GoogleInputMethodService: GoogleInputMethodService.updateDeviceLockedStatus():2087 repeatCheckTimes = 0, unlocked = true
07-13 17:41:07.864  1576  1576 I GoogleInputMethodService: GoogleInputMethodService.onStartInput():1877 onStartInput(EditorInfo{inputType=0x0(NULL) imeOptions=0x0 privateImeOptions=null actionName=UNSPECIFIED actionLabel=null actionId=0 initialSelStart=-1 initialSelEnd=-1 initialCapsMode=0x0 hintText=null label=null packageName=com.google.android.documentsui fieldId=-1 fieldName=null extras=null}, false)
07-13 17:41:07.864  1576  1576 I GoogleInputMethodService: GoogleInputMethodService.shouldHideHeaderOnInitialState():4008 ShouldHideHeaderOnInitialState = false
07-13 17:41:07.864  1576  1576 I GoogleInputMethodService: GoogleInputMethodService.updateDeviceLockedStatus():2087 repeatCheckTimes = 2, unlocked = true
07-13 17:41:07.878   344   384 W TransactionTracing: Could not find layer handle 0xb400007a05e7e750
07-13 17:41:07.899 12086 12111 I ReactNativeJNI: Memory warning (pressure level: TRIM_MEMORY_UI_HIDDEN) received by JS VM, ignoring because it's non-severe
07-13 17:41:07.900   505  1930 D AutofillSession: Set the response has expired.
07-13 17:41:07.901   505  1930 W PresentationStatsEventLogger: Shouldn't be logging AutofillPresentationEventReported again for same event
07-13 17:41:07.913   344   384 W TransactionTracing: Could not find layer handle 0xb400007a05e79cb0
07-13 17:41:07.913   344   384 W TransactionTracing: Could not find layer handle 0xb400007a05e778b0
07-13 17:41:07.929   344   384 W TransactionTracing: Could not find layer handle 0xb400007a05e7ab50
07-13 17:41:07.945   344   384 W TransactionTracing: Could not find layer handle 0xb400007a05e7c0b0
07-13 17:41:07.945   344   384 W TransactionTracing: Could not find layer handle 0xb400007a05e764d0
07-13 17:41:07.945   344   384 W TransactionTracing: Could not find layer handle 0xb400007a05e7ba50
07-13 17:41:07.945   344   384 W TransactionTracing: Could not find layer handle 0xb400007a05e7ba50
07-13 17:41:07.945   344   384 W TransactionTracing: Could not find layer handle 0xb400007a05e7c0b0
07-13 17:41:09.128  1090  1090 D TaplEvents: TIS / TouchInteractionService.onInputEvent: MotionEvent { action=ACTION_DOWN, actionButton=0, id[0]=0, x[0]=431.0376, y[0]=533.92676, toolType[0]=TOOL_TYPE_FINGER, buttonState=0, classification=NONE, metaState=0, flags=0x0, edgeFlags=0x0, pointerCount=1, historySize=0, eventTime=4230443, downTime=4230443, deviceId=3, source=0x5002, displayId=0, eventId=780027958 }
07-13 17:41:09.252  1090  1090 D TaplEvents: TIS / TouchInteractionService.onInputEvent: MotionEvent { action=ACTION_UP, actionButton=0, id[0]=0, x[0]=431.0376, y[0]=533.92676, toolType[0]=TOOL_TYPE_FINGER, buttonState=0, classification=NONE, metaState=0, flags=0x0, edgeFlags=0x0, pointerCount=1, historySize=0, eventTime=4230568, downTime=4230443, deviceId=3, source=0x5002, displayId=0, eventId=686370859 }
07-13 17:41:09.255   505  4197 I ActivityTaskManager: START u0 {act=android.provider.action.MANAGE_DOCUMENT dat=content://com.android.providers.downloads.documents/... cmp=com.android.providers.downloads.ui/.TrampolineActivity} from uid 10075
07-13 17:41:09.256   505  4197 D CompatibilityChangeReporter: Compat change id reported: 265464455; UID 10070; state: DISABLED
07-13 17:41:09.256   505  4197 D CompatibilityChangeReporter: Compat change id reported: 265452344; UID 10070; state: DISABLED
