07-13 16:53:45.697   505  1220 W CpuPowerCalculator: UID 10125 CPU freq # mismatch: Power Profile # 2 actual # 8
07-13 16:53:45.697   505  1220 W CpuPowerCalculator: UID 10123 CPU freq # mismatch: Power Profile # 2 actual # 8
07-13 16:53:45.697   505  1220 W CpuPowerCalculator: UID 10120 CPU freq # mismatch: Power Profile # 2 actual # 8
07-13 16:53:45.697   505  1220 W CpuPowerCalculator: UID 10118 CPU freq # mismatch: Power Profile # 2 actual # 8
07-13 16:53:45.697   505  1220 W CpuPowerCalculator: UID 10117 CPU freq # mismatch: Power Profile # 2 actual # 8
07-13 16:53:45.697   505  1220 W CpuPowerCalculator: UID 10116 CPU freq # mismatch: Power Profile # 2 actual # 8
07-13 16:53:45.697   505  1220 W CpuPowerCalculator: UID 10115 CPU freq # mismatch: Power Profile # 2 actual # 8
07-13 16:53:45.697   505  1220 W CpuPowerCalculator: UID 10113 CPU freq # mismatch: Power Profile # 2 actual # 8
07-13 16:53:45.697   505  1220 W CpuPowerCalculator: UID 10112 CPU freq # mismatch: Power Profile # 2 actual # 8
07-13 16:53:45.697   505  1220 W CpuPowerCalculator: UID 10111 CPU freq # mismatch: Power Profile # 2 actual # 8
07-13 16:53:45.697   505  1220 W CpuPowerCalculator: UID 10110 CPU freq # mismatch: Power Profile # 2 actual # 8
07-13 16:53:45.697   505  1220 W CpuPowerCalculator: UID 10109 CPU freq # mismatch: Power Profile # 2 actual # 8
07-13 16:53:45.697   505  1220 W CpuPowerCalculator: UID 10108 CPU freq # mismatch: Power Profile # 2 actual # 8
07-13 16:53:45.697   505  1220 W CpuPowerCalculator: UID 10107 CPU freq # mismatch: Power Profile # 2 actual # 8
07-13 16:53:45.697   505  1220 W CpuPowerCalculator: UID 10106 CPU freq # mismatch: Power Profile # 2 actual # 8
07-13 16:53:45.697   505  1220 W CpuPowerCalculator: UID 10105 CPU freq # mismatch: Power Profile # 2 actual # 8
07-13 16:53:45.697   505  1220 W CpuPowerCalculator: UID 10104 CPU freq # mismatch: Power Profile # 2 actual # 8
07-13 16:53:45.697   505  1220 W CpuPowerCalculator: UID 10102 CPU freq # mismatch: Power Profile # 2 actual # 8
07-13 16:53:45.697   505  1220 W CpuPowerCalculator: UID 10100 CPU freq # mismatch: Power Profile # 2 actual # 8
07-13 16:53:45.697   505  1220 W CpuPowerCalculator: UID 10095 CPU freq # mismatch: Power Profile # 2 actual # 8
07-13 16:53:45.697   505  1220 W CpuPowerCalculator: UID 10094 CPU freq # mismatch: Power Profile # 2 actual # 8
07-13 16:53:45.697   505  1220 W CpuPowerCalculator: UID 10084 CPU freq # mismatch: Power Profile # 2 actual # 8
07-13 16:53:45.697   505  1220 W CpuPowerCalculator: UID 10079 CPU freq # mismatch: Power Profile # 2 actual # 8
07-13 16:53:45.697   505  1220 W CpuPowerCalculator: UID 10076 CPU freq # mismatch: Power Profile # 2 actual # 8
07-13 16:53:45.697   505  1220 W CpuPowerCalculator: UID 10075 CPU freq # mismatch: Power Profile # 2 actual # 8
07-13 16:53:45.697   505  1220 W CpuPowerCalculator: UID 10074 CPU freq # mismatch: Power Profile # 2 actual # 8
07-13 16:53:45.697   505  1220 W CpuPowerCalculator: UID 10073 CPU freq # mismatch: Power Profile # 2 actual # 8
07-13 16:53:45.697   505  1220 W CpuPowerCalculator: UID 10072 CPU freq # mismatch: Power Profile # 2 actual # 8
07-13 16:53:45.697   505  1220 W CpuPowerCalculator: UID 10070 CPU freq # mismatch: Power Profile # 2 actual # 8
07-13 16:53:45.697   505  1220 W CpuPowerCalculator: UID 9999 CPU freq # mismatch: Power Profile # 2 actual # 8
07-13 16:53:45.697   505  1220 W CpuPowerCalculator: UID 2000 CPU freq # mismatch: Power Profile # 2 actual # 8
07-13 16:53:45.697   505  1220 W CpuPowerCalculator: UID 1092 CPU freq # mismatch: Power Profile # 2 actual # 8
07-13 16:53:45.697   505  1220 W CpuPowerCalculator: UID 1073 CPU freq # mismatch: Power Profile # 2 actual # 8
07-13 16:53:45.697   505  1220 W CpuPowerCalculator: UID 1072 CPU freq # mismatch: Power Profile # 2 actual # 8
07-13 16:53:45.697   505  1220 W CpuPowerCalculator: UID 1069 CPU freq # mismatch: Power Profile # 2 actual # 8
07-13 16:53:45.697   505  1220 W CpuPowerCalculator: UID 1068 CPU freq # mismatch: Power Profile # 2 actual # 8
07-13 16:53:45.697   505  1220 W CpuPowerCalculator: UID 1067 CPU freq # mismatch: Power Profile # 2 actual # 8
07-13 16:53:45.697   505  1220 W CpuPowerCalculator: UID 1066 CPU freq # mismatch: Power Profile # 2 actual # 8
07-13 16:53:45.697   505  1220 W CpuPowerCalculator: UID 1058 CPU freq # mismatch: Power Profile # 2 actual # 8
07-13 16:53:45.697   505  1220 W CpuPowerCalculator: UID 1053 CPU freq # mismatch: Power Profile # 2 actual # 8
07-13 16:53:45.697   505  1220 W CpuPowerCalculator: UID 1047 CPU freq # mismatch: Power Profile # 2 actual # 8
07-13 16:53:45.697   505  1220 W CpuPowerCalculator: UID 1046 CPU freq # mismatch: Power Profile # 2 actual # 8
07-13 16:53:45.697   505  1220 W CpuPowerCalculator: UID 1041 CPU freq # mismatch: Power Profile # 2 actual # 8
07-13 16:53:45.697   505  1220 W CpuPowerCalculator: UID 1040 CPU freq # mismatch: Power Profile # 2 actual # 8
07-13 16:53:45.697   505  1220 W CpuPowerCalculator: UID 1036 CPU freq # mismatch: Power Profile # 2 actual # 8
07-13 16:53:45.697   505  1220 W CpuPowerCalculator: UID 1027 CPU freq # mismatch: Power Profile # 2 actual # 8
07-13 16:53:45.697   505  1220 W CpuPowerCalculator: UID 1021 CPU freq # mismatch: Power Profile # 2 actual # 8
07-13 16:53:45.697   505  1220 W CpuPowerCalculator: UID 1020 CPU freq # mismatch: Power Profile # 2 actual # 8
07-13 16:53:45.697   505  1220 W CpuPowerCalculator: UID 1019 CPU freq # mismatch: Power Profile # 2 actual # 8
07-13 16:53:45.697   505  1220 W CpuPowerCalculator: UID 1017 CPU freq # mismatch: Power Profile # 2 actual # 8
07-13 16:53:45.697   505  1220 W CpuPowerCalculator: UID 1013 CPU freq # mismatch: Power Profile # 2 actual # 8
07-13 16:53:45.697   505  1220 W CpuPowerCalculator: UID 1010 CPU freq # mismatch: Power Profile # 2 actual # 8
07-13 16:53:45.697   505  1220 W CpuPowerCalculator: UID 1003 CPU freq # mismatch: Power Profile # 2 actual # 8
07-13 16:53:45.697   505  1220 W CpuPowerCalculator: UID 1002 CPU freq # mismatch: Power Profile # 2 actual # 8
07-13 16:53:45.697   505  1220 W CpuPowerCalculator: UID 1001 CPU freq # mismatch: Power Profile # 2 actual # 8
07-13 16:53:45.697   505  1220 W CpuPowerCalculator: UID 1000 CPU freq # mismatch: Power Profile # 2 actual # 8
07-13 16:53:45.697   505  1220 W CpuPowerCalculator: UID 0 CPU freq # mismatch: Power Profile # 2 actual # 8
07-13 16:53:45.704   505   903 D TelephonyManager: requestModemActivityInfo: Sending result to app: ModemActivityInfo{ mTimestamp=1387021 mSleepTimeMs=0 mIdleTimeMs=1052589 mActivityStatsTechSpecificInfo=[{mRat=UNKNOWN,mFrequencyRange=UNKNOWN,mTxTimeMs[]=[0, 0, 0, 0, 0],mRxTimeMs=0}]}
07-13 16:53:45.705   505  1931 E AppOps  : Bad call made by uid 1000. Package "com.versenotes.app" does not belong to uid -1.
07-13 16:53:45.705   505  1931 E AppOps  : noteOperation
07-13 16:53:45.705   505  1931 E AppOps  : java.lang.SecurityException: Specified package "com.versenotes.app" under uid -1 but it is not
07-13 16:53:45.705   505  1931 E AppOps  : 	at com.android.server.appop.AppOpsService.verifyAndGetBypass(AppOpsService.java:4700)
07-13 16:53:45.705   505  1931 E AppOps  : 	at com.android.server.appop.AppOpsService.noteOperationUnchecked(AppOpsService.java:3455)
07-13 16:53:45.705   505  1931 E AppOps  : 	at com.android.server.appop.AppOpsService.noteOperationImpl(AppOpsService.java:3443)
07-13 16:53:45.705   505  1931 E AppOps  : 	at com.android.server.appop.AppOpsService.-$$Nest$mnoteOperationImpl(Unknown Source:0)
07-13 16:53:45.705   505  1931 E AppOps  : 	at com.android.server.appop.AppOpsService$CheckOpsDelegateDispatcher.lambda$noteOperation$4(AppOpsService.java:7676)
07-13 16:53:45.705   505  1931 E AppOps  : 	at com.android.server.appop.AppOpsService$CheckOpsDelegateDispatcher.$r8$lambda$oOwUoG55BBmJ6yiwhp3OAq3tQ30(Unknown Source:0)
07-13 16:53:45.705   505  1931 E AppOps  : 	at com.android.server.appop.AppOpsService$CheckOpsDelegateDispatcher$$ExternalSyntheticLambda3.apply(Unknown Source:32)
07-13 16:53:45.705   505  1931 E AppOps  : 	at com.android.server.policy.AppOpsPolicy.noteOperation(AppOpsPolicy.java:225)
07-13 16:53:45.705   505  1931 E AppOps  : 	at com.android.server.appop.AppOpsService$CheckOpsDelegateDispatcher.noteOperation(AppOpsService.java:7674)
07-13 16:53:45.705   505  1931 E AppOps  : 	at com.android.server.appop.AppOpsService.noteOperation(AppOpsService.java:3427)
07-13 16:53:45.705   505  1931 E AppOps  : 	at com.android.internal.app.IAppOpsService$Stub.onTransact(IAppOpsService.java:479)
07-13 16:53:45.705   505  1931 E AppOps  : 	at android.os.Binder.execTransactInternal(Binder.java:1280)
07-13 16:53:45.705   505  1931 E AppOps  : 	at android.os.Binder.execTransact(Binder.java:1244)
07-13 16:53:45.714  1248 11045 W TileUtils: Found com.google.android.gms.auth.proximity.multidevice.SettingsMaterialNextActivity for intent Intent { act=com.android.settings.action.IA_SETTINGS } missing metadata 
07-13 16:53:45.716   302  6525 I netd    : tetherGetStats() -> {[]} <0.30ms>
07-13 16:53:45.716   505   530 W WindowManager: Failed to deliver inset state change to w=Window{d94ad96 u0 com.versenotes.app/com.versenotes.app.MainActivity EXITING}
07-13 16:53:45.716   505   530 W WindowManager: android.os.DeadObjectException
07-13 16:53:45.716   505   530 W WindowManager: 	at android.os.BinderProxy.transactNative(Native Method)
07-13 16:53:45.716   505   530 W WindowManager: 	at android.os.BinderProxy.transact(BinderProxy.java:584)
07-13 16:53:45.716   505   530 W WindowManager: 	at android.view.IWindow$Stub$Proxy.insetsControlChanged(IWindow.java:473)
07-13 16:53:45.716   505   530 W WindowManager: 	at com.android.server.wm.WindowState.notifyInsetsControlChanged(WindowState.java:4023)
07-13 16:53:45.716   505   530 W WindowManager: 	at com.android.server.wm.InsetsStateController.lambda$notifyPendingInsetsControlChanged$4(InsetsStateController.java:351)
07-13 16:53:45.716   505   530 W WindowManager: 	at com.android.server.wm.InsetsStateController.$r8$lambda$An2IoiA3BeA5IWc6QwBOjKArM80(Unknown Source:0)
07-13 16:53:45.716   505   530 W WindowManager: 	at com.android.server.wm.InsetsStateController$$ExternalSyntheticLambda3.run(Unknown Source:2)
07-13 16:53:45.716   505   530 W WindowManager: 	at com.android.server.wm.WindowAnimator.executeAfterPrepareSurfacesRunnables(WindowAnimator.java:345)
07-13 16:53:45.716   505   530 W WindowManager: 	at com.android.server.wm.WindowAnimator.animate(WindowAnimator.java:226)
07-13 16:53:45.716   505   530 W WindowManager: 	at com.android.server.wm.WindowAnimator.lambda$new$1(WindowAnimator.java:106)
07-13 16:53:45.716   505   530 W WindowManager: 	at com.android.server.wm.WindowAnimator.$r8$lambda$fo2Nk5bb9hY3lvmHsTnTEwtZMbI(Unknown Source:0)
07-13 16:53:45.716   505   530 W WindowManager: 	at com.android.server.wm.WindowAnimator$$ExternalSyntheticLambda1.doFrame(Unknown Source:2)
07-13 16:53:45.716   505   530 W WindowManager: 	at android.view.Choreographer$CallbackRecord.run(Choreographer.java:1229)
07-13 16:53:45.716   505   530 W WindowManager: 	at android.view.Choreographer$CallbackRecord.run(Choreographer.java:1239)
07-13 16:53:45.716   505   530 W WindowManager: 	at android.view.Choreographer.doCallbacks(Choreographer.java:899)
07-13 16:53:45.716   505   530 W WindowManager: 	at android.view.Choreographer.doFrame(Choreographer.java:827)
07-13 16:53:45.716   505   530 W WindowManager: 	at android.view.Choreographer$FrameDisplayEventReceiver.run(Choreographer.java:1214)
07-13 16:53:45.716   505   530 W WindowManager: 	at android.os.Handler.handleCallback(Handler.java:942)
07-13 16:53:45.716   505   530 W WindowManager: 	at android.os.Handler.dispatchMessage(Handler.java:99)
07-13 16:53:45.716   505   530 W WindowManager: 	at android.os.Looper.loopOnce(Looper.java:201)
07-13 16:53:45.716   505   530 W WindowManager: 	at android.os.Looper.loop(Looper.java:288)
07-13 16:53:45.716   505   530 W WindowManager: 	at android.os.HandlerThread.run(HandlerThread.java:67)
07-13 16:53:45.716   505   530 W WindowManager: 	at com.android.server.ServiceThread.run(ServiceThread.java:44)
07-13 16:53:45.716  1248  1338 E OpenGLRenderer: Unable to match the desired swap behavior.
07-13 16:53:45.719   302  6525 I netd    : bandwidthRemoveInterfaceQuota(eth0) <0.33ms>
07-13 16:53:45.719   302  6525 I netd    : bandwidthSetInterfaceQuota(eth0, 9223372036854775807) <0.49ms>
07-13 16:53:45.724  1248  1338 E OpenGLRenderer: Unable to match the desired swap behavior.
07-13 16:53:45.729   344   384 W TransactionTracing: Could not find layer handle 0xb400007a05e7aa90
07-13 16:53:45.729   344   384 W TransactionTracing: Could not find layer handle 0xb400007a05e776d0
07-13 16:53:45.730   505   530 W WindowManager: Exception thrown during dispatchAppVisibility Window{d94ad96 u0 com.versenotes.app/com.versenotes.app.MainActivity EXITING}
07-13 16:53:45.730   505   530 W WindowManager: android.os.DeadObjectException
07-13 16:53:45.730   505   530 W WindowManager: 	at android.os.BinderProxy.transactNative(Native Method)
07-13 16:53:45.730   505   530 W WindowManager: 	at android.os.BinderProxy.transact(BinderProxy.java:584)
07-13 16:53:45.730   505   530 W WindowManager: 	at android.view.IWindow$Stub$Proxy.dispatchAppVisibility(IWindow.java:536)
07-13 16:53:45.730   505   530 W WindowManager: 	at com.android.server.wm.WindowState.sendAppVisibilityToClients(WindowState.java:3478)
07-13 16:53:45.730   505   530 W WindowManager: 	at com.android.server.wm.WindowContainer.sendAppVisibilityToClients(WindowContainer.java:1234)
07-13 16:53:45.730   505   530 W WindowManager: 	at com.android.server.wm.WindowToken.setClientVisible(WindowToken.java:392)
07-13 16:53:45.730   505   530 W WindowManager: 	at com.android.server.wm.ActivityRecord.setClientVisible(ActivityRecord.java:6825)
07-13 16:53:45.730   505   530 W WindowManager: 	at com.android.server.wm.ActivityRecord.onAnimationFinished(ActivityRecord.java:7647)
07-13 16:53:45.730   505   530 W WindowManager: 	at com.android.server.wm.ActivityRecord.postApplyAnimation(ActivityRecord.java:5508)
07-13 16:53:45.730   505   530 W WindowManager: 	at com.android.server.wm.ActivityRecord.commitVisibility(ActivityRecord.java:5468)
07-13 16:53:45.730   505   530 W WindowManager: 	at com.android.server.wm.ActivityRecord.commitVisibility(ActivityRecord.java:5472)
07-13 16:53:45.730   505   530 W WindowManager: 	at com.android.server.wm.AppTransitionController.handleClosingApps(AppTransitionController.java:1194)
07-13 16:53:45.730   505   530 W WindowManager: 	at com.android.server.wm.AppTransitionController.handleAppTransitionReady(AppTransitionController.java:304)
07-13 16:53:45.730   505   530 W WindowManager: 	at com.android.server.wm.RootWindowContainer.checkAppTransitionReady(RootWindowContainer.java:970)
07-13 16:53:45.730   505   530 W WindowManager: 	at com.android.server.wm.RootWindowContainer.performSurfacePlacementNoTrace(RootWindowContainer.java:834)
07-13 16:53:45.730   505   530 W WindowManager: 	at com.android.server.wm.RootWindowContainer.performSurfacePlacement(RootWindowContainer.java:777)
07-13 16:53:45.730   505   530 W WindowManager: 	at com.android.server.wm.WindowSurfacePlacer.performSurfacePlacementLoop(WindowSurfacePlacer.java:177)
07-13 16:53:45.730   505   530 W WindowManager: 	at com.android.server.wm.WindowSurfacePlacer.performSurfacePlacement(WindowSurfacePlacer.java:126)
07-13 16:53:45.730   505   530 W WindowManager: 	at com.android.server.wm.WindowSurfacePlacer.performSurfacePlacement(WindowSurfacePlacer.java:115)
07-13 16:53:45.730   505   530 W WindowManager: 	at com.android.server.wm.WindowSurfacePlacer$Traverser.run(WindowSurfacePlacer.java:57)
07-13 16:53:45.730   505   530 W WindowManager: 	at android.os.Handler.handleCallback(Handler.java:942)
07-13 16:53:45.730   505   530 W WindowManager: 	at android.os.Handler.dispatchMessage(Handler.java:99)
07-13 16:53:45.730   505   530 W WindowManager: 	at android.os.Looper.loopOnce(Looper.java:201)
07-13 16:53:45.730   505   530 W WindowManager: 	at android.os.Looper.loop(Looper.java:288)
07-13 16:53:45.730   505   530 W WindowManager: 	at android.os.HandlerThread.run(HandlerThread.java:67)
07-13 16:53:45.730   505   530 W WindowManager: 	at com.android.server.ServiceThread.run(ServiceThread.java:44)
07-13 16:53:45.730   505   530 I Process : Sending signal. PID: 11147 SIG: 9
07-13 16:53:45.736   505   529 W ActivityManager: setHasOverlayUi called on unknown pid: 11147
07-13 16:53:45.736  1248  1248 D AppInfoDashboard: Package change irrelevant, skipping
07-13 16:53:45.737  1248  1496 D ContextualSuggestFrag: Start loading suggestions
07-13 16:53:45.737  1248  3792 D ContextualSuggestFrag: Start loading suggestions
07-13 16:53:45.738   302  6525 I netd    : tetherGetStats() -> {[]} <0.16ms>
07-13 16:53:45.739  5667  9286 W MetricsFeatureProvider: Invalid suggestion ids!!! ids is null or empty. Please check. 
07-13 16:53:45.739   505  1150 W CpuPowerCalculator: UID 50174 CPU freq # mismatch: Power Profile # 2 actual # 8
07-13 16:53:45.739   505  1150 W CpuPowerCalculator: UID 50172 CPU freq # mismatch: Power Profile # 2 actual # 8
07-13 16:53:45.739   505  1150 W CpuPowerCalculator: UID 50171 CPU freq # mismatch: Power Profile # 2 actual # 8
07-13 16:53:45.739   505  1150 W CpuPowerCalculator: UID 50170 CPU freq # mismatch: Power Profile # 2 actual # 8
07-13 16:53:45.739   505  1150 W CpuPowerCalculator: UID 50169 CPU freq # mismatch: Power Profile # 2 actual # 8
07-13 16:53:45.739   505  1150 W CpuPowerCalculator: UID 50167 CPU freq # mismatch: Power Profile # 2 actual # 8
07-13 16:53:45.739   505  1150 W CpuPowerCalculator: UID 50164 CPU freq # mismatch: Power Profile # 2 actual # 8
07-13 16:53:45.739   505  1150 W CpuPowerCalculator: UID 50163 CPU freq # mismatch: Power Profile # 2 actual # 8
07-13 16:53:45.739   505  1150 W CpuPowerCalculator: UID 50161 CPU freq # mismatch: Power Profile # 2 actual # 8
07-13 16:53:45.739   505  1150 W CpuPowerCalculator: UID 50159 CPU freq # mismatch: Power Profile # 2 actual # 8
07-13 16:53:45.739   505  1150 W CpuPowerCalculator: UID 50158 CPU freq # mismatch: Power Profile # 2 actual # 8
07-13 16:53:45.739   505  1150 W CpuPowerCalculator: UID 50141 CPU freq # mismatch: Power Profile # 2 actual # 8
07-13 16:53:45.739   505  1150 W CpuPowerCalculator: UID 50138 CPU freq # mismatch: Power Profile # 2 actual # 8
07-13 16:53:45.739   505  1150 W CpuPowerCalculator: UID 50109 CPU freq # mismatch: Power Profile # 2 actual # 8
07-13 16:53:45.739   505  1150 W CpuPowerCalculator: UID 10174 CPU freq # mismatch: Power Profile # 2 actual # 8
07-13 16:53:45.739   505  1150 W CpuPowerCalculator: UID 10164 CPU freq # mismatch: Power Profile # 2 actual # 8
07-13 16:53:45.739   505  1150 W CpuPowerCalculator: UID 10163 CPU freq # mismatch: Power Profile # 2 actual # 8
07-13 16:53:45.739   505  1150 W CpuPowerCalculator: UID 10159 CPU freq # mismatch: Power Profile # 2 actual # 8
07-13 16:53:45.739   505  1150 W CpuPowerCalculator: UID 10158 CPU freq # mismatch: Power Profile # 2 actual # 8
07-13 16:53:45.739   505  1150 W CpuPowerCalculator: UID 10157 CPU freq # mismatch: Power Profile # 2 actual # 8
07-13 16:53:45.739   505  1150 W CpuPowerCalculator: UID 10155 CPU freq # mismatch: Power Profile # 2 actual # 8
07-13 16:53:45.739   505  1150 W CpuPowerCalculator: UID 10154 CPU freq # mismatch: Power Profile # 2 actual # 8
07-13 16:53:45.739   505  1150 W CpuPowerCalculator: UID 10152 CPU freq # mismatch: Power Profile # 2 actual # 8
07-13 16:53:45.739   505  1150 W CpuPowerCalculator: UID 10151 CPU freq # mismatch: Power Profile # 2 actual # 8
07-13 16:53:45.739   505  1150 W CpuPowerCalculator: UID 10150 CPU freq # mismatch: Power Profile # 2 actual # 8
07-13 16:53:45.739   505  1150 W CpuPowerCalculator: UID 10146 CPU freq # mismatch: Power Profile # 2 actual # 8
07-13 16:53:45.739   505  1150 W CpuPowerCalculator: UID 10145 CPU freq # mismatch: Power Profile # 2 actual # 8
07-13 16:53:45.739   505  1150 W CpuPowerCalculator: UID 10144 CPU freq # mismatch: Power Profile # 2 actual # 8
07-13 16:53:45.739   505  1150 W CpuPowerCalculator: UID 10143 CPU freq # mismatch: Power Profile # 2 actual # 8
07-13 16:53:45.739   505  1150 W CpuPowerCalculator: UID 10142 CPU freq # mismatch: Power Profile # 2 actual # 8
07-13 16:53:45.739   505  1150 W CpuPowerCalculator: UID 10141 CPU freq # mismatch: Power Profile # 2 actual # 8
07-13 16:53:45.739   505  1150 W CpuPowerCalculator: UID 10138 CPU freq # mismatch: Power Profile # 2 actual # 8
07-13 16:53:45.739   505  1150 W CpuPowerCalculator: UID 10136 CPU freq # mismatch: Power Profile # 2 actual # 8
07-13 16:53:45.739   505  1150 W CpuPowerCalculator: UID 10133 CPU freq # mismatch: Power Profile # 2 actual # 8
07-13 16:53:45.739   505  1150 W CpuPowerCalculator: UID 10131 CPU freq # mismatch: Power Profile # 2 actual # 8
07-13 16:53:45.739   505  1150 W CpuPowerCalculator: UID 10128 CPU freq # mismatch: Power Profile # 2 actual # 8
07-13 16:53:45.739   505  1150 W CpuPowerCalculator: UID 10127 CPU freq # mismatch: Power Profile # 2 actual # 8
07-13 16:53:45.739   505  1150 W CpuPowerCalculator: UID 10126 CPU freq # mismatch: Power Profile # 2 actual # 8
07-13 16:53:45.739   505  1150 W CpuPowerCalculator: UID 10125 CPU freq # mismatch: Power Profile # 2 actual # 8
07-13 16:53:45.739   505  1150 W CpuPowerCalculator: UID 10123 CPU freq # mismatch: Power Profile # 2 actual # 8
07-13 16:53:45.739   505  1150 W CpuPowerCalculator: UID 10120 CPU freq # mismatch: Power Profile # 2 actual # 8
07-13 16:53:45.739   505  1150 W CpuPowerCalculator: UID 10118 CPU freq # mismatch: Power Profile # 2 actual # 8
07-13 16:53:45.739   505  1150 W CpuPowerCalculator: UID 10117 CPU freq # mismatch: Power Profile # 2 actual # 8
07-13 16:53:45.739   505  1150 W CpuPowerCalculator: UID 10116 CPU freq # mismatch: Power Profile # 2 actual # 8
07-13 16:53:45.739   505  1150 W CpuPowerCalculator: UID 10115 CPU freq # mismatch: Power Profile # 2 actual # 8
07-13 16:53:45.739   505  1150 W CpuPowerCalculator: UID 10113 CPU freq # mismatch: Power Profile # 2 actual # 8
07-13 16:53:45.739   505  1150 W CpuPowerCalculator: UID 10112 CPU freq # mismatch: Power Profile # 2 actual # 8
07-13 16:53:45.739   505  1150 W CpuPowerCalculator: UID 10111 CPU freq # mismatch: Power Profile # 2 actual # 8
07-13 16:53:45.739   505  1150 W CpuPowerCalculator: UID 10110 CPU freq # mismatch: Power Profile # 2 actual # 8
07-13 16:53:45.739   505  1150 W CpuPowerCalculator: UID 10109 CPU freq # mismatch: Power Profile # 2 actual # 8
07-13 16:53:45.739   505  1150 W CpuPowerCalculator: UID 10108 CPU freq # mismatch: Power Profile # 2 actual # 8
07-13 16:53:45.739   505  1150 W CpuPowerCalculator: UID 10107 CPU freq # mismatch: Power Profile # 2 actual # 8
07-13 16:53:45.739   505  1150 W CpuPowerCalculator: UID 10106 CPU freq # mismatch: Power Profile # 2 actual # 8
07-13 16:53:45.739   505  1150 W CpuPowerCalculator: UID 10105 CPU freq # mismatch: Power Profile # 2 actual # 8
07-13 16:53:45.739   505  1150 W CpuPowerCalculator: UID 10104 CPU freq # mismatch: Power Profile # 2 actual # 8
07-13 16:53:45.739   505  1150 W CpuPowerCalculator: UID 10102 CPU freq # mismatch: Power Profile # 2 actual # 8
07-13 16:53:45.739   505  1150 W CpuPowerCalculator: UID 10100 CPU freq # mismatch: Power Profile # 2 actual # 8
07-13 16:53:45.739   505  1150 W CpuPowerCalculator: UID 10095 CPU freq # mismatch: Power Profile # 2 actual # 8
07-13 16:53:45.739   505  1150 W CpuPowerCalculator: UID 10094 CPU freq # mismatch: Power Profile # 2 actual # 8
07-13 16:53:45.739   505  1150 W CpuPowerCalculator: UID 10084 CPU freq # mismatch: Power Profile # 2 actual # 8
07-13 16:53:45.739   505  1150 W CpuPowerCalculator: UID 10079 CPU freq # mismatch: Power Profile # 2 actual # 8
07-13 16:53:45.739   505  1150 W CpuPowerCalculator: UID 10076 CPU freq # mismatch: Power Profile # 2 actual # 8
07-13 16:53:45.739   505  1150 W CpuPowerCalculator: UID 10075 CPU freq # mismatch: Power Profile # 2 actual # 8
07-13 16:53:45.739   505  1150 W CpuPowerCalculator: UID 10074 CPU freq # mismatch: Power Profile # 2 actual # 8
07-13 16:53:45.739   505  1150 W CpuPowerCalculator: UID 10073 CPU freq # mismatch: Power Profile # 2 actual # 8
07-13 16:53:45.739   505  1150 W CpuPowerCalculator: UID 10072 CPU freq # mismatch: Power Profile # 2 actual # 8
07-13 16:53:45.739   505  1150 W CpuPowerCalculator: UID 10070 CPU freq # mismatch: Power Profile # 2 actual # 8
07-13 16:53:45.739   505  1150 W CpuPowerCalculator: UID 9999 CPU freq # mismatch: Power Profile # 2 actual # 8
07-13 16:53:45.739   505  1150 W CpuPowerCalculator: UID 2000 CPU freq # mismatch: Power Profile # 2 actual # 8
07-13 16:53:45.739   505  1150 W CpuPowerCalculator: UID 1092 CPU freq # mismatch: Power Profile # 2 actual # 8
07-13 16:53:45.739   505  1150 W CpuPowerCalculator: UID 1073 CPU freq # mismatch: Power Profile # 2 actual # 8
07-13 16:53:45.739   505  1150 W CpuPowerCalculator: UID 1072 CPU freq # mismatch: Power Profile # 2 actual # 8
07-13 16:53:45.739   505  1150 W CpuPowerCalculator: UID 1069 CPU freq # mismatch: Power Profile # 2 actual # 8
07-13 16:53:45.739   505  1150 W CpuPowerCalculator: UID 1068 CPU freq # mismatch: Power Profile # 2 actual # 8
07-13 16:53:45.739   505  1150 W CpuPowerCalculator: UID 1067 CPU freq # mismatch: Power Profile # 2 actual # 8
07-13 16:53:45.739   505  1150 W CpuPowerCalculator: UID 1066 CPU freq # mismatch: Power Profile # 2 actual # 8
07-13 16:53:45.739   505  1150 W CpuPowerCalculator: UID 1058 CPU freq # mismatch: Power Profile # 2 actual # 8
07-13 16:53:45.739   505  1150 W CpuPowerCalculator: UID 1053 CPU freq # mismatch: Power Profile # 2 actual # 8
07-13 16:53:45.739   505  1150 W CpuPowerCalculator: UID 1047 CPU freq # mismatch: Power Profile # 2 actual # 8
07-13 16:53:45.739   505  1150 W CpuPowerCalculator: UID 1046 CPU freq # mismatch: Power Profile # 2 actual # 8
07-13 16:53:45.739   505  1150 W CpuPowerCalculator: UID 1041 CPU freq # mismatch: Power Profile # 2 actual # 8
07-13 16:53:45.739   505  1150 W CpuPowerCalculator: UID 1040 CPU freq # mismatch: Power Profile # 2 actual # 8
07-13 16:53:45.739   505  1150 W CpuPowerCalculator: UID 1036 CPU freq # mismatch: Power Profile # 2 actual # 8
07-13 16:53:45.739   505  1150 W CpuPowerCalculator: UID 1027 CPU freq # mismatch: Power Profile # 2 actual # 8
07-13 16:53:45.739   505  1150 W CpuPowerCalculator: UID 1021 CPU freq # mismatch: Power Profile # 2 actual # 8
07-13 16:53:45.739   505  1150 W CpuPowerCalculator: UID 1020 CPU freq # mismatch: Power Profile # 2 actual # 8
07-13 16:53:45.739   505  1150 W CpuPowerCalculator: UID 1019 CPU freq # mismatch: Power Profile # 2 actual # 8
07-13 16:53:45.739   505  1150 W CpuPowerCalculator: UID 1017 CPU freq # mismatch: Power Profile # 2 actual # 8
07-13 16:53:45.739   505  1150 W CpuPowerCalculator: UID 1013 CPU freq # mismatch: Power Profile # 2 actual # 8
07-13 16:53:45.739   505  1150 W CpuPowerCalculator: UID 1010 CPU freq # mismatch: Power Profile # 2 actual # 8
07-13 16:53:45.739   505  1150 W CpuPowerCalculator: UID 1003 CPU freq # mismatch: Power Profile # 2 actual # 8
07-13 16:53:45.739   505  1150 W CpuPowerCalculator: UID 1002 CPU freq # mismatch: Power Profile # 2 actual # 8
07-13 16:53:45.739   505  1150 W CpuPowerCalculator: UID 1001 CPU freq # mismatch: Power Profile # 2 actual # 8
07-13 16:53:45.739   505  1150 W CpuPowerCalculator: UID 1000 CPU freq # mismatch: Power Profile # 2 actual # 8
07-13 16:53:45.739   505  1150 W CpuPowerCalculator: UID 0 CPU freq # mismatch: Power Profile # 2 actual # 8
07-13 16:53:45.740  1248  3792 D ContextualSuggestFrag: Loaded suggests: 0
07-13 16:53:45.740  1248 11217 D BatteryInfo: time for getStats: 0ms
07-13 16:53:45.742  1248 11217 D BatteryInfo: time for regular BatteryInfo: 2ms
07-13 16:53:45.742  1248 11217 D BatteryInfo: time for getBatteryInfo: 0ms
07-13 16:53:45.742  1248  1248 D ActivityEmbeddingUtils: isFlagEnabled = true
07-13 16:53:45.743  1248  1248 D ActivityEmbeddingUtils: isSplitSupported = true
07-13 16:53:45.743  1248  1248 D ActivityEmbeddingUtils: isFlagEnabled = true
07-13 16:53:45.743  1248  1248 D ActivityEmbeddingUtils: isSplitSupported = true
07-13 16:53:45.743  1248  1248 D ActivityEmbeddingUtils: isFlagEnabled = true
07-13 16:53:45.743  1248  1248 D ActivityEmbeddingUtils: isSplitSupported = true
07-13 16:53:45.743  1248  1248 D ActivityEmbeddingUtils: isFlagEnabled = true
07-13 16:53:45.743  1248  1248 D ActivityEmbeddingUtils: isSplitSupported = true
07-13 16:53:45.743  1248  1248 D ActivityEmbeddingUtils: isFlagEnabled = true
07-13 16:53:45.743  1248  1248 D ActivityEmbeddingUtils: isSplitSupported = true
07-13 16:53:45.743  1248  1248 D ActivityEmbeddingUtils: isFlagEnabled = true
07-13 16:53:45.743  1248  1248 D ActivityEmbeddingUtils: isSplitSupported = true
07-13 16:53:45.743  5667  5681 W MetricsFeatureProvider: Invalid suggestion ids!!! ids is null or empty. Please check. 
07-13 16:53:45.743  1248  1496 D ContextualSuggestFrag: Loaded suggests: 0
07-13 16:53:45.745   344   344 E ClientCache: failed to get buffer, invalid process token
07-13 16:53:45.745   344   344 E BpTransactionCompletedListener: Failed to transact (-32)
07-13 16:53:45.746  1248  1248 D ActivityEmbeddingUtils: isFlagEnabled = true
07-13 16:53:45.746  1248  1248 D ActivityEmbeddingUtils: isSplitSupported = true
07-13 16:53:45.746  1248  1248 D ActivityEmbeddingUtils: isFlagEnabled = true
07-13 16:53:45.746  1248  1248 D ActivityEmbeddingUtils: isSplitSupported = true
07-13 16:53:45.746  1248  1248 D ActivityEmbeddingUtils: isFlagEnabled = true
07-13 16:53:45.746  1248  1248 D ActivityEmbeddingUtils: isSplitSupported = true
07-13 16:53:45.746  1248  1248 D ActivityEmbeddingUtils: isFlagEnabled = true
07-13 16:53:45.746  1248  1248 D ActivityEmbeddingUtils: isSplitSupported = true
07-13 16:53:45.746  1248  1248 D ActivityEmbeddingUtils: isFlagEnabled = true
07-13 16:53:45.746  1248  1248 D ActivityEmbeddingUtils: isSplitSupported = true
07-13 16:53:45.746  1248  1248 D ActivityEmbeddingUtils: isFlagEnabled = true
07-13 16:53:45.746  1248  1248 D ActivityEmbeddingUtils: isSplitSupported = true
07-13 16:53:45.746  1248  1248 D TopLevelSettings: Start waiting observers
07-13 16:53:45.747   344   384 W TransactionTracing: Could not find layer handle 0xb400007a05e7fe30
07-13 16:53:45.747   344   384 W TransactionTracing: Could not find layer handle 0xb400007a05e7edb0
07-13 16:53:45.747   344   384 W TransactionTracing: Could not find layer handle 0xb400007a05e772b0
07-13 16:53:45.747   344   384 W TransactionTracing: Could not find layer handle 0xb400007a05e7a370
07-13 16:53:45.747   344   384 W TransactionTracing: Could not find layer handle 0xb400007a05e7bc90
07-13 16:53:45.747   344   384 W TransactionTracing: Could not find layer handle 0xb400007a05e7fe30
07-13 16:53:45.747   344   384 W TransactionTracing: Could not find layer handle 0xb400007a05e772b0
07-13 16:53:45.750   833   896 D EGL_emulation: app_time_stats: avg=877.87ms min=14.11ms max=7767.04ms count=9
07-13 16:53:45.751  1248  1248 D TopLevelSettings: Stop waiting observers
07-13 16:53:45.752  1248  1248 D AppInfoDashboard: Package change irrelevant, skipping
07-13 16:53:45.752  1248  1248 D ContextualSuggestFrag: Remove suggestion
07-13 16:53:45.752  1248  1248 D ContextualSuggestFrag: Total loading time: 16 ms
07-13 16:53:45.752  1248  1248 D AppInfoDashboard: Package change irrelevant, skipping
07-13 16:53:45.752  1248  1248 D BatteryInfo: time for callback: 0ms
07-13 16:53:45.757  1248  1248 D ContextualSuggestFrag: Remove suggestion
07-13 16:53:45.757  1248  1248 D ContextualSuggestFrag: Total loading time: 20 ms
07-13 16:53:45.759  1576  1576 I GoogleInputMethodService: GoogleInputMethodService.onFinishInput():3227 
07-13 16:53:45.759  1576  1576 I GoogleInputMethodService: GoogleInputMethodService.updateDeviceLockedStatus():2087 repeatCheckTimes = 0, unlocked = true
07-13 16:53:45.759  1576  1576 I GoogleInputMethodService: GoogleInputMethodService.onStartInput():1877 onStartInput(EditorInfo{inputType=0x0(NULL) imeOptions=0x0 privateImeOptions=null actionName=UNSPECIFIED actionLabel=null actionId=0 initialSelStart=-1 initialSelEnd=-1 initialCapsMode=0x0 hintText=null label=null packageName=com.android.settings fieldId=-1 fieldName=null extras=null}, false)
07-13 16:53:45.759  1576  1576 I GoogleInputMethodService: GoogleInputMethodService.shouldHideHeaderOnInitialState():4008 ShouldHideHeaderOnInitialState = false
07-13 16:53:45.760  1576  1576 I GoogleInputMethodService: GoogleInputMethodService.updateDeviceLockedStatus():2087 repeatCheckTimes = 2, unlocked = true
07-13 16:53:45.764   302  6525 I netd    : tetherGetStats() -> {[]} <0.29ms>
07-13 16:53:45.767   505   832 D NetworkStatsObservers: Unregistering RequestInfo from pid/uid:505/1000(android) for DataUsageRequest [ requestId=17, networkTemplate=NetworkTemplate: matchRule=MOBILE, matchSubscriberIds=[310260...], matchWifiNetworkKeys=[], metered=YES, defaultNetwork=NO, thresholdInBytes=3364853 ] accessLevel:3
07-13 16:53:45.767   505   759 D NetworkStatsObservers: Registering observer for RequestInfo from pid/uid:505/1000(android) for DataUsageRequest [ requestId=18, networkTemplate=NetworkTemplate: matchRule=MOBILE, matchSubscriberIds=[310260...], matchWifiNetworkKeys=[], metered=YES, defaultNetwork=NO, thresholdInBytes=3361109 ] accessLevel:3
07-13 16:53:45.775   302  6525 I netd    : tetherGetStats() -> {[]} <0.21ms>
07-13 16:53:45.790  1248  1248 D AppInfoDashboard: Package change irrelevant, skipping
07-13 16:53:47.327  1248  1338 D EGL_emulation: app_time_stats: avg=178.51ms min=12.68ms max=1462.08ms count=9
07-13 16:53:47.330  1248  1338 D EGL_emulation: app_time_stats: avg=160.22ms min=9.05ms max=1465.65ms count=10
07-13 16:53:47.531 11071 11071 D BoundBrokerSvc: onUnbind: Intent { act=com.google.android.gms.safetynet.service.START pkg=com.google.android.gms }
07-13 16:54:00.004  1727  2148 I AiAiEcho: Predicting[0]: 
07-13 16:54:00.004  1727  2148 I AiAiEcho: Ranked targets strategy: SORT, count: 0, ranking metadata: 
07-13 16:54:00.005  1727  2148 I AiAiEcho: #postPredictionTargets: Sending updates to UISurface lockscreen with targets# 0
07-13 16:54:00.005  1727  2148 I AiAiEcho: #postPredictionTargets: Sending updates to UISurface home with targets# 0
07-13 16:54:00.042   833   896 D EGL_emulation: app_time_stats: avg=1587.99ms min=13.63ms max=14162.39ms count=9
07-13 16:54:02.507 11071 11071 D BoundBrokerSvc: onBind: Intent { act=com.google.android.gms.safetynet.service.START pkg=com.google.android.gms }
07-13 16:54:02.507 11071 11071 D BoundBrokerSvc: Loading bound service for intent: Intent { act=com.google.android.gms.safetynet.service.START pkg=com.google.android.gms }
07-13 16:54:05.211   833   896 D EGL_emulation: app_time_stats: avg=5169.18ms min=5169.18ms max=5169.18ms count=1
07-13 16:54:17.575 11071 11071 D BoundBrokerSvc: onUnbind: Intent { act=com.google.android.gms.safetynet.service.START pkg=com.google.android.gms }
07-13 16:54:28.962 11071 11114 I GMS_MM_Logger: Memory Metric Logging not allowed. Stopping.
07-13 16:54:32.519 11071 11071 D BoundBrokerSvc: onBind: Intent { act=com.google.android.gms.safetynet.service.START pkg=com.google.android.gms }
07-13 16:54:32.519 11071 11071 D BoundBrokerSvc: Loading bound service for intent: Intent { act=com.google.android.gms.safetynet.service.START pkg=com.google.android.gms }
07-13 16:54:45.732   505  3229 W BatteryExternalStatsWorker: error reading Bluetooth stats: 11
07-13 16:54:47.582 11071 11071 D BoundBrokerSvc: onUnbind: Intent { act=com.google.android.gms.safetynet.service.START pkg=com.google.android.gms }
07-13 16:54:53.717   326   326 E android.hardware.power.stats@1.0-service-mock: Failed to getEnergyData
07-13 16:54:53.914   505  3229 D WifiNl80211Manager: Scan result ready event
07-13 16:54:53.914   505  3229 D WifiNative: Scan result ready event
07-13 16:55:00.007  1727  2148 I AiAiEcho: Predicting[0]: 
07-13 16:55:00.007  1727  2148 I AiAiEcho: Ranked targets strategy: SORT, count: 0, ranking metadata: 
07-13 16:55:00.008  1727  2148 I AiAiEcho: #postPredictionTargets: Sending updates to UISurface lockscreen with targets# 0
07-13 16:55:00.008  1727  2148 I AiAiEcho: #postPredictionTargets: Sending updates to UISurface home with targets# 0
07-13 16:55:00.052   833   896 D EGL_emulation: app_time_stats: avg=54840.76ms min=54840.76ms max=54840.76ms count=1
07-13 16:55:02.522 11071 11071 D BoundBrokerSvc: onBind: Intent { act=com.google.android.gms.safetynet.service.START pkg=com.google.android.gms }
07-13 16:55:02.522 11071 11071 D BoundBrokerSvc: Loading bound service for intent: Intent { act=com.google.android.gms.safetynet.service.START pkg=com.google.android.gms }
07-13 16:55:17.586 11071 11071 D BoundBrokerSvc: onUnbind: Intent { act=com.google.android.gms.safetynet.service.START pkg=com.google.android.gms }
