07-13 17:41:09.256   505  4197 D CompatibilityChangeReporter: Compat change id reported: 266124927; UID 10070; state: DISABLED
07-13 17:41:09.256   505  4197 D CompatibilityChangeReporter: Compat change id reported: 265451093; UID 10070; state: DISABLED
07-13 17:41:09.256   505  4197 D CompatibilityChangeReporter: Compat change id reported: 265456536; UID 10070; state: DISABLED
07-13 17:41:09.256   505  4197 D CompatibilityChangeReporter: Compat change id reported: 255940284; UID 10070; state: DISABLED
07-13 17:41:09.256   505  4197 D CompatibilityChangeReporter: Compat change id reported: 236283604; UID 10070; state: DISABLED
07-13 17:41:09.256   505  4197 D CompatibilityChangeReporter: Compat change id reported: 263959004; UID 10070; state: DISABLED
07-13 17:41:09.256   505  4197 D CompatibilityChangeReporter: Compat change id reported: 264304459; UID 10070; state: DISABLED
07-13 17:41:09.256   505  4197 D CompatibilityChangeReporter: Compat change id reported: 264301586; UID 10070; state: DISABLED
07-13 17:41:09.256   505  4197 D CompatibilityChangeReporter: Compat change id reported: 254631730; UID 10070; state: DISABLED
07-13 17:41:09.256   505  4197 D CompatibilityChangeReporter: Compat change id reported: 273509367; UID 10070; state: DISABLED
07-13 17:41:09.256   505  4197 D CompatibilityChangeReporter: Compat change id reported: 263259275; UID 10070; state: DISABLED
07-13 17:41:09.258   505  4197 D CompatibilityChangeReporter: Compat change id reported: 194480991; UID 10070; state: ENABLED
07-13 17:41:09.259   505  4197 D CompatibilityChangeReporter: Compat change id reported: 174042980; UID 10070; state: DISABLED
07-13 17:41:09.259   505  4197 D CompatibilityChangeReporter: Compat change id reported: 184838306; UID 10070; state: DISABLED
07-13 17:41:09.259   505  4197 D CompatibilityChangeReporter: Compat change id reported: 185004937; UID 10070; state: DISABLED
07-13 17:41:09.259 11372 11417 D EGL_emulation: app_time_stats: avg=68.56ms min=12.76ms max=1279.23ms count=27
07-13 17:41:09.259   505  4197 D CompatibilityChangeReporter: Compat change id reported: 181136395; UID 10070; state: DISABLED
07-13 17:41:09.259   505  4197 D CompatibilityChangeReporter: Compat change id reported: 174042936; UID 10070; state: DISABLED
07-13 17:41:09.262   505  5056 D CompatibilityChangeReporter: Compat change id reported: 168419799; UID 10070; state: DISABLED
07-13 17:41:09.262   505  5056 D CompatibilityChangeReporter: Compat change id reported: 273564678; UID 10070; state: DISABLED
07-13 17:41:09.269 11536 12223 D libEGL  : loaded /vendor/lib64/egl/libEGL_emulation.so
07-13 17:41:09.274 11536 12223 D libEGL  : loaded /vendor/lib64/egl/libGLESv1_CM_emulation.so
07-13 17:41:09.275 11536 11536 D nativeloader: Configuring classloader-namespace-shared for other apk /system/priv-app/DownloadProviderUi/DownloadProviderUi.apk. target_sdk_version=33, uses_libraries=, library_path=/system/priv-app/DownloadProviderUi/lib/arm64:/system/lib64:/system_ext/lib64, permitted_path=/data:/mnt/expand:/data/user/0/com.android.providers.downloads.ui:/system/priv-app/DownloadProviderUi:/system/lib64:/system_ext/lib64
07-13 17:41:09.276 11536 12223 D libEGL  : loaded /vendor/lib64/egl/libGLESv2_emulation.so
07-13 17:41:09.280   344   384 W TransactionTracing: Could not find layer id -1
07-13 17:41:09.280   344   384 W TransactionTracing: Could not find layer id -1
07-13 17:41:09.281 11536 11536 D NetworkSecurityConfig: No Network Security Config specified, using platform default
07-13 17:41:09.286   505  1930 I ActivityTaskManager: START u0 {act=android.intent.action.VIEW dat=content://com.android.providers.downloads.documents/... typ=application/vnd.android.package-archive flg=0x3 cmp=com.google.android.packageinstaller/com.android.packageinstaller.InstallStart (has extras)} from uid 10070
07-13 17:41:09.294   505  5056 W ActivityTaskManager: Tried to set launchTime (0) < mLastActivityLaunchTime (3661571)
07-13 17:41:09.302   505  5056 I ActivityTaskManager: START u0 {act=android.intent.action.VIEW dat=content://com.android.providers.downloads.documents/... typ=application/vnd.android.package-archive flg=0x2000001 cmp=com.google.android.packageinstaller/com.android.packageinstaller.InstallStaging (has extras)} from uid 10079
07-13 17:41:09.305   505  1930 W ActivityTaskManager: Tried to set launchTime (0) < mLastActivityLaunchTime (4230611)
07-13 17:41:09.316 11919 11936 W Parcel  : Expecting binder but got null!
07-13 17:41:09.317   505  5056 D CoreBackPreview: Window{5d773aa u0 com.google.android.packageinstaller/com.android.packageinstaller.InstallStaging}: Setting back callback OnBackInvokedCallbackInfo{mCallback=android.window.IOnBackInvokedCallback$Stub$Proxy@a62cb38, mPriority=0}
07-13 17:41:09.320  1692  1720 I MediaProvider: Open with lower FS for /storage/emulated/0/Download/app-release.apk. Uid: 10070
07-13 17:41:09.334 11919 11936 E OpenGLRenderer: Unable to match the desired swap behavior.
07-13 17:41:09.346   344   384 W TransactionTracing: Could not find layer handle 0xb400007a05e78870
07-13 17:41:09.346   344   384 W TransactionTracing: Could not find layer handle 0xb400007a05e79170
07-13 17:41:09.347   505   526 I ActivityTaskManager: Displayed com.google.android.packageinstaller/com.android.packageinstaller.InstallStaging: +87ms
07-13 17:41:09.355 11372 11381 W oid.documentsui: Cleared Reference was only reachable from finalizer (only reported once)
07-13 17:41:09.364   833   896 D EGL_emulation: app_time_stats: avg=243.48ms min=8.72ms max=1831.97ms count=8
07-13 17:41:09.428   344   384 W TransactionTracing: Could not find layer id -1
07-13 17:41:09.428   344   384 W TransactionTracing: Could not find layer id -1
07-13 17:41:09.478   505   520 I ActivityTaskManager: START u0 {act=android.intent.action.VIEW dat=file:///... flg=0x2010001 cmp=com.google.android.packageinstaller/com.android.packageinstaller.DeleteStagedFileOnResult (has extras)} from uid 10079
07-13 17:41:09.481   505   906 W ActivityTaskManager: Tried to set launchTime (0) < mLastActivityLaunchTime (4230622)
07-13 17:41:09.484   505   906 I ActivityTaskManager: START u0 {act=android.intent.action.VIEW dat=file:///... flg=0x10000 cmp=com.google.android.packageinstaller/com.android.packageinstaller.PackageInstallerActivity (has extras)} from uid 10079
07-13 17:41:09.488 11919 11936 W Parcel  : Expecting binder but got null!
07-13 17:41:09.489   505   906 D CoreBackPreview: Window{9b82680 u0 com.google.android.packageinstaller/com.android.packageinstaller.DeleteStagedFileOnResult}: Setting back callback OnBackInvokedCallbackInfo{mCallback=android.window.IOnBackInvokedCallback$Stub$Proxy@48ce0fe, mPriority=0}
07-13 17:41:09.489   505  4197 W ActivityTaskManager: Tried to set launchTime (0) < mLastActivityLaunchTime (4230798)
07-13 17:41:09.497   344   384 W TransactionTracing: Could not find layer handle 0xb400007a05e7bdb0
07-13 17:41:09.497   344   384 W TransactionTracing: Could not find layer handle 0xb400007a05e762f0
07-13 17:41:09.497   344   384 W TransactionTracing: Could not find layer id -1
07-13 17:41:09.498 11919 11936 E OpenGLRenderer: Unable to match the desired swap behavior.
07-13 17:41:09.506 11919 11919 W PackageParser: Unknown element under <manifest>: queries at /data/user_de/0/com.google.android.packageinstaller/no_backup/package2759475735515366293.apk Binary XML file line #17
07-13 17:41:09.514 11919 11936 W Parcel  : Expecting binder but got null!
07-13 17:41:09.515   505   906 D CoreBackPreview: Window{fdfc375 u0 com.google.android.packageinstaller/com.android.packageinstaller.PackageInstallerActivity}: Setting back callback OnBackInvokedCallbackInfo{mCallback=android.window.IOnBackInvokedCallback$Stub$Proxy@c41a37b, mPriority=0}
07-13 17:41:09.518 11919 11936 E OpenGLRenderer: Unable to match the desired swap behavior.
07-13 17:41:09.526   505   526 I ActivityTaskManager: Displayed com.google.android.packageinstaller/com.android.packageinstaller.PackageInstallerActivity: +48ms
07-13 17:41:09.531   344   384 W TransactionTracing: Could not find layer handle 0xb400007a05e799b0
07-13 17:41:09.531   344   384 W TransactionTracing: Could not find layer handle 0xb400007a05e7f170
07-13 17:41:09.531   344   384 W TransactionTracing: Could not find layer id -1
07-13 17:41:09.531   344   384 W TransactionTracing: Could not find layer id -1
07-13 17:41:09.549   505   906 D CoreBackPreview: Window{5d773aa u0 com.google.android.packageinstaller/com.android.packageinstaller.InstallStaging}: Setting back callback null
07-13 17:41:09.549   505  4197 W InputManager-JNI: Input channel object '5d773aa com.google.android.packageinstaller/com.android.packageinstaller.InstallStaging (client)' was disposed without first being removed with the input manager!
07-13 17:41:09.564   344   384 W TransactionTracing: Could not find layer handle 0xb400007a05e7b9f0
07-13 17:41:09.564   344   384 W TransactionTracing: Could not find layer handle 0xb400007a05e77070
07-13 17:41:09.564   344   384 W TransactionTracing: Could not find layer handle 0xb400007a05e7b750
07-13 17:41:09.564   344   384 W TransactionTracing: Could not find layer handle 0xb400007a05e7e8d0
07-13 17:41:09.564   344   384 W TransactionTracing: Could not find layer handle 0xb400007a05e7b9f0
07-13 17:41:09.564   344   384 W TransactionTracing: Could not find layer handle 0xb400007a05e7b9f0
07-13 17:41:09.878   344   384 W TransactionTracing: Could not find layer id -1
07-13 17:41:09.878   344   384 W TransactionTracing: Could not find layer id -1
07-13 17:41:09.878   344   384 W TransactionTracing: Could not find layer id -1
07-13 17:41:09.878   344   384 W TransactionTracing: Could not find layer id -1
07-13 17:41:09.878   344   384 W TransactionTracing: Could not find layer id -1
07-13 17:41:09.878   344   384 W TransactionTracing: Could not find layer id -1
07-13 17:41:09.980   344   384 W TransactionTracing: Could not find layer id -1
07-13 17:41:10.112   344   384 W TransactionTracing: Could not find layer id -1
07-13 17:41:10.112   344   384 W TransactionTracing: Could not find layer id -1
07-13 17:41:11.133 11919 11936 D EGL_emulation: app_time_stats: avg=160.83ms min=8.17ms max=1470.21ms count=10
07-13 17:41:11.196   344   384 W TransactionTracing: Could not find layer id -1
07-13 17:41:11.196   344   384 W TransactionTracing: Could not find layer id -1
07-13 17:41:11.196   344   384 W TransactionTracing: Could not find layer id -1
07-13 17:41:11.196   344   384 W TransactionTracing: Could not find layer id -1
07-13 17:41:11.196   344   384 W TransactionTracing: Could not find layer id -1
07-13 17:41:11.329   344   384 W TransactionTracing: Could not find layer id -1
07-13 17:41:11.363  3315  4234 I PhenotypeProcessReaper: Memory state is: 100
07-13 17:41:12.474  1090  1090 D TaplEvents: TIS / TouchInteractionService.onInputEvent: MotionEvent { action=ACTION_DOWN, actionButton=0, id[0]=0, x[0]=1020.0509, y[0]=982.95996, toolType[0]=TOOL_TYPE_FINGER, buttonState=0, classification=NONE, metaState=0, flags=0x0, edgeFlags=0x0, pointerCount=1, historySize=0, eventTime=4233790, downTime=4233790, deviceId=3, source=0x5002, displayId=0, eventId=503593265 }
07-13 17:41:12.475 11919 11919 D AutofillManager: Fill dialog is enabled:false, hints=[password, passwordAuto, creditCardNumber, creditCardSecurityCode, creditCardExpirationDate]
07-13 17:41:12.553  1090  1090 D TaplEvents: TIS / TouchInteractionService.onInputEvent: MotionEvent { action=ACTION_UP, actionButton=0, id[0]=0, x[0]=1020.0509, y[0]=982.95996, toolType[0]=TOOL_TYPE_FINGER, buttonState=0, classification=NONE, metaState=0, flags=0x0, edgeFlags=0x0, pointerCount=1, historySize=0, eventTime=4233868, downTime=4233790, deviceId=3, source=0x5002, displayId=0, eventId=867604353 }
07-13 17:41:12.618 11919 11936 D EGL_emulation: app_time_stats: avg=87.04ms min=13.38ms max=1219.64ms count=17
07-13 17:41:12.664 11919 11936 D OpenGLRenderer: endAllActiveAnimators on 0xb40000728a19f1f0 (RippleDrawable) with handle 0xb40000719a1742d0
07-13 17:41:12.668 11372 12238 D ProvidersAccess: Matched roots: [Root{userId=0, authority=null, rootId=null, title=Recent, isUsb=false, isSd=false, isMtp=false} @ content:/root/null, Root{userId=0, authority=com.android.externalstorage.documents, rootId=primary, title=sdk_gphone64_arm64, isUsb=false, isSd=false, isMtp=false} @ content://com.android.externalstorage.documents/root/primary, Root{userId=0, authority=com.android.providers.downloads.documents, rootId=downloads, title=Downloads, isUsb=false, isSd=false, isMtp=false} @ content://com.android.providers.downloads.documents/root/downloads, Root{userId=0, authority=com.android.providers.media.documents, rootId=images_root, title=Images, isUsb=false, isSd=false, isMtp=false} @ content://com.android.providers.media.documents/root/images_root, Root{userId=0, authority=com.android.providers.media.documents, rootId=videos_root, title=Videos, isUsb=false, isSd=false, isMtp=false} @ content://com.android.providers.media.documents/root/videos_root, Root{userId=0, authority=com.android.providers.media.documents, rootId=audio_root, title=Audio, isUsb=false, isSd=false, isMtp=false} @ content://com.android.providers.media.documents/root/audio_root, Root{userId=0, authority=com.android.providers.media.documents, rootId=documents_root, title=Documents, isUsb=false, isSd=false, isMtp=false} @ content://com.android.providers.media.documents/root/documents_root]
07-13 17:41:12.674 11372 12242 I ProvidersCache: Provider returned no roots. Possibly naughty: com.google.android.apps.docs.storage
07-13 17:41:12.680 11372 12238 D ProvidersAccess: Matched roots: [Root{userId=0, authority=null, rootId=null, title=Recent, isUsb=false, isSd=false, isMtp=false} @ content:/root/null, Root{userId=0, authority=com.android.providers.media.documents, rootId=images_root, title=Images, isUsb=false, isSd=false, isMtp=false} @ content://com.android.providers.media.documents/root/images_root, Root{userId=0, authority=com.android.providers.media.documents, rootId=videos_root, title=Videos, isUsb=false, isSd=false, isMtp=false} @ content://com.android.providers.media.documents/root/videos_root, Root{userId=0, authority=com.android.providers.media.documents, rootId=audio_root, title=Audio, isUsb=false, isSd=false, isMtp=false} @ content://com.android.providers.media.documents/root/audio_root, Root{userId=0, authority=com.android.providers.media.documents, rootId=documents_root, title=Documents, isUsb=false, isSd=false, isMtp=false} @ content://com.android.providers.media.documents/root/documents_root, Root{userId=0, authority=com.android.providers.downloads.documents, rootId=downloads, title=Downloads, isUsb=false, isSd=false, isMtp=false} @ content://com.android.providers.downloads.documents/root/downloads, Root{userId=0, authority=com.android.externalstorage.documents, rootId=primary, title=sdk_gphone64_arm64, isUsb=false, isSd=false, isMtp=false} @ content://com.android.externalstorage.documents/root/primary]
07-13 17:41:12.680   344   384 W TransactionTracing: Could not find layer handle 0xb400007a05e78570
07-13 17:41:12.680   344   384 W TransactionTracing: Could not find layer handle 0xb400007a05e76ef0
07-13 17:41:12.683   833   896 D EGL_emulation: app_time_stats: avg=174.52ms min=12.82ms max=3002.88ms count=19
07-13 17:41:12.702  1576  1576 I GoogleInputMethodService: GoogleInputMethodService.onFinishInput():3227 
07-13 17:41:12.703 11372 11417 D EGL_emulation: app_time_stats: avg=64.97ms min=5.60ms max=2587.61ms count=53
07-13 17:41:12.703  1576  1576 I GoogleInputMethodService: GoogleInputMethodService.updateDeviceLockedStatus():2087 repeatCheckTimes = 0, unlocked = true
07-13 17:41:12.703  1576  1576 I GoogleInputMethodService: GoogleInputMethodService.onStartInput():1877 onStartInput(EditorInfo{inputType=0x0(NULL) imeOptions=0x0 privateImeOptions=null actionName=UNSPECIFIED actionLabel=null actionId=0 initialSelStart=-1 initialSelEnd=-1 initialCapsMode=0x0 hintText=null label=null packageName=com.google.android.documentsui fieldId=-1 fieldName=null extras=null}, false)
07-13 17:41:12.703  1576  1576 I GoogleInputMethodService: GoogleInputMethodService.shouldHideHeaderOnInitialState():4008 ShouldHideHeaderOnInitialState = false
07-13 17:41:12.704  1576  1576 I GoogleInputMethodService: GoogleInputMethodService.updateDeviceLockedStatus():2087 repeatCheckTimes = 2, unlocked = true
07-13 17:41:12.732   505  4197 D CoreBackPreview: Window{fdfc375 u0 com.google.android.packageinstaller/com.android.packageinstaller.PackageInstallerActivity}: Setting back callback null
07-13 17:41:12.732   505   906 W InputManager-JNI: Input channel object 'fdfc375 com.google.android.packageinstaller/com.android.packageinstaller.PackageInstallerActivity (client)' was disposed without first being removed with the input manager!
07-13 17:41:12.735   505  1930 D CoreBackPreview: Window{9b82680 u0 com.google.android.packageinstaller/com.android.packageinstaller.DeleteStagedFileOnResult}: Setting back callback null
07-13 17:41:12.736   505  1209 W InputManager-JNI: Input channel object '9b82680 com.google.android.packageinstaller/com.android.packageinstaller.DeleteStagedFileOnResult (client)' was disposed without first being removed with the input manager!
07-13 17:41:12.745   344   384 W TransactionTracing: Could not find layer handle 0xb400007a05e79bf0
07-13 17:41:12.745   344   384 W TransactionTracing: Could not find layer handle 0xb400007a05e7c6b0
07-13 17:41:12.745   344   384 W TransactionTracing: Could not find layer handle 0xb400007a05e77910
07-13 17:41:12.745   344   384 W TransactionTracing: Could not find layer handle 0xb400007a05e77d30
07-13 17:41:12.911   344   384 W TransactionTracing: Could not find layer handle 0xb400007a05e7c650
07-13 17:41:12.911   344   384 W TransactionTracing: Could not find layer handle 0xb400007a05e7e0f0
07-13 17:41:12.911   344   384 W TransactionTracing: Could not find layer handle 0xb400007a05e79770
07-13 17:41:12.912   344   384 W TransactionTracing: Could not find layer handle 0xb400007a05e79770
07-13 17:41:12.912   344   384 W TransactionTracing: Could not find layer handle 0xb400007a05e7c290
07-13 17:41:12.912   344   384 W TransactionTracing: Could not find layer handle 0xb400007a05e76c50
07-13 17:41:12.912   344   384 W TransactionTracing: Could not find layer handle 0xb400007a05e7e0f0
07-13 17:41:12.961   344   384 W TransactionTracing: Could not find layer handle 0xb400007a05e764d0
07-13 17:41:12.961   344   384 W TransactionTracing: Could not find layer handle 0xb400007a05e76050
07-13 17:41:12.961   344   384 W TransactionTracing: Could not find layer handle 0xb400007a05e76b90
07-13 17:41:12.991  1727  1727 I AiAiTextClassifier: onDestroyTextClassificationSession = TextClassificationSessionId {2d0d4e6d-9ae2-4f6a-b7f5-c7f5f9409b6a}
07-13 17:41:15.028   505   606 D ActivityManager: freezing 11388 com.google.android.partnersetup
07-13 17:41:15.582  1090  1090 D TaplEvents: TIS / TouchInteractionService.onInputEvent: MotionEvent { action=ACTION_DOWN, actionButton=0, id[0]=0, x[0]=435.0652, y[0]=552.9507, toolType[0]=TOOL_TYPE_FINGER, buttonState=0, classification=NONE, metaState=0, flags=0x0, edgeFlags=0x0, pointerCount=1, historySize=0, eventTime=4236897, downTime=4236897, deviceId=3, source=0x5002, displayId=0, eventId=315959350 }
07-13 17:41:15.713 11372 11417 D EGL_emulation: app_time_stats: avg=250.79ms min=14.17ms max=2833.21ms count=12
07-13 17:41:15.882  1090  1090 D TaplEvents: TIS / TouchInteractionService.onInputEvent: MotionEvent { action=ACTION_UP, actionButton=0, id[0]=0, x[0]=435.0652, y[0]=552.9507, toolType[0]=TOOL_TYPE_FINGER, buttonState=0, classification=NONE, metaState=0, flags=0x0, edgeFlags=0x0, pointerCount=1, historySize=0, eventTime=4237199, downTime=4236897, deviceId=3, source=0x5002, displayId=0, eventId=513717277 }
07-13 17:41:15.886   505  1930 I ActivityTaskManager: START u0 {act=android.provider.action.MANAGE_DOCUMENT dat=content://com.android.providers.downloads.documents/... cmp=com.android.providers.downloads.ui/.TrampolineActivity} from uid 10075
07-13 17:41:15.889   505  1930 W ActivityTaskManager: Tried to set launchTime (0) < mLastActivityLaunchTime (4230579)
07-13 17:41:15.891  1576  1576 I GoogleInputMethodService: GoogleInputMethodService.onKeyDown():2444 Received KEYCODE_BACK. isAllViewsInvisible=false
07-13 17:41:15.897   505   616 I InputDispatcher: Not sending touch event to 46741c4 com.google.android.documentsui/com.android.documentsui.files.FilesActivity because it is paused
07-13 17:41:15.897  1090  1090 D TaplEvents: TIS / TouchInteractionService.onInputEvent: MotionEvent { action=ACTION_DOWN, actionButton=0, id[0]=0, x[0]=435.0652, y[0]=552.9507, toolType[0]=TOOL_TYPE_FINGER, buttonState=0, classification=NONE, metaState=0, flags=0x0, edgeFlags=0x0, pointerCount=1, historySize=0, eventTime=4237213, downTime=4237213, deviceId=3, source=0x5002, displayId=0, eventId=293190589 }
07-13 17:41:15.900   505   906 I ActivityTaskManager: START u0 {act=android.intent.action.VIEW dat=content://com.android.providers.downloads.documents/... typ=application/vnd.android.package-archive flg=0x3 cmp=com.google.android.packageinstaller/com.android.packageinstaller.InstallStart (has extras)} from uid 10070
07-13 17:41:15.903   505  4197 W ActivityTaskManager: Tried to set launchTime (0) < mLastActivityLaunchTime (4230806)
07-13 17:41:15.906   505  1209 I ActivityTaskManager: START u0 {act=android.intent.action.VIEW dat=content://com.android.providers.downloads.documents/... typ=application/vnd.android.package-archive flg=0x2000001 cmp=com.google.android.packageinstaller/com.android.packageinstaller.InstallStaging (has extras)} from uid 10079
07-13 17:41:15.909   505   906 W ActivityTaskManager: Tried to set launchTime (0) < mLastActivityLaunchTime (4237220)
07-13 17:41:15.914 11372 11372 W VRI[FilesActivity]: Cancelling event (no window focus):KeyEvent { action=ACTION_UP, keyCode=KEYCODE_BACK, scanCode=158, metaState=0, flags=0x28, repeatCount=0, eventTime=4237228483518, downTime=4237206431000, deviceId=0, source=0x301, displayId=-1 }
07-13 17:41:15.914 11372 11372 W VRI[FilesActivity]: Cancelling event (no window focus):KeyEvent { action=ACTION_UP, keyCode=KEYCODE_BACK, scanCode=158, metaState=0, flags=0x28, repeatCount=0, eventTime=4237228483518, downTime=4237206431000, deviceId=0, source=0x301, displayId=-1 }
07-13 17:41:15.914 11372 11372 W VRI[FilesActivity]: Cancelling event (no window focus):KeyEvent { action=ACTION_UP, keyCode=KEYCODE_BACK, scanCode=158, metaState=0, flags=0x28, repeatCount=0, eventTime=4237228483518, downTime=4237206431000, deviceId=0, source=0x301, displayId=-1 }
07-13 17:41:15.914 11372 11372 W VRI[FilesActivity]: Cancelling event (no window focus):KeyEvent { action=ACTION_UP, keyCode=KEYCODE_BACK, scanCode=158, metaState=0, flags=0x28, repeatCount=0, eventTime=4237228483518, downTime=4237206431000, deviceId=0, source=0x301, displayId=-1 }
07-13 17:41:15.914 11372 11372 W VRI[FilesActivity]: Cancelling event (no window focus):KeyEvent { action=ACTION_UP, keyCode=KEYCODE_BACK, scanCode=158, metaState=0, flags=0x28, repeatCount=0, eventTime=4237228483518, downTime=4237206431000, deviceId=0, source=0x301, displayId=-1 }
07-13 17:41:15.914 11372 11372 W VRI[FilesActivity]: Cancelling event (no window focus):KeyEvent { action=ACTION_UP, keyCode=KEYCODE_BACK, scanCode=158, metaState=0, flags=0x28, repeatCount=0, eventTime=4237228483518, downTime=4237206431000, deviceId=0, source=0x301, displayId=-1 }
07-13 17:41:15.914 11919 11936 W Parcel  : Expecting binder but got null!
07-13 17:41:15.915   505  4197 D CoreBackPreview: Window{2437507 u0 com.google.android.packageinstaller/com.android.packageinstaller.InstallStaging}: Setting back callback OnBackInvokedCallbackInfo{mCallback=android.window.IOnBackInvokedCallback$Stub$Proxy@25b4c5d, mPriority=0}
07-13 17:41:15.917  1692  1724 I MediaProvider: Open with lower FS for /storage/emulated/0/Download/app-release.apk. Uid: 10070
07-13 17:41:15.933 11919 11936 E OpenGLRenderer: Unable to match the desired swap behavior.
07-13 17:41:15.942   505   526 I ActivityTaskManager: Displayed com.google.android.packageinstaller/com.android.packageinstaller.InstallStaging: +50ms
07-13 17:41:15.962   344   384 W TransactionTracing: Could not find layer id -1
07-13 17:41:15.964   833   896 D EGL_emulation: app_time_stats: avg=364.38ms min=13.63ms max=3148.31ms count=9
07-13 17:41:15.978   344   384 W TransactionTracing: Could not find layer handle 0xb400007a05e79770
07-13 17:41:15.987   505  1930 I ActivityTaskManager: START u0 {act=android.intent.action.VIEW dat=file:///... flg=0x2010001 cmp=com.google.android.packageinstaller/com.android.packageinstaller.DeleteStagedFileOnResult (has extras)} from uid 10079
07-13 17:41:15.990   505  4197 W ActivityTaskManager: Tried to set launchTime (0) < mLastActivityLaunchTime (4237226)
07-13 17:41:15.993   505  4197 I ActivityTaskManager: START u0 {act=android.intent.action.VIEW dat=file:///... flg=0x10000 cmp=com.google.android.packageinstaller/com.android.packageinstaller.PackageInstallerActivity (has extras)} from uid 10079
07-13 17:41:15.997 11919 11936 W Parcel  : Expecting binder but got null!
07-13 17:41:15.999   505  1930 D CoreBackPreview: Window{5d14285 u0 com.google.android.packageinstaller/com.android.packageinstaller.DeleteStagedFileOnResult}: Setting back callback OnBackInvokedCallbackInfo{mCallback=android.window.IOnBackInvokedCallback$Stub$Proxy@ade610b, mPriority=0}
07-13 17:41:15.999   505  4197 W ActivityTaskManager: Tried to set launchTime (0) < mLastActivityLaunchTime (4237307)
07-13 17:41:16.003 11919 11936 E OpenGLRenderer: Unable to match the desired swap behavior.
07-13 17:41:16.008 11919 11919 W PackageParser: Unknown element under <manifest>: queries at /data/user_de/0/com.google.android.packageinstaller/no_backup/package4298965770175013532.apk Binary XML file line #17
07-13 17:41:16.015 11919 11936 W Parcel  : Expecting binder but got null!
07-13 17:41:16.016   505  1930 D CoreBackPreview: Window{7e1d8a6 u0 com.google.android.packageinstaller/com.android.packageinstaller.PackageInstallerActivity}: Setting back callback OnBackInvokedCallbackInfo{mCallback=android.window.IOnBackInvokedCallback$Stub$Proxy@ddce94, mPriority=0}
07-13 17:41:16.020 11919 11936 E OpenGLRenderer: Unable to match the desired swap behavior.
07-13 17:41:16.024   505   526 I ActivityTaskManager: Displayed com.google.android.packageinstaller/com.android.packageinstaller.PackageInstallerActivity: +36ms
07-13 17:41:16.030   344   384 W TransactionTracing: Could not find layer handle 0xb400007a05e7c6b0
07-13 17:41:16.030   344   384 W TransactionTracing: Could not find layer handle 0xb400007a05e77610
07-13 17:41:16.030   344   384 W TransactionTracing: Could not find layer id -1
07-13 17:41:16.030   344   384 W TransactionTracing: Could not find layer id -1
07-13 17:41:16.034   505  4197 D CoreBackPreview: Window{2437507 u0 com.google.android.packageinstaller/com.android.packageinstaller.InstallStaging}: Setting back callback null
07-13 17:41:16.034   505  4197 W InputManager-JNI: Input channel object '2437507 com.google.android.packageinstaller/com.android.packageinstaller.InstallStaging (client)' was disposed without first being removed with the input manager!
07-13 17:41:16.048   344   384 W TransactionTracing: Could not find layer id -1
07-13 17:41:16.048   344   384 W TransactionTracing: Could not find layer id -1
07-13 17:41:16.048   344   384 W TransactionTracing: Could not find layer id -1
07-13 17:41:16.048   344   384 W TransactionTracing: Could not find layer id -1
07-13 17:41:16.048   344   384 W TransactionTracing: Could not find layer id -1
07-13 17:41:16.095   344   384 W TransactionTracing: Could not find layer id -1
07-13 17:41:16.095   344   384 W TransactionTracing: Could not find layer id -1
07-13 17:41:16.095   344   384 W TransactionTracing: Could not find layer id -1
07-13 17:41:16.095   344   384 W TransactionTracing: Could not find layer id -1
07-13 17:41:16.129   344   384 W TransactionTracing: Could not find layer id -1
07-13 17:41:16.129   344   384 W TransactionTracing: Could not find layer id -1
07-13 17:41:16.129   344   384 W TransactionTracing: Could not find layer id -1
07-13 17:41:16.129   344   384 W TransactionTracing: Could not find layer id -1
07-13 17:41:16.179   344   384 W TransactionTracing: Could not find layer handle 0xb400007a05e764d0
07-13 17:41:16.195   344   384 W TransactionTracing: Could not find layer handle 0xb400007a05e780f0
07-13 17:41:16.196   344   384 W TransactionTracing: Could not find layer handle 0xb400007a05e7a730
07-13 17:41:16.196   344   384 W TransactionTracing: Could not find layer handle 0xb400007a05e77670
07-13 17:41:16.199  1090  1090 D TaplEvents: TIS / TouchInteractionService.onInputEvent: MotionEvent { action=ACTION_UP, actionButton=0, id[0]=0, x[0]=435.0652, y[0]=552.9507, toolType[0]=TOOL_TYPE_FINGER, buttonState=0, classification=NONE, metaState=0, flags=0x0, edgeFlags=0x0, pointerCount=1, historySize=0, eventTime=4237515, downTime=4237213, deviceId=3, source=0x5002, displayId=0, eventId=75070293 }
07-13 17:41:16.214   344   384 W TransactionTracing: Could not find layer handle 0xb400007a05e79830
07-13 17:41:16.938   505   527 D AutofillManagerService: onBackKeyPressed()
07-13 17:41:17.629 11919 11936 D EGL_emulation: app_time_stats: avg=178.35ms min=11.04ms max=1481.86ms count=9
07-13 17:41:17.952  1090  1090 D TaplEvents: TIS / TouchInteractionService.onInputEvent: MotionEvent { action=ACTION_DOWN, actionButton=0, id[0]=0, x[0]=1016.0233, y[0]=976.9614, toolType[0]=TOOL_TYPE_FINGER, buttonState=0, classification=NONE, metaState=0, flags=0x0, edgeFlags=0x0, pointerCount=1, historySize=0, eventTime=4239268, downTime=4239268, deviceId=3, source=0x5002, displayId=0, eventId=6304585 }
07-13 17:41:17.953 11919 11919 D AutofillManager: Fill dialog is enabled:false, hints=[password, passwordAuto, creditCardNumber, creditCardSecurityCode, creditCardExpirationDate]
07-13 17:41:18.082  1090  1090 D TaplEvents: TIS / TouchInteractionService.onInputEvent: MotionEvent { action=ACTION_UP, actionButton=0, id[0]=0, x[0]=1016.0233, y[0]=976.9614, toolType[0]=TOOL_TYPE_FINGER, buttonState=0, classification=NONE, metaState=0, flags=0x0, edgeFlags=0x0, pointerCount=1, historySize=0, eventTime=4239397, downTime=4239268, deviceId=3, source=0x5002, displayId=0, eventId=109738219 }
07-13 17:41:18.117   341   469 D AudioFlinger: mixer(0xb400007417d729a0) throttle end: throttle time(35)
07-13 17:41:18.146 11919 11936 D OpenGLRenderer: endAllActiveAnimators on 0xb40000728a145cd0 (RippleDrawable) with handle 0xb40000719a17a1e0
07-13 17:41:18.155 11372 12258 D ProvidersAccess: Matched roots: [Root{userId=0, authority=null, rootId=null, title=Recent, isUsb=false, isSd=false, isMtp=false} @ content:/root/null, Root{userId=0, authority=com.android.providers.media.documents, rootId=images_root, title=Images, isUsb=false, isSd=false, isMtp=false} @ content://com.android.providers.media.documents/root/images_root, Root{userId=0, authority=com.android.providers.media.documents, rootId=videos_root, title=Videos, isUsb=false, isSd=false, isMtp=false} @ content://com.android.providers.media.documents/root/videos_root, Root{userId=0, authority=com.android.providers.media.documents, rootId=audio_root, title=Audio, isUsb=false, isSd=false, isMtp=false} @ content://com.android.providers.media.documents/root/audio_root, Root{userId=0, authority=com.android.providers.media.documents, rootId=documents_root, title=Documents, isUsb=false, isSd=false, isMtp=false} @ content://com.android.providers.media.documents/root/documents_root, Root{userId=0, authority=com.android.providers.downloads.documents, rootId=downloads, title=Downloads, isUsb=false, isSd=false, isMtp=false} @ content://com.android.providers.downloads.documents/root/downloads, Root{userId=0, authority=com.android.externalstorage.documents, rootId=primary, title=sdk_gphone64_arm64, isUsb=false, isSd=false, isMtp=false} @ content://com.android.externalstorage.documents/root/primary]
07-13 17:41:18.157 11372 12261 I ProvidersCache: Provider returned no roots. Possibly naughty: com.google.android.apps.docs.storage
07-13 17:41:18.162   344   384 W TransactionTracing: Could not find layer handle 0xb400007a05e61d70
07-13 17:41:18.163   344   384 W TransactionTracing: Could not find layer handle 0xb400007a05e7fe30
07-13 17:41:18.164   341   469 D AudioFlinger: mixer(0xb400007417d729a0) throttle end: throttle time(33)
07-13 17:41:18.164 11372 12258 D ProvidersAccess: Matched roots: [Root{userId=0, authority=null, rootId=null, title=Recent, isUsb=false, isSd=false, isMtp=false} @ content:/root/null, Root{userId=0, authority=com.android.providers.downloads.documents, rootId=downloads, title=Downloads, isUsb=false, isSd=false, isMtp=false} @ content://com.android.providers.downloads.documents/root/downloads, Root{userId=0, authority=com.android.providers.media.documents, rootId=images_root, title=Images, isUsb=false, isSd=false, isMtp=false} @ content://com.android.providers.media.documents/root/images_root, Root{userId=0, authority=com.android.providers.media.documents, rootId=videos_root, title=Videos, isUsb=false, isSd=false, isMtp=false} @ content://com.android.providers.media.documents/root/videos_root, Root{userId=0, authority=com.android.providers.media.documents, rootId=audio_root, title=Audio, isUsb=false, isSd=false, isMtp=false} @ content://com.android.providers.media.documents/root/audio_root, Root{userId=0, authority=com.android.providers.media.documents, rootId=documents_root, title=Documents, isUsb=false, isSd=false, isMtp=false} @ content://com.android.providers.media.documents/root/documents_root, Root{userId=0, authority=com.android.externalstorage.documents, rootId=primary, title=sdk_gphone64_arm64, isUsb=false, isSd=false, isMtp=false} @ content://com.android.externalstorage.documents/root/primary]
07-13 17:41:18.166   833   896 D EGL_emulation: app_time_stats: avg=157.14ms min=15.55ms max=1984.68ms count=14
07-13 17:41:18.185 11372 11417 D EGL_emulation: app_time_stats: avg=40.17ms min=0.80ms max=1621.20ms count=51
07-13 17:41:18.199  1576  1576 I GoogleInputMethodService: GoogleInputMethodService.onFinishInput():3227 
07-13 17:41:18.199  1576  1576 I GoogleInputMethodService: GoogleInputMethodService.updateDeviceLockedStatus():2087 repeatCheckTimes = 0, unlocked = true
07-13 17:41:18.199  1576  1576 I GoogleInputMethodService: GoogleInputMethodService.onStartInput():1877 onStartInput(EditorInfo{inputType=0x0(NULL) imeOptions=0x0 privateImeOptions=null actionName=UNSPECIFIED actionLabel=null actionId=0 initialSelStart=-1 initialSelEnd=-1 initialCapsMode=0x0 hintText=null label=null packageName=com.google.android.documentsui fieldId=-1 fieldName=null extras=null}, false)
07-13 17:41:18.199  1576  1576 I GoogleInputMethodService: GoogleInputMethodService.shouldHideHeaderOnInitialState():4008 ShouldHideHeaderOnInitialState = false
07-13 17:41:18.200  1576  1576 I GoogleInputMethodService: GoogleInputMethodService.updateDeviceLockedStatus():2087 repeatCheckTimes = 2, unlocked = true
07-13 17:41:18.232   505  4906 W InputManager-JNI: Input channel object '7e1d8a6 com.google.android.packageinstaller/com.android.packageinstaller.PackageInstallerActivity (client)' was disposed without first being removed with the input manager!
07-13 17:41:18.236   505   520 W WindowManager: Failed looking up window session=Session{43f0391 11919:u0a10079} callers=com.android.server.wm.WindowManagerService.windowForClientLocked:6050 com.android.server.wm.Session.setOnBackInvokedCallbackInfo:943 android.view.IWindowSession$Stub.onTransact:1180 
07-13 17:41:18.236   505   520 E WindowManager: setOnBackInvokedCallback(): No window state for package:com.google.android.packageinstaller
07-13 17:41:18.236   505   520 D CoreBackPreview: Window{5d14285 u0 com.google.android.packageinstaller/com.android.packageinstaller.DeleteStagedFileOnResult}: Setting back callback null
07-13 17:41:18.237   505  4906 W InputManager-JNI: Input channel object '5d14285 com.google.android.packageinstaller/com.android.packageinstaller.DeleteStagedFileOnResult (client)' was disposed without first being removed with the input manager!
07-13 17:41:18.245   344   384 W TransactionTracing: Could not find layer handle 0xb400007a05e79bf0
07-13 17:41:18.245   344   384 W TransactionTracing: Could not find layer handle 0xb400007a05e75630
07-13 17:41:18.245   344   384 W TransactionTracing: Could not find layer handle 0xb400007a05e77c10
07-13 17:41:18.246   344   384 W TransactionTracing: Could not find layer handle 0xb400007a05e75ff0
07-13 17:41:18.395   344   384 W TransactionTracing: Could not find layer handle 0xb400007a05e79950
07-13 17:41:18.395   344   384 W TransactionTracing: Could not find layer handle 0xb400007a05e76f50
07-13 17:41:18.413   344   384 W TransactionTracing: Could not find layer handle 0xb400007a05e7edb0
07-13 17:41:18.414   344   384 W TransactionTracing: Could not find layer handle 0xb400007a05e77d30
07-13 17:41:18.414   344   384 W TransactionTracing: Could not find layer handle 0xb400007a05e77f70
07-13 17:41:18.414   344   384 W TransactionTracing: Could not find layer handle 0xb400007a05e78690
07-13 17:41:18.414   344   384 W TransactionTracing: Could not find layer handle 0xb400007a05e7a130
07-13 17:41:18.414   344   384 W TransactionTracing: Could not find layer handle 0xb400007a05e7a130
07-13 17:41:18.414   344   384 W TransactionTracing: Could not find layer handle 0xb400007a05e78690
07-13 17:41:18.414   344   384 W TransactionTracing: Could not find layer handle 0xb400007a05e7edb0
07-13 17:41:18.581  5667  6103 I Process : Sending signal. PID: 5667 SIG: 9
07-13 17:41:18.582 11587 11613 I Process : Sending signal. PID: 11587 SIG: 9
07-13 17:41:18.593   505  4197 I ActivityManager: Process com.google.android.contacts (pid 11587) has died: cch+65 CEM 
07-13 17:41:18.593   303   303 I Zygote  : Process 11587 exited due to signal 9 (Killed)
07-13 17:41:18.594   505   541 I libprocessgroup: Successfully killed process cgroup uid 10126 pid 11587 in 0ms
07-13 17:41:18.594   505   768 D ConnectivityService: releasing NetworkRequest [ REQUEST id=208, [ Capabilities: INTERNET&NOT_RESTRICTED&TRUSTED&NOT_VCN_MANAGED Uid: 10126 RequestorUid: 10126 RequestorPkg: com.google.android.contacts UnderlyingNetworks: Null] ] (release request)
07-13 17:41:18.603   505  3940 I ActivityManager: Process com.google.android.settings.intelligence (pid 5667) has died: cch+40 CAC 
07-13 17:41:18.604   303   303 I Zygote  : Process 5667 exited due to signal 9 (Killed)
07-13 17:41:18.605   505   541 I libprocessgroup: Successfully killed process cgroup uid 10108 pid 5667 in 0ms
07-13 17:41:18.605   505   828 I WindowManager: WIN DEATH: Window{9c02d77 u0 com.google.android.settings.intelligence/com.google.android.settings.intelligence.modules.search.SearchActivity}
07-13 17:41:18.605   505   828 W InputManager-JNI: Input channel object '9c02d77 com.google.android.settings.intelligence/com.google.android.settings.intelligence.modules.search.SearchActivity (client)' was disposed without first being removed with the input manager!
07-13 17:41:18.606   505   529 W ActivityManager: setHasOverlayUi called on unknown pid: 5667
07-13 17:41:18.606   505   538 W UsageStatsService: Unexpected activity event reported! (com.google.android.settings.intelligence/com.google.android.settings.intelligence.modules.search.SearchActivity event : 23 instanceId : 216893338)
07-13 17:41:18.611   344   384 W TransactionTracing: Could not find layer handle 0xb400007a05e7ce30
07-13 17:41:18.620 10594 10635 W TimedProcessReaper: Memory state is: 400
07-13 17:41:18.620 10594 10635 W TimedProcessReaper: Killing process to refresh configuration
07-13 17:41:18.620 10594 10635 I Process : Sending signal. PID: 10594 SIG: 9
07-13 17:41:18.625   505  3940 I ActivityManager: Process com.google.android.apps.wellbeing (pid 10594) has died: cch+5 CEM 
07-13 17:41:18.625   303   303 I Zygote  : Process 10594 exited due to signal 9 (Killed)
07-13 17:41:18.625   505   541 I libprocessgroup: Successfully killed process cgroup uid 10107 pid 10594 in 0ms
07-13 17:41:18.625  1248  1248 I ActivityThread: Removing dead content provider:android.content.ContentProviderProxy@db2d269
07-13 17:41:18.645 10699 10744 I Process : Sending signal. PID: 10699 SIG: 9
07-13 17:41:18.649   505  1910 I ActivityManager: Process com.google.android.apps.photos (pid 10699) has died: cch+35 CEM 
07-13 17:41:18.649   505   768 D ConnectivityService: releasing NetworkRequest [ REQUEST id=188, [ Capabilities: INTERNET&NOT_RESTRICTED&TRUSTED&NOT_VCN_MANAGED Uid: 10145 RequestorUid: 10145 RequestorPkg: com.google.android.apps.photos UnderlyingNetworks: Null] ] (release request)
07-13 17:41:18.649   505   541 I libprocessgroup: Successfully killed process cgroup uid 10145 pid 10699 in 0ms
07-13 17:41:18.649   303   303 I Zygote  : Process 10699 exited due to signal 9 (Killed)
07-13 17:41:19.490  1090  1090 D TaplEvents: Main / Touch event: MotionEvent { action=ACTION_DOWN, actionButton=0, id[0]=0, x[0]=606.0663, y[0]=39.89795, toolType[0]=TOOL_TYPE_FINGER, buttonState=0, classification=NONE, metaState=0, flags=0x0, edgeFlags=0x0, pointerCount=1, historySize=0, eventTime=4240805, downTime=4240805, deviceId=3, source=0x5002, displayId=0, eventId=584321384 }
07-13 17:41:19.491  1090  1090 D TaplEvents: TIS / TouchInteractionService.onInputEvent: MotionEvent { action=ACTION_DOWN, actionButton=0, id[0]=0, x[0]=606.0663, y[0]=1821.898, toolType[0]=TOOL_TYPE_FINGER, buttonState=0, classification=NONE, metaState=0, flags=0x0, edgeFlags=0x0, pointerCount=1, historySize=0, eventTime=4240805, downTime=4240805, deviceId=3, source=0x5002, displayId=0, eventId=584321384 }
07-13 17:41:19.498  1090  1872 D EGL_emulation: app_time_stats: avg=380.14ms min=11.55ms max=11650.71ms count=32
07-13 17:41:19.568  1090  1090 D TaplEvents: Main / Touch event: MotionEvent { action=ACTION_UP, actionButton=0, id[0]=0, x[0]=606.0663, y[0]=39.89795, toolType[0]=TOOL_TYPE_FINGER, buttonState=0, classification=NONE, metaState=0, flags=0x0, edgeFlags=0x0, pointerCount=1, historySize=0, eventTime=4240884, downTime=4240805, deviceId=3, source=0x5002, displayId=0, eventId=748689792 }
07-13 17:41:19.568  1090  1090 D TaplEvents: TIS / TouchInteractionService.onInputEvent: MotionEvent { action=ACTION_UP, actionButton=0, id[0]=0, x[0]=606.0663, y[0]=1821.898, toolType[0]=TOOL_TYPE_FINGER, buttonState=0, classification=NONE, metaState=0, flags=0x0, edgeFlags=0x0, pointerCount=1, historySize=0, eventTime=4240884, downTime=4240805, deviceId=3, source=0x5002, displayId=0, eventId=748689792 }
07-13 17:41:19.579  1090  1090 D TaplEvents: Main / start: taskbarAppIcon
07-13 17:41:19.580   505  3940 I ActivityTaskManager: START u0 {act=android.intent.action.MAIN cat=[android.intent.category.LAUNCHER] flg=0x10200000 cmp=com.android.chrome/com.google.android.apps.chrome.Main} from uid 10150
07-13 17:41:19.602  1044  1371 D BtGatt.ScanManager: uid 10111 isForeground true scanMode -1
07-13 17:41:19.602  1044  1371 D BtGatt.ScanManager: uid 10111 isForeground true scanMode -1
07-13 17:41:19.606   505  3940 W BatteryExternalStatsWorker: error reading Bluetooth stats: 11
07-13 17:41:19.619   505  1906 D ConnectivityService: requestNetwork for uid/pid:10138/2933 activeRequest: null callbackRequest: 228 [NetworkRequest [ REQUEST id=229, [ Capabilities: INTERNET&NOT_RESTRICTED&TRUSTED&NOT_VCN_MANAGED Uid: 10138 RequestorUid: 10138 RequestorPkg: com.android.chrome UnderlyingNetworks: Null] ]] callback flags: 0 order: 2147483647
07-13 17:41:19.620   505  1910 D TelephonyManager: requestModemActivityInfo: Sending result to app: ModemActivityInfo{ mTimestamp=4240935 mSleepTimeMs=0 mIdleTimeMs=3906493 mActivityStatsTechSpecificInfo=[{mRat=UNKNOWN,mFrequencyRange=UNKNOWN,mTxTimeMs[]=[0, 0, 0, 0, 0],mRxTimeMs=0}]}
07-13 17:41:19.620   505   761 D WifiNetworkFactory: got request NetworkRequest [ REQUEST id=229, [ Capabilities: INTERNET&NOT_RESTRICTED&TRUSTED&NOT_VCN_MANAGED Uid: 10138 RequestorUid: 10138 RequestorPkg: com.android.chrome UnderlyingNetworks: Null] ]
07-13 17:41:19.620   505   761 D UntrustedWifiNetworkFactory: got request NetworkRequest [ REQUEST id=229, [ Capabilities: INTERNET&NOT_RESTRICTED&TRUSTED&NOT_VCN_MANAGED Uid: 10138 RequestorUid: 10138 RequestorPkg: com.android.chrome UnderlyingNetworks: Null] ]
07-13 17:41:19.620   505   761 D OemPaidWifiNetworkFactory: got request NetworkRequest [ REQUEST id=229, [ Capabilities: INTERNET&NOT_RESTRICTED&TRUSTED&NOT_VCN_MANAGED Uid: 10138 RequestorUid: 10138 RequestorPkg: com.android.chrome UnderlyingNetworks: Null] ]
07-13 17:41:19.620   505   761 D MultiInternetWifiNetworkFactory: got request NetworkRequest [ REQUEST id=229, [ Capabilities: INTERNET&NOT_RESTRICTED&TRUSTED&NOT_VCN_MANAGED Uid: 10138 RequestorUid: 10138 RequestorPkg: com.android.chrome UnderlyingNetworks: Null] ]
07-13 17:41:19.620   505   768 D ConnectivityService: NetReassign [229 : null  100] [c 0] [a 0] [i 1]
07-13 17:41:19.621   505   768 D ConnectivityService: NetReassign [no changes] [c 0] [a 1] [i 0]
07-13 17:41:19.622   505  1910 D ConnectivityService: requestNetwork for uid/pid:10138/2933 activeRequest: null callbackRequest: 231 [NetworkRequest [ REQUEST id=232, [ Capabilities: INTERNET&NOT_RESTRICTED&TRUSTED&NOT_VCN_MANAGED Uid: 10138 RequestorUid: 10138 RequestorPkg: com.android.chrome UnderlyingNetworks: Null] ]] callback flags: 0 order: 2147483647
07-13 17:41:19.622   505   768 D ConnectivityService: NetReassign [232 : null  100] [c 0] [a 1] [i 0]
07-13 17:41:19.622   505   761 D WifiNetworkFactory: got request NetworkRequest [ REQUEST id=232, [ Capabilities: INTERNET&NOT_RESTRICTED&TRUSTED&NOT_VCN_MANAGED Uid: 10138 RequestorUid: 10138 RequestorPkg: com.android.chrome UnderlyingNetworks: Null] ]
07-13 17:41:19.623   505   761 D UntrustedWifiNetworkFactory: got request NetworkRequest [ REQUEST id=232, [ Capabilities: INTERNET&NOT_RESTRICTED&TRUSTED&NOT_VCN_MANAGED Uid: 10138 RequestorUid: 10138 RequestorPkg: com.android.chrome UnderlyingNetworks: Null] ]
07-13 17:41:19.623   505   761 D OemPaidWifiNetworkFactory: got request NetworkRequest [ REQUEST id=232, [ Capabilities: INTERNET&NOT_RESTRICTED&TRUSTED&NOT_VCN_MANAGED Uid: 10138 RequestorUid: 10138 RequestorPkg: com.android.chrome UnderlyingNetworks: Null] ]
07-13 17:41:19.623   505   761 D MultiInternetWifiNetworkFactory: got request NetworkRequest [ REQUEST id=232, [ Capabilities: INTERNET&NOT_RESTRICTED&TRUSTED&NOT_VCN_MANAGED Uid: 10138 RequestorUid: 10138 RequestorPkg: com.android.chrome UnderlyingNetworks: Null] ]
07-13 17:41:19.629  2933 11870 W cr_PartnerCustomize: Partner homepage must be HTTP(S) or NewTabPage. Got invalid URL ""
07-13 17:41:19.630   505  1910 D CoreBackPreview: Window{b7ec313 u0 com.android.chrome/com.google.android.apps.chrome.Main}: Setting back callback OnBackInvokedCallbackInfo{mCallback=android.window.IOnBackInvokedCallback$Stub$Proxy@cd54568, mPriority=0}
07-13 17:41:19.633 11372 11417 D EGL_emulation: app_time_stats: avg=120.59ms min=13.85ms max=1269.18ms count=12
07-13 17:41:19.641  2933  2933 I cr_InactivityTracker: Last background time read from the SharedPreference is:1752445924472.
07-13 17:41:19.652  2933  2933 I cr_CompositorSurfaceMgr: surfaceCreated format: 0
07-13 17:41:19.652  2933  9317 E OpenGLRenderer: Unable to match the desired swap behavior.
07-13 17:41:19.654   302  6525 I netd    : tetherGetStats() -> {[]} <0.67ms>
07-13 17:41:19.666   833   896 D EGL_emulation: app_time_stats: avg=166.54ms min=14.17ms max=1368.08ms count=9
07-13 17:41:19.667  9938  9961 D EGL_emulation: eglCreateContext: 0xb40000720a12d910: maj 3 min 0 rcv 3
07-13 17:41:19.667   505   547 W CpuPowerCalculator: UID 50174 CPU freq # mismatch: Power Profile # 2 actual # 8
07-13 17:41:19.667   505   547 W CpuPowerCalculator: UID 50172 CPU freq # mismatch: Power Profile # 2 actual # 8
07-13 17:41:19.667   505   547 W CpuPowerCalculator: UID 50171 CPU freq # mismatch: Power Profile # 2 actual # 8
07-13 17:41:19.667   505   547 W CpuPowerCalculator: UID 50170 CPU freq # mismatch: Power Profile # 2 actual # 8
07-13 17:41:19.667   505   547 W CpuPowerCalculator: UID 50169 CPU freq # mismatch: Power Profile # 2 actual # 8
07-13 17:41:19.667   505   547 W CpuPowerCalculator: UID 50167 CPU freq # mismatch: Power Profile # 2 actual # 8
07-13 17:41:19.667   505   547 W CpuPowerCalculator: UID 50164 CPU freq # mismatch: Power Profile # 2 actual # 8
07-13 17:41:19.667   505   547 W CpuPowerCalculator: UID 50163 CPU freq # mismatch: Power Profile # 2 actual # 8
07-13 17:41:19.667   505   547 W CpuPowerCalculator: UID 50161 CPU freq # mismatch: Power Profile # 2 actual # 8
07-13 17:41:19.668   505   547 W CpuPowerCalculator: UID 50159 CPU freq # mismatch: Power Profile # 2 actual # 8
07-13 17:41:19.668   505   547 W CpuPowerCalculator: UID 50158 CPU freq # mismatch: Power Profile # 2 actual # 8
07-13 17:41:19.668   505   547 W CpuPowerCalculator: UID 50141 CPU freq # mismatch: Power Profile # 2 actual # 8
07-13 17:41:19.668   505   547 W CpuPowerCalculator: UID 50138 CPU freq # mismatch: Power Profile # 2 actual # 8
07-13 17:41:19.668   505   547 W CpuPowerCalculator: UID 50109 CPU freq # mismatch: Power Profile # 2 actual # 8
07-13 17:41:19.668   505   547 W CpuPowerCalculator: UID 10174 CPU freq # mismatch: Power Profile # 2 actual # 8
07-13 17:41:19.668   505   547 W CpuPowerCalculator: UID 10174 CPU freq # mismatch: Power Profile # 2 actual # 8
07-13 17:41:19.668   505   547 W CpuPowerCalculator: UID 10174 CPU freq # mismatch: Power Profile # 2 actual # 8
07-13 17:41:19.668   505   547 W CpuPowerCalculator: UID 10164 CPU freq # mismatch: Power Profile # 2 actual # 8
07-13 17:41:19.668   505   547 W CpuPowerCalculator: UID 10164 CPU freq # mismatch: Power Profile # 2 actual # 8
